ARM Linker, 5.03 [Build 76] [MDK-ARM Lite]

==============================================================================

Section Cross References

    startup_stm32f4xx.o(STACK) refers (Special) to heapauxi.o(.text) for __use_two_region_memory
    startup_stm32f4xx.o(HEAP) refers (Special) to heapauxi.o(.text) for __use_two_region_memory
    startup_stm32f4xx.o(RESET) refers (Special) to heapauxi.o(.text) for __use_two_region_memory
    startup_stm32f4xx.o(RESET) refers to startup_stm32f4xx.o(STACK) for __initial_sp
    startup_stm32f4xx.o(RESET) refers to startup_stm32f4xx.o(.text) for Reset_Handler
    startup_stm32f4xx.o(RESET) refers to luanvan3-05vs2.o(i.SysTick_Handler) for SysTick_Handler
    startup_stm32f4xx.o(RESET) refers to luanvan3-05vs2.o(i.DMA1_Stream2_IRQHandler) for DMA1_Stream2_IRQHandler
    startup_stm32f4xx.o(RESET) refers to peripheral05.o(i.DMA1_Stream4_IRQHandler) for DMA1_Stream4_IRQHandler
    startup_stm32f4xx.o(RESET) refers to peripheral05.o(i.EXTI9_5_IRQHandler) for EXTI9_5_IRQHandler
    startup_stm32f4xx.o(.text) refers (Special) to heapauxi.o(.text) for __use_two_region_memory
    startup_stm32f4xx.o(.text) refers to system_stm32f4xx.o(i.SystemInit) for SystemInit
    startup_stm32f4xx.o(.text) refers to __main.o(!!!main) for __main
    startup_stm32f4xx.o(.text) refers to startup_stm32f4xx.o(HEAP) for Heap_Mem
    startup_stm32f4xx.o(.text) refers to startup_stm32f4xx.o(STACK) for Stack_Mem
    system_stm32f4xx.o(i.SystemCoreClockUpdate) refers to system_stm32f4xx.o(.data) for .data
    system_stm32f4xx.o(i.SystemInit) refers to system_stm32f4xx.o(i.SetSysClock) for SetSysClock
    stm32f4xx_flash.o(i.FLASH_EraseAllSectors) refers to stm32f4xx_flash.o(i.FLASH_WaitForLastOperation) for FLASH_WaitForLastOperation
    stm32f4xx_flash.o(i.FLASH_EraseSector) refers to stm32f4xx_flash.o(i.FLASH_WaitForLastOperation) for FLASH_WaitForLastOperation
    stm32f4xx_flash.o(i.FLASH_OB_Launch) refers to stm32f4xx_flash.o(i.FLASH_WaitForLastOperation) for FLASH_WaitForLastOperation
    stm32f4xx_flash.o(i.FLASH_OB_RDPConfig) refers to stm32f4xx_flash.o(i.FLASH_WaitForLastOperation) for FLASH_WaitForLastOperation
    stm32f4xx_flash.o(i.FLASH_OB_UserConfig) refers to stm32f4xx_flash.o(i.FLASH_WaitForLastOperation) for FLASH_WaitForLastOperation
    stm32f4xx_flash.o(i.FLASH_OB_WRPConfig) refers to stm32f4xx_flash.o(i.FLASH_WaitForLastOperation) for FLASH_WaitForLastOperation
    stm32f4xx_flash.o(i.FLASH_ProgramByte) refers to stm32f4xx_flash.o(i.FLASH_WaitForLastOperation) for FLASH_WaitForLastOperation
    stm32f4xx_flash.o(i.FLASH_ProgramDoubleWord) refers to stm32f4xx_flash.o(i.FLASH_WaitForLastOperation) for FLASH_WaitForLastOperation
    stm32f4xx_flash.o(i.FLASH_ProgramHalfWord) refers to stm32f4xx_flash.o(i.FLASH_WaitForLastOperation) for FLASH_WaitForLastOperation
    stm32f4xx_flash.o(i.FLASH_ProgramWord) refers to stm32f4xx_flash.o(i.FLASH_WaitForLastOperation) for FLASH_WaitForLastOperation
    stm32f4xx_flash.o(i.FLASH_WaitForLastOperation) refers to stm32f4xx_flash.o(i.FLASH_GetStatus) for FLASH_GetStatus
    stm32f4xx_gpio.o(i.GPIO_DeInit) refers to stm32f4xx_rcc.o(i.RCC_AHB1PeriphResetCmd) for RCC_AHB1PeriphResetCmd
    stm32f4xx_rcc.o(i.RCC_GetClocksFreq) refers to stm32f4xx_rcc.o(.data) for .data
    stm32f4xx_rcc.o(i.RCC_WaitForHSEStartUp) refers to stm32f4xx_rcc.o(i.RCC_GetFlagStatus) for RCC_GetFlagStatus
    stm32f4xx_spi.o(i.SPI_I2S_DeInit) refers to stm32f4xx_rcc.o(i.RCC_APB2PeriphResetCmd) for RCC_APB2PeriphResetCmd
    stm32f4xx_spi.o(i.SPI_I2S_DeInit) refers to stm32f4xx_rcc.o(i.RCC_APB1PeriphResetCmd) for RCC_APB1PeriphResetCmd
    stm32f4xx_tim.o(i.TIM_DeInit) refers to stm32f4xx_rcc.o(i.RCC_APB2PeriphResetCmd) for RCC_APB2PeriphResetCmd
    stm32f4xx_tim.o(i.TIM_DeInit) refers to stm32f4xx_rcc.o(i.RCC_APB1PeriphResetCmd) for RCC_APB1PeriphResetCmd
    stm32f4xx_tim.o(i.TIM_ETRClockMode1Config) refers to stm32f4xx_tim.o(i.TIM_ETRConfig) for TIM_ETRConfig
    stm32f4xx_tim.o(i.TIM_ETRClockMode2Config) refers to stm32f4xx_tim.o(i.TIM_ETRConfig) for TIM_ETRConfig
    stm32f4xx_tim.o(i.TIM_ICInit) refers to stm32f4xx_tim.o(i.TIM_SetIC4Prescaler) for TIM_SetIC4Prescaler
    stm32f4xx_tim.o(i.TIM_ICInit) refers to stm32f4xx_tim.o(i.TI1_Config) for TI1_Config
    stm32f4xx_tim.o(i.TIM_ICInit) refers to stm32f4xx_tim.o(i.TIM_SetIC1Prescaler) for TIM_SetIC1Prescaler
    stm32f4xx_tim.o(i.TIM_ICInit) refers to stm32f4xx_tim.o(i.TI2_Config) for TI2_Config
    stm32f4xx_tim.o(i.TIM_ICInit) refers to stm32f4xx_tim.o(i.TIM_SetIC2Prescaler) for TIM_SetIC2Prescaler
    stm32f4xx_tim.o(i.TIM_ICInit) refers to stm32f4xx_tim.o(i.TIM_SetIC3Prescaler) for TIM_SetIC3Prescaler
    stm32f4xx_tim.o(i.TIM_ITRxExternalClockConfig) refers to stm32f4xx_tim.o(i.TIM_SelectInputTrigger) for TIM_SelectInputTrigger
    stm32f4xx_tim.o(i.TIM_PWMIConfig) refers to stm32f4xx_tim.o(i.TI2_Config) for TI2_Config
[...]
    .ARM.Collect$$libshutdown$$0000000F      0x08000222   Section        2  libshutdown2.o(.ARM.Collect$$libshutdown$$0000000F)
    .ARM.Collect$$rtentry$$00000000          0x08000224   Section        0  rtentry.o(.ARM.Collect$$rtentry$$00000000)
    .ARM.Collect$$rtentry$$00000002          0x08000224   Section        0  rtentry2.o(.ARM.Collect$$rtentry$$00000002)
    .ARM.Collect$$rtentry$$00000004          0x08000224   Section        6  rtentry4.o(.ARM.Collect$$rtentry$$00000004)
    .ARM.Collect$$rtentry$$00000009          0x0800022a   Section        0  rtentry2.o(.ARM.Collect$$rtentry$$00000009)
    .ARM.Collect$$rtentry$$0000000A          0x0800022a   Section        4  rtentry2.o(.ARM.Collect$$rtentry$$0000000A)
    .ARM.Collect$$rtentry$$0000000C          0x0800022e   Section        0  rtentry2.o(.ARM.Collect$$rtentry$$0000000C)
    .ARM.Collect$$rtentry$$0000000D          0x0800022e   Section        8  rtentry2.o(.ARM.Collect$$rtentry$$0000000D)
    .ARM.Collect$$rtexit$$00000000           0x08000236   Section        2  rtexit.o(.ARM.Collect$$rtexit$$00000000)
    .ARM.Collect$$rtexit$$00000002           0x08000238   Section        0  rtexit2.o(.ARM.Collect$$rtexit$$00000002)
    .ARM.Collect$$rtexit$$00000003           0x08000238   Section        4  rtexit2.o(.ARM.Collect$$rtexit$$00000003)
    .ARM.Collect$$rtexit$$00000004           0x0800023c   Section        6  rtexit2.o(.ARM.Collect$$rtexit$$00000004)
    .text                                    0x08000244   Section       64  startup_stm32f4xx.o(.text)
    $v0                                      0x08000244   Number         0  startup_stm32f4xx.o(.text)
    .text                                    0x08000284   Section       86  strncpy.o(.text)
    .text                                    0x080002da   Section        0  heapauxi.o(.text)
    .text                                    0x080002e0   Section        0  _rserrno.o(.text)
    .text                                    0x080002f8   Section        0  strtod.o(.text)
    _local_sscanf                            0x080002f9   Thumb Code    60  strtod.o(.text)
    .text                                    0x08000398   Section       68  rt_memclr.o(.text)
    .text                                    0x080003dc   Section        8  rt_errno_addr_intlibspace.o(.text)
    .text                                    0x080003e4   Section        0  isspace.o(.text)
    .text                                    0x080003f6   Section        0  _sgetc.o(.text)
    .text                                    0x08000436   Section       78  rt_memclr_w.o(.text)
    .text                                    0x08000484   Section        8  libspace.o(.text)
    .text                                    0x0800048c   Section       74  sys_stackheap_outer.o(.text)
    .text                                    0x080004d8   Section       16  rt_ctype_table.o(.text)
    .text                                    0x080004e8   Section        0  scanf_fp.o(.text)
    _fp_value                                0x080004e9   Thumb Code   504  scanf_fp.o(.text)
    .text                                    0x0800098c   Section        0  exit.o(.text)
    .text                                    0x08000998   Section      128  strcmpv7m.o(.text)
    .text                                    0x08000a18   Section        8  rt_locale_intlibspace.o(.text)
    .text                                    0x08000a20   Section        0  bigflt0.o(.text)
    .text                                    0x08000b04   Section        0  scanf_hexfp.o(.text)
    .text                                    0x08000e18   Section        0  scanf_infnan.o(.text)
    .text                                    0x08000f54   Section        0  sys_exit.o(.text)
    .text                                    0x08000f60   Section       38  llshl.o(.text)
    .text                                    0x08000f86   Section        0  _chval.o(.text)
    .text                                    0x08000fa2   Section        2  use_no_semi.o(.text)
    .text                                    0x08000fa4   Section        0  indicate_semi.o(.text)
    CL$$btod_div_common                      0x08000fa4   Section      824  btod.o(CL$$btod_div_common)
    CL$$btod_e2d                             0x080012dc   Section       84  btod.o(CL$$btod_e2d)
    CL$$btod_e2e                             0x08001330   Section      198  btod.o(CL$$btod_e2e)
    CL$$btod_ediv                            0x080013f6   Section       40  btod.o(CL$$btod_ediv)
    CL$$btod_edivd                           0x0800141e   Section       40  btod.o(CL$$btod_edivd)
    CL$$btod_emul                            0x08001446   Section       40  btod.o(CL$$btod_emul)
    CL$$btod_emuld                           0x0800146e   Section       40  btod.o(CL$$btod_emuld)
    CL$$btod_mult_common                     0x08001496   Section      580  btod.o(CL$$btod_mult_common)
    i.CRC_Cal                                0x080016dc   Section        0  peripheral05.o(i.CRC_Cal)
    i.Call_Pitch_PID                         0x08001708   Section        0  pid05.o(i.Call_Pitch_PID)
    i.Call_Roll_PID                          0x08001924   Section        0  pid05.o(i.Call_Roll_PID)
    i.Call_Yaw_PID                           0x08001b3c   Section        0  pid05.o(i.Call_Yaw_PID)
    i.DMA1_Stream2_IRQHandler                0x08001d54   Section        0  luanvan3-05vs2.o(i.DMA1_Stream2_IRQHandler)
    i.DMA1_Stream4_IRQHandler                0x08001d84   Section        0  peripheral05.o(i.DMA1_Stream4_IRQHandler)
    i.DMA_ClearFlag                          0x08001dac   Section        0  stm32f4xx_dma.o(i.DMA_ClearFlag)
    i.DMA_ClearITPendingBit                  0x08001dd8   Section        0  stm32f4xx_dma.o(i.DMA_ClearITPendingBit)
    i.DMA_Cmd                                0x08001e04   Section        0  stm32f4xx_dma.o(i.DMA_Cmd)
    i.DMA_DeInit                             0x08001e18   Section        0  stm32f4xx_dma.o(i.DMA_DeInit)
    i.DMA_GetITStatus                        0x08001f3c   Section        0  stm32f4xx_dma.o(i.DMA_GetITStatus)
    i.DMA_ITConfig                           0x08001f90   Section        0  stm32f4xx_dma.o(i.DMA_ITConfig)
    i.DMA_Init                               0x08001fc4   Section        0  stm32f4xx_dma.o(i.DMA_Init)
    i.DMA_SetCurrDataCounter                 0x08002018   Section        0  stm32f4xx_dma.o(i.DMA_SetCurrDataCounter)
    i.DMA_UART4_Configuration                0x0800201c   Section        0  peripheral05.o(i.DMA_UART4_Configuration)
    i.DMA_UART4_RX                           0x0800208c   Section        0  peripheral05.o(i.DMA_UART4_RX)
    i.DMA_USART2_Config                      0x080020fc   Section        0  peripheral05.o(i.DMA_USART2_Config)
    i.Delay_100ms                            0x08002164   Section        0  peripheral05.o(i.Delay_100ms)
    i.EXTI9_5_IRQHandler                     0x08002174   Section        0  peripheral05.o(i.EXTI9_5_IRQHandler)
    i.EXTI_FPGA_Pa8                          0x08002224   Section        0  peripheral05.o(i.EXTI_FPGA_Pa8)
    i.EXTI_GetITStatus                       0x08002268   Section        0  stm32f4xx_exti.o(i.EXTI_GetITStatus)
    i.EXTI_Init                              0x08002288   Section        0  stm32f4xx_exti.o(i.EXTI_Init)
    i.GPIO_Init                              0x080022f8   Section        0  stm32f4xx_gpio.o(i.GPIO_Init)
    i.GPIO_PinAFConfig                       0x0800239a   Section        0  stm32f4xx_gpio.o(i.GPIO_PinAFConfig)
    i.GPIO_ReadInputDataBit                  0x080023ba   Section        0  stm32f4xx_gpio.o(i.GPIO_ReadInputDataBit)
    i.GPIO_SetBits                           0x080023c8   Section        0  stm32f4xx_gpio.o(i.GPIO_SetBits)
    i.Gent_Pwm_Alt                           0x080023cc   Section        0  pid05.o(i.Gent_Pwm_Alt)
    i.Gent_Pwm_Pitch                         0x08002414   Section        0  pid05.o(i.Gent_Pwm_Pitch)
    i.Gent_Pwm_Roll                          0x0800245c   Section        0  pid05.o(i.Gent_Pwm_Roll)
    i.Gent_Pwm_Yaw                           0x080024a4   Section        0  pid05.o(i.Gent_Pwm_Yaw)
    i.Interrupt_uart4_rx                     0x080024ec   Section        0  peripheral05.o(i.Interrupt_uart4_rx)
    i.MyGPIO_Configuration                   0x08002514   Section        0  peripheral05.o(i.MyGPIO_Configuration)
    i.MyRCC_Configuration                    0x080025c0   Section        0  peripheral05.o(i.MyRCC_Configuration)
    i.MyTIM_PWM_Configuration                0x08002610   Section        0  peripheral05.o(i.MyTIM_PWM_Configuration)
    i.NVIC_Configuration                     0x08002728   Section        0  peripheral05.o(i.NVIC_Configuration)
    i.NVIC_Init                              0x08002750   Section        0  misc.o(i.NVIC_Init)
    i.NVIC_PriorityGroupConfig               0x080027b4   Section        0  misc.o(i.NVIC_PriorityGroupConfig)
    i.PID_Init                               0x080027c8   Section        0  pid05.o(i.PID_Init)
    i.RCC_AHB1PeriphClockCmd                 0x08002848   Section        0  stm32f4xx_rcc.o(i.RCC_AHB1PeriphClockCmd)
    i.RCC_AHB1PeriphResetCmd                 0x08002860   Section        0  stm32f4xx_rcc.o(i.RCC_AHB1PeriphResetCmd)
    i.RCC_APB1PeriphClockCmd                 0x08002878   Section        0  stm32f4xx_rcc.o(i.RCC_APB1PeriphClockCmd)
    i.RCC_APB2PeriphClockCmd                 0x08002890   Section        0  stm32f4xx_rcc.o(i.RCC_APB2PeriphClockCmd)
    i.RCC_GetClocksFreq                      0x080028a8   Section        0  stm32f4xx_rcc.o(i.RCC_GetClocksFreq)
    i.SPI_CalculateCRC                       0x0800293c   Section        0  stm32f4xx_spi.o(i.SPI_CalculateCRC)
    i.SPI_Cmd                                0x08002950   Section        0  stm32f4xx_spi.o(i.SPI_Cmd)
    i.SPI_Init                               0x08002964   Section        0  stm32f4xx_spi.o(i.SPI_Init)
    i.SYSCFG_EXTILineConfig                  0x0800299c   Section        0  stm32f4xx_syscfg.o(i.SYSCFG_EXTILineConfig)
    i.Sampling_GGA                           0x080029c4   Section        0  pid05.o(i.Sampling_GGA)
    i.Sampling_RPY                           0x08002b7c   Section        0  pid05.o(i.Sampling_RPY)
    i.Sampling_VTG                           0x08002e5c   Section        0  pid05.o(i.Sampling_VTG)
    i.SetSysClock                            0x08002eb4   Section        0  system_stm32f4xx.o(i.SetSysClock)
    SetSysClock                              0x08002eb5   Thumb Code   162  system_stm32f4xx.o(i.SetSysClock)
    i.SysTick_Handler                        0x08002f68   Section        0  luanvan3-05vs2.o(i.SysTick_Handler)
    i.SystemInit                             0x080030a0   Section        0  system_stm32f4xx.o(i.SystemInit)
    i.TIM_ARRPreloadConfig                   0x08003104   Section        0  stm32f4xx_tim.o(i.TIM_ARRPreloadConfig)
    i.TIM_Cmd                                0x08003118   Section        0  stm32f4xx_tim.o(i.TIM_Cmd)
    i.TIM_OC1Init                            0x0800312c   Section        0  stm32f4xx_tim.o(i.TIM_OC1Init)
    i.TIM_OC1PreloadConfig                   0x0800318c   Section        0  stm32f4xx_tim.o(i.TIM_OC1PreloadConfig)
    i.TIM_OC2Init                            0x08003198   Section        0  stm32f4xx_tim.o(i.TIM_OC2Init)
    i.TIM_OC2PreloadConfig                   0x08003218   Section        0  stm32f4xx_tim.o(i.TIM_OC2PreloadConfig)
    i.TIM_OC3Init                            0x0800322c   Section        0  stm32f4xx_tim.o(i.TIM_OC3Init)
    i.TIM_OC3PreloadConfig                   0x080032a8   Section        0  stm32f4xx_tim.o(i.TIM_OC3PreloadConfig)
    i.TIM_OC4Init                            0x080032b4   Section        0  stm32f4xx_tim.o(i.TIM_OC4Init)
    i.TIM_OC4PreloadConfig                   0x08003314   Section        0  stm32f4xx_tim.o(i.TIM_OC4PreloadConfig)
    i.TIM_TimeBaseInit                       0x08003328   Section        0  stm32f4xx_tim.o(i.TIM_TimeBaseInit)
    i.UART4_Configuration                    0x080033a4   Section        0  peripheral05.o(i.UART4_Configuration)
    i.USART2_Configuration                   0x080033d8   Section        0  peripheral05.o(i.USART2_Configuration)
    i.USART_Cmd                              0x0800340c   Section        0  stm32f4xx_usart.o(i.USART_Cmd)
    i.USART_DMACmd                           0x08003420   Section        0  stm32f4xx_usart.o(i.USART_DMACmd)
    i.USART_Init                             0x08003430   Section        0  stm32f4xx_usart.o(i.USART_Init)
    i.__ARM_fpclassify                       0x080034e8   Section        0  fpclassify.o(i.__ARM_fpclassify)
    i.__hardfp_atof                          0x08003518   Section        0  atof.o(i.__hardfp_atof)
    i.__hardfp_ldexp                         0x08003550   Section        0  ldexp.o(i.__hardfp_ldexp)
    i.__hardfp_pow                           0x08003638   Section        0  pow.o(i.__hardfp_pow)
    i.__kernel_poly                          0x080042c8   Section        0  poly.o(i.__kernel_poly)
    i.__mathlib_dbl_underflow                0x080043c0   Section        0  dunder.o(i.__mathlib_dbl_underflow)
    i.__mathlib_narrow                       0x080043e0   Section        0  narrow.o(i.__mathlib_narrow)
    i.__support_ldexp                        0x08004498   Section        0  ldexp.o(i.__support_ldexp)
    i._is_digit                              0x080044ac   Section        0  scanf_fp.o(i._is_digit)
    i.fabs                                   0x080044ba   Section        0  fabs.o(i.fabs)
    i.frexp                                  0x080044e0   Section        0  frexp.o(i.frexp)
    i.main                                   0x0800457c   Section        0  luanvan3-05vs2.o(i.main)
    i.power                                  0x08004668   Section        0  powersd05.o(i.power)
    i.sqrt                                   0x0800474c   Section        0  sqrt.o(i.sqrt)
    i.trituyetdoi                            0x080047ba   Section        0  pid05.o(i.trituyetdoi)
    i.xacnhan                                0x080047cc   Section        0  luanvan3-05vs2.o(i.xacnhan)
    locale$$code                             0x08004b6c   Section       44  lc_numeric_c.o(locale$$code)
    locale$$code                             0x08004b98   Section       44  lc_ctype_c.o(locale$$code)
    x$fpl$basic                              0x08004bc4   Section       24  basic.o(x$fpl$basic)
    $v0                                      0x08004bc4   Number         0  basic.o(x$fpl$basic)
    x$fpl$d2f                                0x08004bdc   Section       98  d2f.o(x$fpl$d2f)
    $v0                                      0x08004bdc   Number         0  d2f.o(x$fpl$d2f)
    x$fpl$dadd                               0x08004c40   Section      336  daddsub_clz.o(x$fpl$dadd)
    $v0                                      0x08004c40   Number         0  daddsub_clz.o(x$fpl$dadd)
    _dadd1                                   0x08004c51   Thumb Code     0  daddsub_clz.o(x$fpl$dadd)
    x$fpl$dcheck1                            0x08004d90   Section       16  dcheck1.o(x$fpl$dcheck1)
    $v0                                      0x08004d90   Number         0  dcheck1.o(x$fpl$dcheck1)
    x$fpl$dcmpinf                            0x08004da0   Section       24  dcmpi.o(x$fpl$dcmpinf)
    $v0                                      0x08004da0   Number         0  dcmpi.o(x$fpl$dcmpinf)
    x$fpl$ddiv                               0x08004db8   Section      688  ddiv.o(x$fpl$ddiv)
    $v0                                      0x08004db8   Number         0  ddiv.o(x$fpl$ddiv)
    ddiv_entry                               0x08004dbf   Thumb Code     0  ddiv.o(x$fpl$ddiv)
    x$fpl$deqf                               0x08005068   Section      120  deqf.o(x$fpl$deqf)
    $v0                                      0x08005068   Number         0  deqf.o(x$fpl$deqf)
    x$fpl$dflt                               0x080050e0   Section       46  dflt_clz.o(x$fpl$dflt)
    $v0                                      0x080050e0   Number         0  dflt_clz.o(x$fpl$dflt)
    x$fpl$dfltu                              0x0800510e   Section       38  dflt_clz.o(x$fpl$dfltu)
    $v0                                      0x0800510e   Number         0  dflt_clz.o(x$fpl$dfltu)
    x$fpl$dleqf                              0x08005134   Section      120  dleqf.o(x$fpl$dleqf)
    $v0                                      0x08005134   Number         0  dleqf.o(x$fpl$dleqf)
    x$fpl$dmul                               0x080051ac   Section      340  dmul.o(x$fpl$dmul)
    $v0                                      0x080051ac   Number         0  dmul.o(x$fpl$dmul)
    x$fpl$dnaninf                            0x08005300   Section      156  dnaninf.o(x$fpl$dnaninf)
    $v0                                      0x08005300   Number         0  dnaninf.o(x$fpl$dnaninf)
    x$fpl$dretinf                            0x0800539c   Section       12  dretinf.o(x$fpl$dretinf)
    $v0                                      0x0800539c   Number         0  dretinf.o(x$fpl$dretinf)
    x$fpl$drleqf                             0x080053a8   Section      108  drleqf.o(x$fpl$drleqf)
    $v0                                      0x080053a8   Number         0  drleqf.o(x$fpl$drleqf)
    x$fpl$drsb                               0x08005414   Section       22  daddsub_clz.o(x$fpl$drsb)
    $v0                                      0x08005414   Number         0  daddsub_clz.o(x$fpl$drsb)
    x$fpl$dsqrt                              0x0800542c   Section      408  dsqrt_umaal.o(x$fpl$dsqrt)
    $v0                                      0x0800542c   Number         0  dsqrt_umaal.o(x$fpl$dsqrt)
    x$fpl$dsub                               0x080055c4   Section      468  daddsub_clz.o(x$fpl$dsub)
    $v0                                      0x080055c4   Number         0  daddsub_clz.o(x$fpl$dsub)
    _dsub1                                   0x080055d5   Thumb Code     0  daddsub_clz.o(x$fpl$dsub)
    x$fpl$f2d                                0x08005798   Section       86  f2d.o(x$fpl$f2d)
    $v0                                      0x08005798   Number         0  f2d.o(x$fpl$f2d)
    x$fpl$fnaninf                            0x080057ee   Section      140  fnaninf.o(x$fpl$fnaninf)
    $v0                                      0x080057ee   Number         0  fnaninf.o(x$fpl$fnaninf)
    x$fpl$fpinit                             0x0800587a   Section       10  fpinit.o(x$fpl$fpinit)
    $v0                                      0x0800587a   Number         0  fpinit.o(x$fpl$fpinit)
    x$fpl$fretinf                            0x08005884   Section       10  fretinf.o(x$fpl$fretinf)
    $v0                                      0x08005884   Number         0  fretinf.o(x$fpl$fretinf)
    x$fpl$retnan                             0x0800588e   Section      100  retnan.o(x$fpl$retnan)
    $v0                                      0x0800588e   Number         0  retnan.o(x$fpl$retnan)
    x$fpl$scalbn                             0x080058f2   Section       92  scalbn.o(x$fpl$scalbn)
    $v0                                      0x080058f2   Number         0  scalbn.o(x$fpl$scalbn)
    x$fpl$scanf1                             0x0800594e   Section        4  scanf1.o(x$fpl$scanf1)
    $v0                                      0x0800594e   Number         0  scanf1.o(x$fpl$scanf1)
    x$fpl$scanf2                             0x08005952   Section        8  scanf2.o(x$fpl$scanf2)
    $v0                                      0x08005952   Number         0  scanf2.o(x$fpl$scanf2)
    x$fpl$trapveneer                         0x0800595a   Section       48  trapv.o(x$fpl$trapveneer)
    $v0                                      0x0800595a   Number         0  trapv.o(x$fpl$trapveneer)
    x$fpl$usenofp                            0x0800598a   Section        0  usenofp.o(x$fpl$usenofp)
    .constdata                               0x08005990   Section      136  pow.o(.constdata)
    bp                                       0x08005990   Data          16  pow.o(.constdata)
    dp_h                                     0x080059a0   Data          16  pow.o(.constdata)
    dp_l                                     0x080059b0   Data          16  pow.o(.constdata)
    L                                        0x080059c0   Data          48  pow.o(.constdata)
    P                                        0x080059f0   Data          40  pow.o(.constdata)
    .constdata                               0x08005a18   Section        8  qnan.o(.constdata)
    .constdata                               0x08005a20   Section      148  bigflt0.o(.constdata)
    tenpwrs_x                                0x08005a20   Data          60  bigflt0.o(.constdata)
    tenpwrs_i                                0x08005a5c   Data          64  bigflt0.o(.constdata)
    c$$dinf                                  0x08005ad4   Section        8  fpconst.o(c$$dinf)
    locale$$data                             0x08005adc   Section       28  lc_numeric_c.o(locale$$data)
    __lcnum_c_name                           0x08005ae0   Data           2  lc_numeric_c.o(locale$$data)
    __lcnum_c_start                          0x08005ae8   Data           0  lc_numeric_c.o(locale$$data)
    __lcnum_c_point                          0x08005af4   Data           0  lc_numeric_c.o(locale$$data)
    __lcnum_c_thousands                      0x08005af6   Data           0  lc_numeric_c.o(locale$$data)
    __lcnum_c_grouping                       0x08005af7   Data           0  lc_numeric_c.o(locale$$data)
    locale$$data                             0x08005af8   Section      272  lc_ctype_c.o(locale$$data)
    __lcnum_c_end                            0x08005af8   Data           0  lc_numeric_c.o(locale$$data)
    __lcctype_c_name                         0x08005afc   Data           2  lc_ctype_c.o(locale$$data)
    __lcctype_c_start                        0x08005b04   Data           0  lc_ctype_c.o(locale$$data)
    __lcctype_c_end                          0x08005c08   Data           0  lc_ctype_c.o(locale$$data)
    .data                                    0x20000000   Section       20  system_stm32f4xx.o(.data)
    .data                                    0x20000014   Section       16  stm32f4xx_rcc.o(.data)
    APBAHBPrescTable                         0x20000014   Data          16  stm32f4xx_rcc.o(.data)
    .data                                    0x20000024   Section       16  pid05.o(.data)
    Roll_set_previous                        0x20000024   Data           4  pid05.o(.data)
    Pitch_set_previous                       0x20000028   Data           4  pid05.o(.data)
    Alt_set_previous                         0x2000002c   Data           4  pid05.o(.data)
    Yaw_set_previous                         0x20000030   Data           4  pid05.o(.data)
    .data                                    0x20000034   Section       36  luanvan3-05vs2.o(.data)
    .bss                                     0x20000058   Section      448  pid05.o(.bss)
    .bss                                     0x20000218   Section      559  luanvan3-05vs2.o(.bss)
    .bss                                     0x20000448   Section       96  libspace.o(.bss)
    HEAP                                     0x200004a8   Section    12288  startup_stm32f4xx.o(HEAP)
    Heap_Mem                                 0x200004a8   Data       12288  startup_stm32f4xx.o(HEAP)
    STACK                                    0x200034a8   Section    24576  startup_stm32f4xx.o(STACK)
    Stack_Mem                                0x200034a8   Data       24576  startup_stm32f4xx.o(STACK)
    __initial_sp                             0x200094a8   Data           0  startup_stm32f4xx.o(STACK)

    Global Symbols

    Symbol Name                              Value     Ov Type        Size  Object(Section)

    BuildAttributes$$THM_ISAv4$E$P$D$K$B$S$7EM$VFPi3$EXTD16$VFPS$VFMA$PE$A:L22UL41UL21$X:L11$S22US41US21$IEEE1$IW$USESV6$~STKCKD$USESV7$~SHL$OTIME$ROPI$IEEEX$EBA8$UX$STANDARDLIB$REQ8$PRES8$EABIv2 0x00000000   Number         0  anon$$obj.o ABSOLUTE
    __ARM_use_no_argv                        0x00000000   Number         0  luanvan3-05vs2.o ABSOLUTE
    __ARM_exceptions_init                     - Undefined Weak Reference
    __alloca_initialize                       - Undefined Weak Reference
    __cpp_initialize__aeabi_                  - Undefined Weak Reference
    __cxa_finalize                            - Undefined Weak Reference
    __sigvec_lookup                           - Undefined Weak Reference
    _atexit_init                              - Undefined Weak Reference
    _call_atexit_fns                          - Undefined Weak Reference
    _clock_init                               - Undefined Weak Reference
    _fp_trap_init                             - Undefined Weak Reference
    _fp_trap_shutdown                         - Undefined Weak Reference
    _get_lc_collate                           - Undefined Weak Reference
    _get_lc_monetary                          - Undefined Weak Reference
    _get_lc_time                              - Undefined Weak Reference
    _getenv_init                              - Undefined Weak Reference
    _handle_redirection                       - Undefined Weak Reference
    _init_alloc                               - Undefined Weak Reference
    _init_user_alloc                          - Undefined Weak Reference
    _initio                                   - Undefined Weak Reference
    _rand_init                                - Undefined Weak Reference
    _signal_finish                            - Undefined Weak Reference
    _signal_init                              - Undefined Weak Reference
    _terminate_alloc                          - Undefined Weak Reference
    _terminate_user_alloc                     - Undefined Weak Reference
    _terminateio                              - Undefined Weak Reference
    __Vectors_Size                           0x00000188   Number         0  startup_stm32f4xx.o ABSOLUTE
    __Vectors                                0x08000000   Data           4  startup_stm32f4xx.o(RESET)
    __Vectors_End                            0x08000188   Data           0  startup_stm32f4xx.o(RESET)
    __main                                   0x08000189   Thumb Code     8  __main.o(!!!main)
    __scatterload                            0x08000191   Thumb Code     0  __scatter.o(!!!scatter)
    __scatterload_rt2                        0x08000191   Thumb Code    44  __scatter.o(!!!scatter)
    __scatterload_rt2_thumb_only             0x08000191   Thumb Code     0  __scatter.o(!!!scatter)
    __scatterload_null                       0x0800019f   Thumb Code     0  __scatter.o(!!!scatter)
    __scatterload_copy                       0x080001c5   Thumb Code    26  __scatter_copy.o(!!handler_copy)
    __scatterload_zeroinit                   0x080001e1   Thumb Code    28  __scatter_zi.o(!!handler_zi)
    __rt_lib_init                            0x080001fd   Thumb Code     0  libinit.o(.ARM.Collect$$libinit$$00000000)
    __rt_lib_init_fp_1                       0x080001ff   Thumb Code     0  libinit2.o(.ARM.Collect$$libinit$$00000001)
    __rt_lib_init_heap_1                     0x08000203   Thumb Code     0  libinit2.o(.ARM.Collect$$libinit$$00000008)
    __rt_lib_init_lc_common                  0x08000203   Thumb Code     0  libinit2.o(.ARM.Collect$$libinit$$0000000D)
    __rt_lib_init_rand_1                     0x08000203   Thumb Code     0  libinit2.o(.ARM.Collect$$libinit$$0000000C)
    __rt_lib_init_user_alloc_1               0x08000203   Thumb Code     0  libinit2.o(.ARM.Collect$$libinit$$0000000A)
    __rt_lib_init_lc_collate_1               0x08000209   Thumb Code     0  libinit2.o(.ARM.Collect$$libinit$$0000000F)
    __rt_lib_init_lc_ctype_2                 0x08000209   Thumb Code     0  libinit2.o(.ARM.Collect$$libinit$$00000010)
    __rt_lib_init_lc_ctype_1                 0x08000215   Thumb Code     0  libinit2.o(.ARM.Collect$$libinit$$00000011)
    __rt_lib_init_lc_monetary_1              0x08000215   Thumb Code     0  libinit2.o(.ARM.Collect$$libinit$$00000013)
    __rt_lib_init_lc_numeric_2               0x08000215   Thumb Code     0  libinit2.o(.ARM.Collect$$libinit$$00000014)
    __rt_lib_init_alloca_1                   0x0800021f   Thumb Code     0  libinit2.o(.ARM.Collect$$libinit$$0000002C)
    __rt_lib_init_argv_1                     0x0800021f   Thumb Code     0  libinit2.o(.ARM.Collect$$libinit$$0000002A)
    __rt_lib_init_atexit_1                   0x0800021f   Thumb Code     0  libinit2.o(.ARM.Collect$$libinit$$00000019)
    __rt_lib_init_clock_1                    0x0800021f   Thumb Code     0  libinit2.o(.ARM.Collect$$libinit$$0000001F)
    __rt_lib_init_cpp_1                      0x0800021f   Thumb Code     0  libinit2.o(.ARM.Collect$$libinit$$00000030)
    __rt_lib_init_exceptions_1               0x0800021f   Thumb Code     0  libinit2.o(.ARM.Collect$$libinit$$0000002E)
    __rt_lib_init_fp_trap_1                  0x0800021f   Thumb Code     0  libinit2.o(.ARM.Collect$$libinit$$0000001D)
    __rt_lib_init_getenv_1                   0x0800021f   Thumb Code     0  libinit2.o(.ARM.Collect$$libinit$$00000021)
    __rt_lib_init_lc_numeric_1               0x0800021f   Thumb Code     0  libinit2.o(.ARM.Collect$$libinit$$00000015)
    __rt_lib_init_lc_time_1                  0x0800021f   Thumb Code     0  libinit2.o(.ARM.Collect$$libinit$$00000017)
    __rt_lib_init_return                     0x0800021f   Thumb Code     0  libinit2.o(.ARM.Collect$$libinit$$00000031)
    __rt_lib_init_signal_1                   0x0800021f   Thumb Code     0  libinit2.o(.ARM.Collect$$libinit$$0000001B)
    __rt_lib_init_stdio_1                    0x0800021f   Thumb Code     0  libinit2.o(.ARM.Collect$$libinit$$00000023)
    __rt_lib_shutdown                        0x08000221   Thumb Code     0  libshutdown.o(.ARM.Collect$$libshutdown$$00000000)
    __rt_lib_shutdown_fp_trap_1              0x08000223   Thumb Code     0  libshutdown2.o(.ARM.Collect$$libshutdown$$00000006)
    __rt_lib_shutdown_heap_1                 0x08000223   Thumb Code     0  libshutdown2.o(.ARM.Collect$$libshutdown$$0000000E)
    __rt_lib_shutdown_return                 0x08000223   Thumb Code     0  libshutdown2.o(.ARM.Collect$$libshutdown$$0000000F)
    __rt_lib_shutdown_signal_1               0x08000223   Thumb Code     0  libshutdown2.o(.ARM.Collect$$libshutdown$$00000009)
    __rt_lib_shutdown_stdio_1                0x08000223   Thumb Code     0  libshutdown2.o(.ARM.Collect$$libshutdown$$00000003)
    __rt_lib_shutdown_user_alloc_1           0x08000223   Thumb Code     0  libshutdown2.o(.ARM.Collect$$libshutdown$$0000000B)
    __rt_entry                               0x08000225   Thumb Code     0  rtentry.o(.ARM.Collect$$rtentry$$00000000)
    __rt_entry_presh_1                       0x08000225   Thumb Code     0  rtentry2.o(.ARM.Collect$$rtentry$$00000002)
    __rt_entry_sh                            0x08000225   Thumb Code     0  rtentry4.o(.ARM.Collect$$rtentry$$00000004)
    __rt_entry_li                            0x0800022b   Thumb Code     0  rtentry2.o(.ARM.Collect$$rtentry$$0000000A)
    __rt_entry_postsh_1                      0x0800022b   Thumb Code     0  rtentry2.o(.ARM.Collect$$rtentry$$00000009)
    __rt_entry_main                          0x0800022f   Thumb Code     0  rtentry2.o(.ARM.Collect$$rtentry$$0000000D)
    __rt_entry_postli_1                      0x0800022f   Thumb Code     0  rtentry2.o(.ARM.Collect$$rtentry$$0000000C)
    __rt_exit                                0x08000237   Thumb Code     0  rtexit.o(.ARM.Collect$$rtexit$$00000000)
    __rt_exit_ls                             0x08000239   Thumb Code     0  rtexit2.o(.ARM.Collect$$rtexit$$00000003)
    __rt_exit_prels_1                        0x08000239   Thumb Code     0  rtexit2.o(.ARM.Collect$$rtexit$$00000002)
    __rt_exit_exit                           0x0800023d   Thumb Code     0  rtexit2.o(.ARM.Collect$$rtexit$$00000004)
    Reset_Handler                            0x08000245   Thumb Code     8  startup_stm32f4xx.o(.text)
    NMI_Handler                              0x0800024d   Thumb Code     2  startup_stm32f4xx.o(.text)
    HardFault_Handler                        0x0800024f   Thumb Code     2  startup_stm32f4xx.o(.text)
    MemManage_Handler                        0x08000251   Thumb Code     2  startup_stm32f4xx.o(.text)
    BusFault_Handler                         0x08000253   Thumb Code     2  startup_stm32f4xx.o(.text)
    UsageFault_Handler                       0x08000255   Thumb Code     2  startup_stm32f4xx.o(.text)
    SVC_Handler                              0x08000257   Thumb Code     2  startup_stm32f4xx.o(.text)
    DebugMon_Handler                         0x08000259   Thumb Code     2  startup_stm32f4xx.o(.text)
    PendSV_Handler                           0x0800025b   Thumb Code     2  startup_stm32f4xx.o(.text)
    ADC_IRQHandler                           0x0800025f   Thumb Code     0  startup_stm32f4xx.o(.text)
    CAN1_RX0_IRQHandler                      0x0800025f   Thumb Code     0  startup_stm32f4xx.o(.text)
    CAN1_RX1_IRQHandler                      0x0800025f   Thumb Code     0  startup_stm32f4xx.o(.text)
    CAN1_SCE_IRQHandler                      0x0800025f   Thumb Code     0  startup_stm32f4xx.o(.text)
    CAN1_TX_IRQHandler                       0x0800025f   Thumb Code     0  startup_stm32f4xx.o(.text)
    CAN2_RX0_IRQHandler                      0x0800025f   Thumb Code     0  startup_stm32f4xx.o(.text)
    CAN2_RX1_IRQHandler                      0x0800025f   Thumb Code     0  startup_stm32f4xx.o(.text)
    CAN2_SCE_IRQHandler                      0x0800025f   Thumb Code     0  startup_stm32f4xx.o(.text)
    CAN2_TX_IRQHandler                       0x0800025f   Thumb Code     0  startup_stm32f4xx.o(.text)
    CRYP_IRQHandler                          0x0800025f   Thumb Code     0  startup_stm32f4xx.o(.text)
    DCMI_IRQHandler                          0x0800025f   Thumb Code     0  startup_stm32f4xx.o(.text)
    DMA1_Stream0_IRQHandler                  0x0800025f   Thumb Code     0  startup_stm32f4xx.o(.text)
    DMA1_Stream1_IRQHandler                  0x0800025f   Thumb Code     0  startup_stm32f4xx.o(.text)
    DMA1_Stream3_IRQHandler                  0x0800025f   Thumb Code     0  startup_stm32f4xx.o(.text)
    DMA1_Stream5_IRQHandler                  0x0800025f   Thumb Code     0  startup_stm32f4xx.o(.text)
    DMA1_Stream6_IRQHandler                  0x0800025f   Thumb Code     0  startup_stm32f4xx.o(.text)
    DMA1_Stream7_IRQHandler                  0x0800025f   Thumb Code     0  startup_stm32f4xx.o(.text)
    DMA2_Stream0_IRQHandler                  0x0800025f   Thumb Code     0  startup_stm32f4xx.o(.text)
    DMA2_Stream1_IRQHandler                  0x0800025f   Thumb Code     0  startup_stm32f4xx.o(.text)
    DMA2_Stream2_IRQHandler                  0x0800025f   Thumb Code     0  startup_stm32f4xx.o(.text)
    DMA2_Stream3_IRQHandler                  0x0800025f   Thumb Code     0  startup_stm32f4xx.o(.text)
    DMA2_Stream4_IRQHandler                  0x0800025f   Thumb Code     0  startup_stm32f4xx.o(.text)
    DMA2_Stream5_IRQHandler                  0x0800025f   Thumb Code     0  startup_stm32f4xx.o(.text)
    DMA2_Stream6_IRQHandler                  0x0800025f   Thumb Code     0  startup_stm32f4xx.o(.text)
    DMA2_Stream7_IRQHandler                  0x0800025f   Thumb Code     0  startup_stm32f4xx.o(.text)
    ETH_IRQHandler                           0x0800025f   Thumb Code     0  startup_stm32f4xx.o(.text)
    ETH_WKUP_IRQHandler                      0x0800025f   Thumb Code     0  startup_stm32f4xx.o(.text)
    EXTI0_IRQHandler                         0x0800025f   Thumb Code     0  startup_stm32f4xx.o(.text)
    EXTI15_10_IRQHandler                     0x0800025f   Thumb Code     0  startup_stm32f4xx.o(.text)
    EXTI1_IRQHandler                         0x0800025f   Thumb Code     0  startup_stm32f4xx.o(.text)
    EXTI2_IRQHandler                         0x0800025f   Thumb Code     0  startup_stm32f4xx.o(.text)
    EXTI3_IRQHandler                         0x0800025f   Thumb Code     0  startup_stm32f4xx.o(.text)
    EXTI4_IRQHandler                         0x0800025f   Thumb Code     0  startup_stm32f4xx.o(.text)
    FLASH_IRQHandler                         0x0800025f   Thumb Code     0  startup_stm32f4xx.o(.text)
    FPU_IRQHandler                           0x0800025f   Thumb Code     0  startup_stm32f4xx.o(.text)
    FSMC_IRQHandler                          0x0800025f   Thumb Code     0  startup_stm32f4xx.o(.text)
    HASH_RNG_IRQHandler                      0x0800025f   Thumb Code     0  startup_stm32f4xx.o(.text)
    I2C1_ER_IRQHandler                       0x0800025f   Thumb Code     0  startup_stm32f4xx.o(.text)
    I2C1_EV_IRQHandler                       0x0800025f   Thumb Code     0  startup_stm32f4xx.o(.text)
    I2C2_ER_IRQHandler                       0x0800025f   Thumb Code     0  startup_stm32f4xx.o(.text)
    I2C2_EV_IRQHandler                       0x0800025f   Thumb Code     0  startup_stm32f4xx.o(.text)
    I2C3_ER_IRQHandler                       0x0800025f   Thumb Code     0  startup_stm32f4xx.o(.text)
    I2C3_EV_IRQHandler                       0x0800025f   Thumb Code     0  startup_stm32f4xx.o(.text)
    OTG_FS_IRQHandler                        0x0800025f   Thumb Code     0  startup_stm32f4xx.o(.text)
    OTG_FS_WKUP_IRQHandler                   0x0800025f   Thumb Code     0  startup_stm32f4xx.o(.text)
    OTG_HS_EP1_IN_IRQHandler                 0x0800025f   Thumb Code     0  startup_stm32f4xx.o(.text)
    OTG_HS_EP1_OUT_IRQHandler                0x0800025f   Thumb Code     0  startup_stm32f4xx.o(.text)
    OTG_HS_IRQHandler                        0x0800025f   Thumb Code     0  startup_stm32f4xx.o(.text)
    OTG_HS_WKUP_IRQHandler                   0x0800025f   Thumb Code     0  startup_stm32f4xx.o(.text)
    PVD_IRQHandler                           0x0800025f   Thumb Code     0  startup_stm32f4xx.o(.text)
    RCC_IRQHandler                           0x0800025f   Thumb Code     0  startup_stm32f4xx.o(.text)
    RTC_Alarm_IRQHandler                     0x0800025f   Thumb Code     0  startup_stm32f4xx.o(.text)
    RTC_WKUP_IRQHandler                      0x0800025f   Thumb Code     0  startup_stm32f4xx.o(.text)
    SDIO_IRQHandler                          0x0800025f   Thumb Code     0  startup_stm32f4xx.o(.text)
    SPI1_IRQHandler                          0x0800025f   Thumb Code     0  startup_stm32f4xx.o(.text)
    SPI2_IRQHandler                          0x0800025f   Thumb Code     0  startup_stm32f4xx.o(.text)
    SPI3_IRQHandler                          0x0800025f   Thumb Code     0  startup_stm32f4xx.o(.text)
    TAMP_STAMP_IRQHandler                    0x0800025f   Thumb Code     0  startup_stm32f4xx.o(.text)
    TIM1_BRK_TIM9_IRQHandler                 0x0800025f   Thumb Code     0  startup_stm32f4xx.o(.text)
    TIM1_CC_IRQHandler                       0x0800025f   Thumb Code     0  startup_stm32f4xx.o(.text)
    TIM1_TRG_COM_TIM11_IRQHandler            0x0800025f   Thumb Code     0  startup_stm32f4xx.o(.text)
    TIM1_UP_TIM10_IRQHandler                 0x0800025f   Thumb Code     0  startup_stm32f4xx.o(.text)
    TIM2_IRQHandler                          0x0800025f   Thumb Code     0  startup_stm32f4xx.o(.text)
    TIM3_IRQHandler                          0x0800025f   Thumb Code     0  startup_stm32f4xx.o(.text)
    TIM4_IRQHandler                          0x0800025f   Thumb Code     0  startup_stm32f4xx.o(.text)
    TIM5_IRQHandler                          0x0800025f   Thumb Code     0  startup_stm32f4xx.o(.text)
    TIM6_DAC_IRQHandler                      0x0800025f   Thumb Code     0  startup_stm32f4xx.o(.text)
    TIM7_IRQHandler                          0x0800025f   Thumb Code     0  startup_stm32f4xx.o(.text)
    TIM8_BRK_TIM12_IRQHandler                0x0800025f   Thumb Code     0  startup_stm32f4xx.o(.text)
    TIM8_CC_IRQHandler                       0x0800025f   Thumb Code     0  startup_stm32f4xx.o(.text)
    TIM8_TRG_COM_TIM14_IRQHandler            0x0800025f   Thumb Code     0  startup_stm32f4xx.o(.text)
    TIM8_UP_TIM13_IRQHandler                 0x0800025f   Thumb Code     0  startup_stm32f4xx.o(.text)
    UART4_IRQHandler                         0x0800025f   Thumb Code     0  startup_stm32f4xx.o(.text)
    UART5_IRQHandler                         0x0800025f   Thumb Code     0  startup_stm32f4xx.o(.text)
    USART1_IRQHandler                        0x0800025f   Thumb Code     0  startup_stm32f4xx.o(.text)
    USART2_IRQHandler                        0x0800025f   Thumb Code     0  startup_stm32f4xx.o(.text)
    USART3_IRQHandler                        0x0800025f   Thumb Code     0  startup_stm32f4xx.o(.text)
    USART6_IRQHandler                        0x0800025f   Thumb Code     0  startup_stm32f4xx.o(.text)
    WWDG_IRQHandler                          0x0800025f   Thumb Code     0  startup_stm32f4xx.o(.text)
    __user_initial_stackheap                 0x08000261   Thumb Code     0  startup_stm32f4xx.o(.text)
    strncpy                                  0x08000285   Thumb Code    86  strncpy.o(.text)
    __use_two_region_memory                  0x080002db   Thumb Code     2  heapauxi.o(.text)
    __rt_heap_escrow$2region                 0x080002dd   Thumb Code     2  heapauxi.o(.text)
    __rt_heap_expand$2region                 0x080002df   Thumb Code     2  heapauxi.o(.text)
    __read_errno                             0x080002e1   Thumb Code    10  _rserrno.o(.text)
    __set_errno                              0x080002eb   Thumb Code    12  _rserrno.o(.text)
    __strtod_int                             0x08000335   Thumb Code    88  strtod.o(.text)
    __aeabi_memclr                           0x08000399   Thumb Code     0  rt_memclr.o(.text)
    __rt_memclr                              0x08000399   Thumb Code    68  rt_memclr.o(.text)
    _memset                                  0x0800039d   Thumb Code     0  rt_memclr.o(.text)
    __aeabi_errno_addr                       0x080003dd   Thumb Code     8  rt_errno_addr_intlibspace.o(.text)
    __errno$intlibspace                      0x080003dd   Thumb Code     0  rt_errno_addr_intlibspace.o(.text)
    __rt_errno_addr$intlibspace              0x080003dd   Thumb Code     0  rt_errno_addr_intlibspace.o(.text)
    isspace                                  0x080003e5   Thumb Code    18  isspace.o(.text)
    _sgetc                                   0x080003f7   Thumb Code    30  _sgetc.o(.text)
    _sbackspace                              0x08000415   Thumb Code    34  _sgetc.o(.text)
    __aeabi_memclr4                          0x08000437   Thumb Code     0  rt_memclr_w.o(.text)
    __aeabi_memclr8                          0x08000437   Thumb Code     0  rt_memclr_w.o(.text)
    __rt_memclr_w                            0x08000437   Thumb Code    78  rt_memclr_w.o(.text)
    _memset_w                                0x0800043b   Thumb Code     0  rt_memclr_w.o(.text)
    __user_libspace                          0x08000485   Thumb Code     8  libspace.o(.text)
    __user_perproc_libspace                  0x08000485   Thumb Code     0  libspace.o(.text)
    __user_perthread_libspace                0x08000485   Thumb Code     0  libspace.o(.text)
    __user_setup_stackheap                   0x0800048d   Thumb Code    74  sys_stackheap_outer.o(.text)
    __rt_ctype_table                         0x080004d9   Thumb Code    16  rt_ctype_table.o(.text)
    _scanf_really_real                       0x080006e1   Thumb Code   672  scanf_fp.o(.text)
    exit                                     0x0800098d   Thumb Code    12  exit.o(.text)
    strcmp                                   0x08000999   Thumb Code   128  strcmpv7m.o(.text)
    __rt_locale                              0x08000a19   Thumb Code     8  rt_locale_intlibspace.o(.text)
    _btod_etento                             0x08000a21   Thumb Code   222  bigflt0.o(.text)
    _scanf_really_hex_real                   0x08000b05   Thumb Code   776  scanf_hexfp.o(.text)
    _scanf_really_infnan                     0x08000e19   Thumb Code   298  scanf_infnan.o(.text)
    _sys_exit                                0x08000f55   Thumb Code     8  sys_exit.o(.text)
    __aeabi_llsl                             0x08000f61   Thumb Code     0  llshl.o(.text)
    _ll_shift_l                              0x08000f61   Thumb Code    38  llshl.o(.text)
    _chval                                   0x08000f87   Thumb Code    28  _chval.o(.text)
    __I$use$semihosting                      0x08000fa3   Thumb Code     0  use_no_semi.o(.text)
    __use_no_semihosting_swi                 0x08000fa3   Thumb Code     2  use_no_semi.o(.text)
    __btod_div_common                        0x08000fa5   Thumb Code   696  btod.o(CL$$btod_div_common)
    __semihosting_library_function           0x08000fa5   Thumb Code     0  indicate_semi.o(.text)
    _e2d                                     0x080012dd   Thumb Code    80  btod.o(CL$$btod_e2d)
    _e2e                                     0x08001331   Thumb Code   198  btod.o(CL$$btod_e2e)
    _btod_ediv                               0x080013f7   Thumb Code    40  btod.o(CL$$btod_ediv)
    _btod_edivd                              0x0800141f   Thumb Code    40  btod.o(CL$$btod_edivd)
    _btod_emul                               0x08001447   Thumb Code    40  btod.o(CL$$btod_emul)
    _btod_emuld                              0x0800146f   Thumb Code    40  btod.o(CL$$btod_emuld)
    __btod_mult_common                       0x08001497   Thumb Code   580  btod.o(CL$$btod_mult_common)
    CRC_Cal                                  0x080016dd   Thumb Code    44  peripheral05.o(i.CRC_Cal)
    Call_Pitch_PID                           0x08001709   Thumb Code   486  pid05.o(i.Call_Pitch_PID)
    Call_Roll_PID                            0x08001925   Thumb Code   482  pid05.o(i.Call_Roll_PID)
    Call_Yaw_PID                             0x08001b3d   Thumb Code   482  pid05.o(i.Call_Yaw_PID)
    DMA1_Stream2_IRQHandler                  0x08001d55   Thumb Code    34  luanvan3-05vs2.o(i.DMA1_Stream2_IRQHandler)
    DMA1_Stream4_IRQHandler                  0x08001d85   Thumb Code    32  peripheral05.o(i.DMA1_Stream4_IRQHandler)
    DMA_ClearFlag                            0x08001dad   Thumb Code    32  stm32f4xx_dma.o(i.DMA_ClearFlag)
    DMA_ClearITPendingBit                    0x08001dd9   Thumb Code    32  stm32f4xx_dma.o(i.DMA_ClearITPendingBit)
    DMA_Cmd                                  0x08001e05   Thumb Code    20  stm32f4xx_dma.o(i.DMA_Cmd)
    DMA_DeInit                               0x08001e19   Thumb Code   272  stm32f4xx_dma.o(i.DMA_DeInit)
    DMA_GetITStatus                          0x08001f3d   Thumb Code    68  stm32f4xx_dma.o(i.DMA_GetITStatus)
    DMA_ITConfig                             0x08001f91   Thumb Code    52  stm32f4xx_dma.o(i.DMA_ITConfig)
    DMA_Init                                 0x08001fc5   Thumb Code    80  stm32f4xx_dma.o(i.DMA_Init)
    DMA_SetCurrDataCounter                   0x08002019   Thumb Code     4  stm32f4xx_dma.o(i.DMA_SetCurrDataCounter)
    DMA_UART4_Configuration                  0x0800201d   Thumb Code   104  peripheral05.o(i.DMA_UART4_Configuration)
    DMA_UART4_RX                             0x0800208d   Thumb Code   102  peripheral05.o(i.DMA_UART4_RX)
    DMA_USART2_Config                        0x080020fd   Thumb Code    96  peripheral05.o(i.DMA_USART2_Config)
    Delay_100ms                              0x08002165   Thumb Code    12  peripheral05.o(i.Delay_100ms)
    EXTI9_5_IRQHandler                       0x08002175   Thumb Code   134  peripheral05.o(i.EXTI9_5_IRQHandler)
    EXTI_FPGA_Pa8                            0x08002225   Thumb Code    66  peripheral05.o(i.EXTI_FPGA_Pa8)
    EXTI_GetITStatus                         0x08002269   Thumb Code    28  stm32f4xx_exti.o(i.EXTI_GetITStatus)
    EXTI_Init                                0x08002289   Thumb Code   108  stm32f4xx_exti.o(i.EXTI_Init)
    GPIO_Init                                0x080022f9   Thumb Code   162  stm32f4xx_gpio.o(i.GPIO_Init)
    GPIO_PinAFConfig                         0x0800239b   Thumb Code    32  stm32f4xx_gpio.o(i.GPIO_PinAFConfig)
    GPIO_ReadInputDataBit                    0x080023bb   Thumb Code    14  stm32f4xx_gpio.o(i.GPIO_ReadInputDataBit)
    GPIO_SetBits                             0x080023c9   Thumb Code     4  stm32f4xx_gpio.o(i.GPIO_SetBits)
    Gent_Pwm_Alt                             0x080023cd   Thumb Code    54  pid05.o(i.Gent_Pwm_Alt)
    Gent_Pwm_Pitch                           0x08002415   Thumb Code    54  pid05.o(i.Gent_Pwm_Pitch)
    Gent_Pwm_Roll                            0x0800245d   Thumb Code    54  pid05.o(i.Gent_Pwm_Roll)
    Gent_Pwm_Yaw                             0x080024a5   Thumb Code    54  pid05.o(i.Gent_Pwm_Yaw)
    Interrupt_uart4_rx                       0x080024ed   Thumb Code    40  peripheral05.o(i.Interrupt_uart4_rx)
    MyGPIO_Configuration                     0x08002515   Thumb Code   162  peripheral05.o(i.MyGPIO_Configuration)
    MyRCC_Configuration                      0x080025c1   Thumb Code    78  peripheral05.o(i.MyRCC_Configuration)
    MyTIM_PWM_Configuration                  0x08002611   Thumb Code   262  peripheral05.o(i.MyTIM_PWM_Configuration)
    NVIC_Configuration                       0x08002729   Thumb Code    40  peripheral05.o(i.NVIC_Configuration)
    NVIC_Init                                0x08002751   Thumb Code    92  misc.o(i.NVIC_Init)
    NVIC_PriorityGroupConfig                 0x080027b5   Thumb Code    10  misc.o(i.NVIC_PriorityGroupConfig)
    PID_Init                                 0x080027c9   Thumb Code   118  pid05.o(i.PID_Init)
    RCC_AHB1PeriphClockCmd                   0x08002849   Thumb Code    18  stm32f4xx_rcc.o(i.RCC_AHB1PeriphClockCmd)
    RCC_AHB1PeriphResetCmd                   0x08002861   Thumb Code    18  stm32f4xx_rcc.o(i.RCC_AHB1PeriphResetCmd)
    RCC_APB1PeriphClockCmd                   0x08002879   Thumb Code    18  stm32f4xx_rcc.o(i.RCC_APB1PeriphClockCmd)
    RCC_APB2PeriphClockCmd                   0x08002891   Thumb Code    18  stm32f4xx_rcc.o(i.RCC_APB2PeriphClockCmd)
    RCC_GetClocksFreq                        0x080028a9   Thumb Code   132  stm32f4xx_rcc.o(i.RCC_GetClocksFreq)
    SPI_CalculateCRC                         0x0800293d   Thumb Code    20  stm32f4xx_spi.o(i.SPI_CalculateCRC)
    SPI_Cmd                                  0x08002951   Thumb Code    20  stm32f4xx_spi.o(i.SPI_Cmd)
    SPI_Init                                 0x08002965   Thumb Code    56  stm32f4xx_spi.o(i.SPI_Init)
    SYSCFG_EXTILineConfig                    0x0800299d   Thumb Code    34  stm32f4xx_syscfg.o(i.SYSCFG_EXTILineConfig)
    Sampling_GGA                             0x080029c5   Thumb Code   418  pid05.o(i.Sampling_GGA)
    Sampling_RPY                             0x08002b7d   Thumb Code   664  pid05.o(i.Sampling_RPY)
    Sampling_VTG                             0x08002e5d   Thumb Code    82  pid05.o(i.Sampling_VTG)
    SysTick_Handler                          0x08002f69   Thumb Code   296  luanvan3-05vs2.o(i.SysTick_Handler)
    SystemInit                               0x080030a1   Thumb Code    82  system_stm32f4xx.o(i.SystemInit)
    TIM_ARRPreloadConfig                     0x08003105   Thumb Code    20  stm32f4xx_tim.o(i.TIM_ARRPreloadConfig)
    TIM_Cmd                                  0x08003119   Thumb Code    20  stm32f4xx_tim.o(i.TIM_Cmd)
    TIM_OC1Init                              0x0800312d   Thumb Code    88  stm32f4xx_tim.o(i.TIM_OC1Init)
    TIM_OC1PreloadConfig                     0x0800318d   Thumb Code    12  stm32f4xx_tim.o(i.TIM_OC1PreloadConfig)
    TIM_OC2Init                              0x08003199   Thumb Code   120  stm32f4xx_tim.o(i.TIM_OC2Init)
    TIM_OC2PreloadConfig                     0x08003219   Thumb Code    20  stm32f4xx_tim.o(i.TIM_OC2PreloadConfig)
    TIM_OC3Init                              0x0800322d   Thumb Code   116  stm32f4xx_tim.o(i.TIM_OC3Init)
    TIM_OC3PreloadConfig                     0x080032a9   Thumb Code    12  stm32f4xx_tim.o(i.TIM_OC3PreloadConfig)
    TIM_OC4Init                              0x080032b5   Thumb Code    88  stm32f4xx_tim.o(i.TIM_OC4Init)
    TIM_OC4PreloadConfig                     0x08003315   Thumb Code    20  stm32f4xx_tim.o(i.TIM_OC4PreloadConfig)
    TIM_TimeBaseInit                         0x08003329   Thumb Code    96  stm32f4xx_tim.o(i.TIM_TimeBaseInit)
    UART4_Configuration                      0x080033a5   Thumb Code    48  peripheral05.o(i.UART4_Configuration)
    USART2_Configuration                     0x080033d9   Thumb Code    48  peripheral05.o(i.USART2_Configuration)
    USART_Cmd                                0x0800340d   Thumb Code    20  stm32f4xx_usart.o(i.USART_Cmd)
    USART_DMACmd                             0x08003421   Thumb Code    16  stm32f4xx_usart.o(i.USART_DMACmd)
    USART_Init                               0x08003431   Thumb Code   174  stm32f4xx_usart.o(i.USART_Init)
    __ARM_fpclassify                         0x080034e9   Thumb Code    48  fpclassify.o(i.__ARM_fpclassify)
    __hardfp_atof                            0x08003519   Thumb Code    44  atof.o(i.__hardfp_atof)
    __hardfp_ldexp                           0x08003551   Thumb Code   216  ldexp.o(i.__hardfp_ldexp)
    __hardfp_pow                             0x08003639   Thumb Code  3132  pow.o(i.__hardfp_pow)
    __kernel_poly                            0x080042c9   Thumb Code   248  poly.o(i.__kernel_poly)
    __mathlib_dbl_underflow                  0x080043c1   Thumb Code    24  dunder.o(i.__mathlib_dbl_underflow)
    __mathlib_narrow                         0x080043e1   Thumb Code   166  narrow.o(i.__mathlib_narrow)
    __support_ldexp                          0x08004499   Thumb Code    20  ldexp.o(i.__support_ldexp)
    _is_digit                                0x080044ad   Thumb Code    14  scanf_fp.o(i._is_digit)
    fabs                                     0x080044bb   Thumb Code    32  fabs.o(i.fabs)
    frexp                                    0x080044e1   Thumb Code   134  frexp.o(i.frexp)
    main                                     0x0800457d   Thumb Code   200  luanvan3-05vs2.o(i.main)
    power                                    0x08004669   Thumb Code   218  powersd05.o(i.power)
    sqrt                                     0x0800474d   Thumb Code   110  sqrt.o(i.sqrt)
    trituyetdoi                              0x080047bb   Thumb Code    16  pid05.o(i.trituyetdoi)
    xacnhan                                  0x080047cd   Thumb Code   892  luanvan3-05vs2.o(i.xacnhan)
    _get_lc_numeric                          0x08004b6d   Thumb Code    44  lc_numeric_c.o(locale$$code)
    _get_lc_ctype                            0x08004b99   Thumb Code    44  lc_ctype_c.o(locale$$code)
    __aeabi_dneg                             0x08004bc5   Thumb Code     0  basic.o(x$fpl$basic)
    _dneg                                    0x08004bc5   Thumb Code     6  basic.o(x$fpl$basic)
    __aeabi_fneg                             0x08004bcb   Thumb Code     0  basic.o(x$fpl$basic)
    _fneg                                    0x08004bcb   Thumb Code     6  basic.o(x$fpl$basic)
    _dabs                                    0x08004bd1   Thumb Code     6  basic.o(x$fpl$basic)
    _fabs                                    0x08004bd7   Thumb Code     6  basic.o(x$fpl$basic)
    __aeabi_d2f                              0x08004bdd   Thumb Code     0  d2f.o(x$fpl$d2f)
    _d2f                                     0x08004bdd   Thumb Code    98  d2f.o(x$fpl$d2f)
    __aeabi_dadd                             0x08004c41   Thumb Code     0  daddsub_clz.o(x$fpl$dadd)
    _dadd                                    0x08004c41   Thumb Code   332  daddsub_clz.o(x$fpl$dadd)
    __fpl_dcheck_NaN1                        0x08004d91   Thumb Code    10  dcheck1.o(x$fpl$dcheck1)
    __fpl_dcmp_Inf                           0x08004da1   Thumb Code    24  dcmpi.o(x$fpl$dcmpinf)
    __aeabi_ddiv                             0x08004db9   Thumb Code     0  ddiv.o(x$fpl$ddiv)
    _ddiv                                    0x08004db9   Thumb Code   552  ddiv.o(x$fpl$ddiv)
    __aeabi_cdcmpeq                          0x08005069   Thumb Code     0  deqf.o(x$fpl$deqf)
    _dcmpeq                                  0x08005069   Thumb Code   120  deqf.o(x$fpl$deqf)
    __aeabi_i2d                              0x080050e1   Thumb Code     0  dflt_clz.o(x$fpl$dflt)
    _dflt                                    0x080050e1   Thumb Code    46  dflt_clz.o(x$fpl$dflt)
    __aeabi_ui2d                             0x0800510f   Thumb Code     0  dflt_clz.o(x$fpl$dfltu)
    _dfltu                                   0x0800510f   Thumb Code    38  dflt_clz.o(x$fpl$dfltu)
    __aeabi_cdcmple                          0x08005135   Thumb Code     0  dleqf.o(x$fpl$dleqf)
    _dcmple                                  0x08005135   Thumb Code   120  dleqf.o(x$fpl$dleqf)
    __fpl_dcmple_InfNaN                      0x08005197   Thumb Code     0  dleqf.o(x$fpl$dleqf)
    __aeabi_dmul                             0x080051ad   Thumb Code     0  dmul.o(x$fpl$dmul)
    _dmul                                    0x080051ad   Thumb Code   332  dmul.o(x$fpl$dmul)
    __fpl_dnaninf                            0x08005301   Thumb Code   156  dnaninf.o(x$fpl$dnaninf)
    __fpl_dretinf                            0x0800539d   Thumb Code    12  dretinf.o(x$fpl$dretinf)
    __aeabi_cdrcmple                         0x080053a9   Thumb Code     0  drleqf.o(x$fpl$drleqf)
    _drcmple                                 0x080053a9   Thumb Code   108  drleqf.o(x$fpl$drleqf)
    __aeabi_drsub                            0x08005415   Thumb Code     0  daddsub_clz.o(x$fpl$drsb)
    _drsb                                    0x08005415   Thumb Code    22  daddsub_clz.o(x$fpl$drsb)
    _dsqrt                                   0x0800542d   Thumb Code   404  dsqrt_umaal.o(x$fpl$dsqrt)
    __aeabi_dsub                             0x080055c5   Thumb Code     0  daddsub_clz.o(x$fpl$dsub)
    _dsub                                    0x080055c5   Thumb Code   464  daddsub_clz.o(x$fpl$dsub)
    __aeabi_f2d                              0x08005799   Thumb Code     0  f2d.o(x$fpl$f2d)
    _f2d                                     0x08005799   Thumb Code    86  f2d.o(x$fpl$f2d)
    __fpl_fnaninf                            0x080057ef   Thumb Code   140  fnaninf.o(x$fpl$fnaninf)
    _fp_init                                 0x0800587b   Thumb Code    10  fpinit.o(x$fpl$fpinit)
    __fplib_config_fpu_vfp                   0x08005883   Thumb Code     0  fpinit.o(x$fpl$fpinit)
    __fplib_config_pureend_doubles           0x08005883   Thumb Code     0  fpinit.o(x$fpl$fpinit)
    __fpl_fretinf                            0x08005885   Thumb Code    10  fretinf.o(x$fpl$fretinf)
    __fpl_return_NaN                         0x0800588f   Thumb Code   100  retnan.o(x$fpl$retnan)
    __ARM_scalbn                             0x080058f3   Thumb Code    92  scalbn.o(x$fpl$scalbn)
    _scanf_real                              0x0800594f   Thumb Code     4  scanf1.o(x$fpl$scanf1)
    _scanf_hex_real                          0x08005953   Thumb Code     4  scanf2.o(x$fpl$scanf2)
    _scanf_infnan                            0x08005957   Thumb Code     4  scanf2.o(x$fpl$scanf2)
    __fpl_cmpreturn                          0x0800595b   Thumb Code    48  trapv.o(x$fpl$trapveneer)
    __I$use$fp                               0x0800598a   Number         0  usenofp.o(x$fpl$usenofp)
    __mathlib_zero                           0x08005a18   Data           8  qnan.o(.constdata)
    Region$$Table$$Base                      0x08005ab4   Number         0  anon$$obj.o(Region$$Table)
    Region$$Table$$Limit                     0x08005ad4   Number         0  anon$$obj.o(Region$$Table)
    __aeabi_HUGE_VAL                         0x08005ad4   Data           0  fpconst.o(c$$dinf)
    __aeabi_HUGE_VALL                        0x08005ad4   Data           0  fpconst.o(c$$dinf)
    __aeabi_INFINITY                         0x08005ad4   Data           0  fpconst.o(c$$dinf)
    __dInf                                   0x08005ad4   Data           0  fpconst.o(c$$dinf)
    __huge_val                               0x08005ad4   Data           0  fpconst.o(c$$dinf)
    __ctype                                  0x08005b05   Data           0  lc_ctype_c.o(locale$$data)
    SystemCoreClock                          0x20000000   Data           4  system_stm32f4xx.o(.data)
    AHBPrescTable                            0x20000004   Data          16  system_stm32f4xx.o(.data)
    CMD_Trigger                              0x20000034   Data           1  luanvan3-05vs2.o(.data)
    CMD_delay                                0x20000035   Data           1  luanvan3-05vs2.o(.data)
    Update_heso_Roll                         0x20000036   Data           1  luanvan3-05vs2.o(.data)
    Update_heso_Pitch                        0x20000037   Data           1  luanvan3-05vs2.o(.data)
    Update_heso_Yaw                          0x20000038   Data           1  luanvan3-05vs2.o(.data)
    Update_heso_Alt                          0x20000039   Data           1  luanvan3-05vs2.o(.data)
    find_char_$                              0x2000003a   Data           1  luanvan3-05vs2.o(.data)
    state_alt                                0x2000003b   Data           1  luanvan3-05vs2.o(.data)
    state_press                              0x2000003c   Data           1  luanvan3-05vs2.o(.data)
    test_simulate1                           0x2000003d   Data           1  luanvan3-05vs2.o(.data)
    test_simulate2                           0x2000003e   Data           1  luanvan3-05vs2.o(.data)
    test_simulate3                           0x2000003f   Data           1  luanvan3-05vs2.o(.data)
    G_delay_count                            0x20000040   Data           2  luanvan3-05vs2.o(.data)
    position_VTG                             0x20000042   Data           2  luanvan3-05vs2.o(.data)
    position_end_of_VTG                      0x20000044   Data           2  luanvan3-05vs2.o(.data)
    position_end_of_GGA                      0x20000046   Data           2  luanvan3-05vs2.o(.data)
    compare_enough_data                      0x20000048   Data           4  luanvan3-05vs2.o(.data)
    number_byte_empty_into_Buf_USART2        0x2000004c   Data           4  luanvan3-05vs2.o(.data)
    lenght_of_data_IMU_GPS                   0x20000050   Data           4  luanvan3-05vs2.o(.data)
    i                                        0x20000054   Data           4  luanvan3-05vs2.o(.data)
    Roll_PID                                 0x20000058   Data          56  pid05.o(.bss)
    Pitch_PID                                0x20000090   Data          56  pid05.o(.bss)
    Yaw_PID                                  0x200000c8   Data          56  pid05.o(.bss)
    Alt_PID                                  0x20000100   Data          56  pid05.o(.bss)
    Latitude                                 0x20000138   Data          56  pid05.o(.bss)
    Longitude                                0x20000170   Data          56  pid05.o(.bss)
    Speed                                    0x200001a8   Data          56  pid05.o(.bss)
    Press                                    0x200001e0   Data          56  pid05.o(.bss)
    Buf_UART4                                0x20000218   Data         300  luanvan3-05vs2.o(.bss)
    Buf_rx4                                  0x20000344   Data           9  luanvan3-05vs2.o(.bss)
    Buf_USART2                               0x2000034d   Data         250  luanvan3-05vs2.o(.bss)
    __libspace_start                         0x20000448   Data          96  libspace.o(.bss)
    __temporary_stack_top$libspace           0x200004a8   Data           0  libspace.o(.bss)



==============================================================================

Memory Map of the image

  Image Entry point : 0x08000189

  Load Region LR_IROM1 (Base: 0x08000000, Size: 0x00005c60, Max: 0x00100000, ABSOLUTE)

    Execution Region ER_IROM1 (Base: 0x08000000, Size: 0x00005c08, Max: 0x00100000, ABSOLUTE)

    Base Addr    Size         Type   Attr      Idx    E Section Name        Object

    0x08000000   0x00000188   Data   RO            3    RESET               startup_stm32f4xx.o
    0x08000188   0x00000008   Code   RO         2802  * !!!main             c_w.l(__main.o)
    0x08000190   0x00000034   Code   RO         3164    !!!scatter          c_w.l(__scatter.o)
    0x080001c4   0x0000001a   Code   RO         3166    !!handler_copy      c_w.l(__scatter_copy.o)
    0x080001de   0x00000002   PAD
    0x080001e0   0x0000001c   Code   RO         3168    !!handler_zi        c_w.l(__scatter_zi.o)
    0x080001fc   0x00000002   Code   RO         2950    .ARM.Collect$$libinit$$00000000  c_w.l(libinit.o)
    0x080001fe   0x00000004   Code   RO         2951    .ARM.Collect$$libinit$$00000001  c_w.l(libinit2.o)
    0x08000202   0x00000000   Code   RO         2955    .ARM.Collect$$libinit$$00000008  c_w.l(libinit2.o)
    0x08000202   0x00000000   Code   RO         2957    .ARM.Collect$$libinit$$0000000A  c_w.l(libinit2.o)
    0x08000202   0x00000000   Code   RO         2959    .ARM.Collect$$libinit$$0000000C  c_w.l(libinit2.o)
    0x08000202   0x00000006   Code   RO         2960    .ARM.Collect$$libinit$$0000000D  c_w.l(libinit2.o)
    0x08000208   0x00000000   Code   RO         2962    .ARM.Collect$$libinit$$0000000F  c_w.l(libinit2.o)
    0x08000208   0x0000000c   Code   RO         2963    .ARM.Collect$$libinit$$00000010  c_w.l(libinit2.o)
    0x08000214   0x00000000   Code   RO         2964    .ARM.Collect$$libinit$$00000011  c_w.l(libinit2.o)
    0x08000214   0x00000000   Code   RO         2966    .ARM.Collect$$libinit$$00000013  c_w.l(libinit2.o)
    0x08000214   0x0000000a   Code   RO         2967    .ARM.Collect$$libinit$$00000014  c_w.l(libinit2.o)
    0x0800021e   0x00000000   Code   RO         2968    .ARM.Collect$$libinit$$00000015  c_w.l(libinit2.o)
    0x0800021e   0x00000000   Code   RO         2970    .ARM.Collect$$libinit$$00000017  c_w.l(libinit2.o)
    0x0800021e   0x00000000   Code   RO         2972    .ARM.Collect$$libinit$$00000019  c_w.l(libinit2.o)
    0x0800021e   0x00000000   Code   RO         2974    .ARM.Collect$$libinit$$0000001B  c_w.l(libinit2.o)
    0x0800021e   0x00000000   Code   RO         2976    .ARM.Collect$$libinit$$0000001D  c_w.l(libinit2.o)
    0x0800021e   0x00000000   Code   RO         2978    .ARM.Collect$$libinit$$0000001F  c_w.l(libinit2.o)
    0x0800021e   0x00000000   Code   RO         2980    .ARM.Collect$$libinit$$00000021  c_w.l(libinit2.o)
    0x0800021e   0x00000000   Code   RO         2982    .ARM.Collect$$libinit$$00000023  c_w.l(libinit2.o)
    0x0800021e   0x00000000   Code   RO         2986    .ARM.Collect$$libinit$$0000002A  c_w.l(libinit2.o)
    0x0800021e   0x00000000   Code   RO         2988    .ARM.Collect$$libinit$$0000002C  c_w.l(libinit2.o)
    0x0800021e   0x00000000   Code   RO         2990    .ARM.Collect$$libinit$$0000002E  c_w.l(libinit2.o)
    0x0800021e   0x00000000   Code   RO         2992    .ARM.Collect$$libinit$$00000030  c_w.l(libinit2.o)
    0x0800021e   0x00000002   Code   RO         2993    .ARM.Collect$$libinit$$00000031  c_w.l(libinit2.o)
    0x08000220   0x00000002   Code   RO         3097    .ARM.Collect$$libshutdown$$00000000  c_w.l(libshutdown.o)
    0x08000222   0x00000000   Code   RO         3125    .ARM.Collect$$libshutdown$$00000003  c_w.l(libshutdown2.o)
    0x08000222   0x00000000   Code   RO         3128    .ARM.Collect$$libshutdown$$00000006  c_w.l(libshutdown2.o)
    0x08000222   0x00000000   Code   RO         3131    .ARM.Collect$$libshutdown$$00000009  c_w.l(libshutdown2.o)
    0x08000222   0x00000000   Code   RO         3133    .ARM.Collect$$libshutdown$$0000000B  c_w.l(libshutdown2.o)
    0x08000222   0x00000000   Code   RO         3136    .ARM.Collect$$libshutdown$$0000000E  c_w.l(libshutdown2.o)
    0x08000222   0x00000002   Code   RO         3137    .ARM.Collect$$libshutdown$$0000000F  c_w.l(libshutdown2.o)
    0x08000224   0x00000000   Code   RO         2846    .ARM.Collect$$rtentry$$00000000  c_w.l(rtentry.o)
    0x08000224   0x00000000   Code   RO         2894    .ARM.Collect$$rtentry$$00000002  c_w.l(rtentry2.o)
    0x08000224   0x00000006   Code   RO         2906    .ARM.Collect$$rtentry$$00000004  c_w.l(rtentry4.o)
    0x0800022a   0x00000000   Code   RO         2896    .ARM.Collect$$rtentry$$00000009  c_w.l(rtentry2.o)
    0x0800022a   0x00000004   Code   RO         2897    .ARM.Collect$$rtentry$$0000000A  c_w.l(rtentry2.o)
    0x0800022e   0x00000000   Code   RO         2899    .ARM.Collect$$rtentry$$0000000C  c_w.l(rtentry2.o)
    0x0800022e   0x00000008   Code   RO         2900    .ARM.Collect$$rtentry$$0000000D  c_w.l(rtentry2.o)
    0x08000236   0x00000002   Code   RO         2998    .ARM.Collect$$rtexit$$00000000  c_w.l(rtexit.o)
    0x08000238   0x00000000   Code   RO         3059    .ARM.Collect$$rtexit$$00000002  c_w.l(rtexit2.o)
    0x08000238   0x00000004   Code   RO         3060    .ARM.Collect$$rtexit$$00000003  c_w.l(rtexit2.o)
    0x0800023c   0x00000006   Code   RO         3061    .ARM.Collect$$rtexit$$00000004  c_w.l(rtexit2.o)
    0x08000242   0x00000002   PAD
    0x08000244   0x00000040   Code   RO            4    .text               startup_stm32f4xx.o
    0x08000284   0x00000056   Code   RO         2798    .text               c_w.l(strncpy.o)
    0x080002da   0x00000006   Code   RO         2800    .text               c_w.l(heapauxi.o)
    0x080002e0   0x00000016   Code   RO         2847    .text               c_w.l(_rserrno.o)
    0x080002f6   0x00000002   PAD
    0x080002f8   0x000000a0   Code   RO         2849    .text               c_w.l(strtod.o)
    0x08000398   0x00000044   Code   RO         2851    .text               c_w.l(rt_memclr.o)
    0x080003dc   0x00000008   Code   RO         2911    .text               c_w.l(rt_errno_addr_intlibspace.o)
    0x080003e4   0x00000012   Code   RO         2913    .text               c_w.l(isspace.o)
    0x080003f6   0x00000040   Code   RO         2915    .text               c_w.l(_sgetc.o)
    0x08000436   0x0000004e   Code   RO         2920    .text               c_w.l(rt_memclr_w.o)
    0x08000484   0x00000008   Code   RO         2930    .text               c_w.l(libspace.o)
    0x0800048c   0x0000004a   Code   RO         2933    .text               c_w.l(sys_stackheap_outer.o)
    0x080004d6   0x00000002   PAD
    0x080004d8   0x00000010   Code   RO         2935    .text               c_w.l(rt_ctype_table.o)
    0x080004e8   0x000004a4   Code   RO         2937    .text               c_w.l(scanf_fp.o)
    0x0800098c   0x0000000c   Code   RO         2941    .text               c_w.l(exit.o)
    0x08000998   0x00000080   Code   RO         2943    .text               c_w.l(strcmpv7m.o)
    0x08000a18   0x00000008   Code   RO         3003    .text               c_w.l(rt_locale_intlibspace.o)
    0x08000a20   0x000000e4   Code   RO         3005    .text               c_w.l(bigflt0.o)
    0x08000b04   0x00000314   Code   RO         3065    .text               c_w.l(scanf_hexfp.o)
    0x08000e18   0x0000013c   Code   RO         3067    .text               c_w.l(scanf_infnan.o)
    0x08000f54   0x0000000c   Code   RO         3083    .text               c_w.l(sys_exit.o)
    0x08000f60   0x00000026   Code   RO         3087    .text               c_w.l(llshl.o)
    0x08000f86   0x0000001c   Code   RO         3089    .text               c_w.l(_chval.o)
    0x08000fa2   0x00000002   Code   RO         3114    .text               c_w.l(use_no_semi.o)
    0x08000fa4   0x00000000   Code   RO         3116    .text               c_w.l(indicate_semi.o)
    0x08000fa4   0x00000338   Code   RO         3018    CL$$btod_div_common  c_w.l(btod.o)
    0x080012dc   0x00000054   Code   RO         3016    CL$$btod_e2d        c_w.l(btod.o)
    0x08001330   0x000000c6   Code   RO         3015    CL$$btod_e2e        c_w.l(btod.o)
    0x080013f6   0x00000028   Code   RO         3012    CL$$btod_ediv       c_w.l(btod.o)
    0x0800141e   0x00000028   Code   RO         3014    CL$$btod_edivd      c_w.l(btod.o)
    0x08001446   0x00000028   Code   RO         3011    CL$$btod_emul       c_w.l(btod.o)
    0x0800146e   0x00000028   Code   RO         3013    CL$$btod_emuld      c_w.l(btod.o)
    0x08001496   0x00000244   Code   RO         3017    CL$$btod_mult_common  c_w.l(btod.o)
    0x080016da   0x00000002   PAD
    0x080016dc   0x0000002c   Code   RO         2123    i.CRC_Cal           peripheral05.o
    0x08001708   0x0000021c   Code   RO         2267    i.Call_Pitch_PID    pid05.o
    0x08001924   0x00000218   Code   RO         2268    i.Call_Roll_PID     pid05.o
    0x08001b3c   0x00000218   Code   RO         2269    i.Call_Yaw_PID      pid05.o
    0x08001d54   0x00000030   Code   RO         2386    i.DMA1_Stream2_IRQHandler  luanvan3-05vs2.o
    0x08001d84   0x00000028   Code   RO         2125    i.DMA1_Stream4_IRQHandler  peripheral05.o
    0x08001dac   0x0000002c   Code   RO          276    i.DMA_ClearFlag     stm32f4xx_dma.o
    0x08001dd8   0x0000002c   Code   RO          277    i.DMA_ClearITPendingBit  stm32f4xx_dma.o
    0x08001e04   0x00000014   Code   RO          278    i.DMA_Cmd           stm32f4xx_dma.o
    0x08001e18   0x00000124   Code   RO          279    i.DMA_DeInit        stm32f4xx_dma.o
    0x08001f3c   0x00000054   Code   RO          288    i.DMA_GetITStatus   stm32f4xx_dma.o
    0x08001f90   0x00000034   Code   RO          289    i.DMA_ITConfig      stm32f4xx_dma.o
    0x08001fc4   0x00000054   Code   RO          290    i.DMA_Init          stm32f4xx_dma.o
    0x08002018   0x00000004   Code   RO          293    i.DMA_SetCurrDataCounter  stm32f4xx_dma.o
    0x0800201c   0x00000070   Code   RO         2126    i.DMA_UART4_Configuration  peripheral05.o
    0x0800208c   0x00000070   Code   RO         2127    i.DMA_UART4_RX      peripheral05.o
    0x080020fc   0x00000068   Code   RO         2128    i.DMA_USART2_Config  peripheral05.o
    0x08002164   0x00000010   Code   RO         2129    i.Delay_100ms       peripheral05.o
    0x08002174   0x000000b0   Code   RO         2130    i.EXTI9_5_IRQHandler  peripheral05.o
    0x08002224   0x00000042   Code   RO         2131    i.EXTI_FPGA_Pa8     peripheral05.o
    0x08002266   0x00000002   PAD
    0x08002268   0x00000020   Code   RO          415    i.EXTI_GetITStatus  stm32f4xx_exti.o
    0x08002288   0x00000070   Code   RO          416    i.EXTI_Init         stm32f4xx_exti.o
    0x080022f8   0x000000a2   Code   RO          673    i.GPIO_Init         stm32f4xx_gpio.o
    0x0800239a   0x00000020   Code   RO          674    i.GPIO_PinAFConfig  stm32f4xx_gpio.o
    0x080023ba   0x0000000e   Code   RO          677    i.GPIO_ReadInputDataBit  stm32f4xx_gpio.o
    0x080023c8   0x00000004   Code   RO          681    i.GPIO_SetBits      stm32f4xx_gpio.o
    0x080023cc   0x00000048   Code   RO         2270    i.Gent_Pwm_Alt      pid05.o
    0x08002414   0x00000048   Code   RO         2271    i.Gent_Pwm_Pitch    pid05.o
    0x0800245c   0x00000048   Code   RO         2272    i.Gent_Pwm_Roll     pid05.o
    0x080024a4   0x00000048   Code   RO         2273    i.Gent_Pwm_Yaw      pid05.o
    0x080024ec   0x00000028   Code   RO         2133    i.Interrupt_uart4_rx  peripheral05.o
    0x08002514   0x000000ac   Code   RO         2134    i.MyGPIO_Configuration  peripheral05.o
    0x080025c0   0x0000004e   Code   RO         2135    i.MyRCC_Configuration  peripheral05.o
    0x0800260e   0x00000002   PAD
    0x08002610   0x00000118   Code   RO         2136    i.MyTIM_PWM_Configuration  peripheral05.o
    0x08002728   0x00000028   Code   RO         2137    i.NVIC_Configuration  peripheral05.o
    0x08002750   0x00000064   Code   RO          150    i.NVIC_Init         misc.o
    0x080027b4   0x00000014   Code   RO          151    i.NVIC_PriorityGroupConfig  misc.o
    0x080027c8   0x00000080   Code   RO         2274    i.PID_Init          pid05.o
    0x08002848   0x00000018   Code   RO          773    i.RCC_AHB1PeriphClockCmd  stm32f4xx_rcc.o
    0x08002860   0x00000018   Code   RO          775    i.RCC_AHB1PeriphResetCmd  stm32f4xx_rcc.o
    0x08002878   0x00000018   Code   RO          782    i.RCC_APB1PeriphClockCmd  stm32f4xx_rcc.o
    0x08002890   0x00000018   Code   RO          785    i.RCC_APB2PeriphClockCmd  stm32f4xx_rcc.o
    0x080028a8   0x00000094   Code   RO          794    i.RCC_GetClocksFreq  stm32f4xx_rcc.o
    0x0800293c   0x00000014   Code   RO         1061    i.SPI_CalculateCRC  stm32f4xx_spi.o
    0x08002950   0x00000014   Code   RO         1062    i.SPI_Cmd           stm32f4xx_spi.o
    0x08002964   0x00000038   Code   RO         1075    i.SPI_Init          stm32f4xx_spi.o
    0x0800299c   0x00000028   Code   RO         1967    i.SYSCFG_EXTILineConfig  stm32f4xx_syscfg.o
    0x080029c4   0x000001b8   Code   RO         2275    i.Sampling_GGA      pid05.o
    0x08002b7c   0x000002e0   Code   RO         2276    i.Sampling_RPY      pid05.o
    0x08002e5c   0x00000058   Code   RO         2277    i.Sampling_VTG      pid05.o
    0x08002eb4   0x000000b4   Code   RO           12    i.SetSysClock       system_stm32f4xx.o
    0x08002f68   0x00000138   Code   RO         2387    i.SysTick_Handler   luanvan3-05vs2.o
    0x080030a0   0x00000064   Code   RO           14    i.SystemInit        system_stm32f4xx.o
    0x08003104   0x00000014   Code   RO         1225    i.TIM_ARRPreloadConfig  stm32f4xx_tim.o
    0x08003118   0x00000014   Code   RO         1237    i.TIM_Cmd           stm32f4xx_tim.o
    0x0800312c   0x00000060   Code   RO         1266    i.TIM_OC1Init       stm32f4xx_tim.o
    0x0800318c   0x0000000c   Code   RO         1269    i.TIM_OC1PreloadConfig  stm32f4xx_tim.o
    0x08003198   0x00000080   Code   RO         1271    i.TIM_OC2Init       stm32f4xx_tim.o
    0x08003218   0x00000014   Code   RO         1274    i.TIM_OC2PreloadConfig  stm32f4xx_tim.o
    0x0800322c   0x0000007c   Code   RO         1276    i.TIM_OC3Init       stm32f4xx_tim.o
    0x080032a8   0x0000000c   Code   RO         1279    i.TIM_OC3PreloadConfig  stm32f4xx_tim.o
    0x080032b4   0x00000060   Code   RO         1281    i.TIM_OC4Init       stm32f4xx_tim.o
    0x08003314   0x00000014   Code   RO         1283    i.TIM_OC4PreloadConfig  stm32f4xx_tim.o
    0x08003328   0x0000007c   Code   RO         1309    i.TIM_TimeBaseInit  stm32f4xx_tim.o
    0x080033a4   0x00000034   Code   RO         2138    i.UART4_Configuration  peripheral05.o
    0x080033d8   0x00000034   Code   RO         2139    i.USART2_Configuration  peripheral05.o
    0x0800340c   0x00000014   Code   RO         1777    i.USART_Cmd         stm32f4xx_usart.o
    0x08003420   0x00000010   Code   RO         1778    i.USART_DMACmd      stm32f4xx_usart.o
    0x08003430   0x000000b8   Code   RO         1784    i.USART_Init        stm32f4xx_usart.o
    0x080034e8   0x00000030   Code   RO         2876    i.__ARM_fpclassify  m_wm.l(fpclassify.o)
    0x08003518   0x00000038   Code   RO         2826    i.__hardfp_atof     m_wm.l(atof.o)
    0x08003550   0x000000e8   Code   RO         3098    i.__hardfp_ldexp    m_wm.l(ldexp.o)
    0x08003638   0x00000c90   Code   RO         2832    i.__hardfp_pow      m_wm.l(pow.o)
    0x080042c8   0x000000f8   Code   RO         2878    i.__kernel_poly     m_wm.l(poly.o)
    0x080043c0   0x00000020   Code   RO         2868    i.__mathlib_dbl_underflow  m_wm.l(dunder.o)
    0x080043e0   0x000000b8   Code   RO         3051    i.__mathlib_narrow  m_wm.l(narrow.o)
    0x08004498   0x00000014   Code   RO         3100    i.__support_ldexp   m_wm.l(ldexp.o)
    0x080044ac   0x0000000e   Code   RO         2939    i._is_digit         c_w.l(scanf_fp.o)
    0x080044ba   0x00000020   Code   RO         2872    i.fabs              m_wm.l(fabs.o)
    0x080044da   0x00000006   PAD
    0x080044e0   0x0000009c   Code   RO         3077    i.frexp             m_wm.l(frexp.o)
    0x0800457c   0x000000ec   Code   RO         2388    i.main              luanvan3-05vs2.o
    0x08004668   0x000000e4   Code   RO         2366    i.power             powersd05.o
    0x0800474c   0x0000006e   Code   RO         2883    i.sqrt              m_wm.l(sqrt.o)
    0x080047ba   0x00000010   Code   RO         2278    i.trituyetdoi       pid05.o
    0x080047ca   0x00000002   PAD
    0x080047cc   0x000003a0   Code   RO         2389    i.xacnhan           luanvan3-05vs2.o
    0x08004b6c   0x0000002c   Code   RO         2918    locale$$code        c_w.l(lc_numeric_c.o)
    0x08004b98   0x0000002c   Code   RO         3031    locale$$code        c_w.l(lc_ctype_c.o)
    0x08004bc4   0x00000018   Code   RO         2853    x$fpl$basic         fz_wm.l(basic.o)
    0x08004bdc   0x00000062   Code   RO         2804    x$fpl$d2f           fz_wm.l(d2f.o)
    0x08004c3e   0x00000002   PAD
    0x08004c40   0x00000150   Code   RO         2806    x$fpl$dadd          fz_wm.l(daddsub_clz.o)
    0x08004d90   0x00000010   Code   RO         2922    x$fpl$dcheck1       fz_wm.l(dcheck1.o)
    0x08004da0   0x00000018   Code   RO         2994    x$fpl$dcmpinf       fz_wm.l(dcmpi.o)
    0x08004db8   0x000002b0   Code   RO         2813    x$fpl$ddiv          fz_wm.l(ddiv.o)
    0x08005068   0x00000078   Code   RO         3073    x$fpl$deqf          fz_wm.l(deqf.o)
    0x080050e0   0x0000002e   Code   RO         2817    x$fpl$dflt          fz_wm.l(dflt_clz.o)
    0x0800510e   0x00000026   Code   RO         2816    x$fpl$dfltu         fz_wm.l(dflt_clz.o)
    0x08005134   0x00000078   Code   RO         2924    x$fpl$dleqf         fz_wm.l(dleqf.o)
    0x080051ac   0x00000154   Code   RO         2822    x$fpl$dmul          fz_wm.l(dmul.o)
    0x08005300   0x0000009c   Code   RO         2855    x$fpl$dnaninf       fz_wm.l(dnaninf.o)
    0x0800539c   0x0000000c   Code   RO         2857    x$fpl$dretinf       fz_wm.l(dretinf.o)
    0x080053a8   0x0000006c   Code   RO         2859    x$fpl$drleqf        fz_wm.l(drleqf.o)
    0x08005414   0x00000016   Code   RO         2807    x$fpl$drsb          fz_wm.l(daddsub_clz.o)
    0x0800542a   0x00000002   PAD
    0x0800542c   0x00000198   Code   RO         2926    x$fpl$dsqrt         fz_wm.l(dsqrt_umaal.o)
    0x080055c4   0x000001d4   Code   RO         2808    x$fpl$dsub          fz_wm.l(daddsub_clz.o)
    0x08005798   0x00000056   Code   RO         2824    x$fpl$f2d           fz_wm.l(f2d.o)
    0x080057ee   0x0000008c   Code   RO         2861    x$fpl$fnaninf       fz_wm.l(fnaninf.o)
    0x0800587a   0x0000000a   Code   RO         3038    x$fpl$fpinit        fz_wm.l(fpinit.o)
    0x08005884   0x0000000a   Code   RO         2863    x$fpl$fretinf       fz_wm.l(fretinf.o)
    0x0800588e   0x00000064   Code   RO         2996    x$fpl$retnan        fz_wm.l(retnan.o)
    0x080058f2   0x0000005c   Code   RO         2865    x$fpl$scalbn        fz_wm.l(scalbn.o)
    0x0800594e   0x00000004   Code   RO         2928    x$fpl$scanf1        fz_wm.l(scanf1.o)
    0x08005952   0x00000008   Code   RO         3042    x$fpl$scanf2        fz_wm.l(scanf2.o)
    0x0800595a   0x00000030   Code   RO         3048    x$fpl$trapveneer    fz_wm.l(trapv.o)
    0x0800598a   0x00000000   Code   RO         2867    x$fpl$usenofp       fz_wm.l(usenofp.o)
    0x0800598a   0x00000006   PAD
    0x08005990   0x00000088   Data   RO         2835    .constdata          m_wm.l(pow.o)
    0x08005a18   0x00000008   Data   RO         2880    .constdata          m_wm.l(qnan.o)
    0x08005a20   0x00000094   Data   RO         3006    .constdata          c_w.l(bigflt0.o)
    0x08005ab4   0x00000020   Data   RO         3162    Region$$Table       anon$$obj.o
    0x08005ad4   0x00000008   Data   RO         3035    c$$dinf             fz_wm.l(fpconst.o)
    0x08005adc   0x0000001c   Data   RO         2917    locale$$data        c_w.l(lc_numeric_c.o)
    0x08005af8   0x00000110   Data   RO         3030    locale$$data        c_w.l(lc_ctype_c.o)


    Execution Region RW_IRAM1 (Base: 0x20000000, Size: 0x000094a8, Max: 0x00020000, ABSOLUTE)

    Base Addr    Size         Type   Attr      Idx    E Section Name        Object

    0x20000000   0x00000014   Data   RW           15    .data               system_stm32f4xx.o
    0x20000014   0x00000010   Data   RW          817    .data               stm32f4xx_rcc.o
    0x20000024   0x00000010   Data   RW         2284    .data               pid05.o
    0x20000034   0x00000024   Data   RW         2392    .data               luanvan3-05vs2.o
    0x20000058   0x000001c0   Zero   RW         2279    .bss                pid05.o
    0x20000218   0x0000022f   Zero   RW         2390    .bss                luanvan3-05vs2.o
    0x20000447   0x00000001   PAD
    0x20000448   0x00000060   Zero   RW         2931    .bss                c_w.l(libspace.o)
    0x200004a8   0x00003000   Zero   RW            2    HEAP                startup_stm32f4xx.o
    0x200034a8   0x00006000   Zero   RW            1    STACK               startup_stm32f4xx.o


==============================================================================

Image component sizes


      Code (inc. data)   RO Data    RW Data    ZI Data      Debug   Object Name

      1524        108          0         36        559      31488   luanvan3-05vs2.o
       120         18          0          0          0      15939   misc.o
      1384        116          0          0          0       9822   peripheral05.o
      3308        344          0         16        448      12227   pid05.o
       228         10          0          0          0       1092   powersd05.o
        64         26        392          0      36864        868   startup_stm32f4xx.o
       624         64          0          0          0      18840   stm32f4xx_dma.o
       144          8          0          0          0       3939   stm32f4xx_exti.o
       212          0          0          0          0       9062   stm32f4xx_gpio.o
       244         40          0         16          0      17704   stm32f4xx_rcc.o
        96          0          0          0          0      10260   stm32f4xx_spi.o
        40          6          0          0          0        612   stm32f4xx_syscfg.o
       672         60          0          0          0      27931   stm32f4xx_tim.o
       220         10          0          0          0       8444   stm32f4xx_usart.o
       280         36          0         20          0     269901   system_stm32f4xx.o

    ----------------------------------------------------------------------
      9166        846        424         88      37872     438129   Object Totals
         0          0         32          0          0          0   (incl. Generated)
         6          0          0          0          1          0   (incl. Padding)

    ----------------------------------------------------------------------

      Code (inc. data)   RO Data    RW Data    ZI Data      Debug   Library Member Name

         8          0          0          0          0         68   __main.o
        52          8          0          0          0          0   __scatter.o
        26          0          0          0          0          0   __scatter_copy.o
        28          0          0          0          0          0   __scatter_zi.o
        28          0          0          0          0         68   _chval.o
        22          0          0          0          0        100   _rserrno.o
        64          0          0          0          0         84   _sgetc.o
       228          6        148          0          0         96   bigflt0.o
      1846        132          0          0          0        736   btod.o
        12          0          0          0          0         72   exit.o
         6          0          0          0          0        152   heapauxi.o
         0          0          0          0          0          0   indicate_semi.o
        18          0          0          0          0         76   isspace.o
        44         10        272          0          0         76   lc_ctype_c.o
        44         10         28          0          0         76   lc_numeric_c.o
         2          0          0          0          0          0   libinit.o
        34          0          0          0          0          0   libinit2.o
         2          0          0          0          0          0   libshutdown.o
         2          0          0          0          0          0   libshutdown2.o
         8          4          0          0         96         68   libspace.o
        38          0          0          0          0         68   llshl.o
        16          4          0          0          0         76   rt_ctype_table.o
         8          4          0          0          0         68   rt_errno_addr_intlibspace.o
         8          4          0          0          0         68   rt_locale_intlibspace.o
        68          0          0          0          0         68   rt_memclr.o
        78          0          0          0          0         80   rt_memclr_w.o
         0          0          0          0          0          0   rtentry.o
        12          0          0          0          0          0   rtentry2.o
         6          0          0          0          0          0   rtentry4.o
         2          0          0          0          0          0   rtexit.o
        10          0          0          0          0          0   rtexit2.o
      1202         12          0          0          0        216   scanf_fp.o
       788         12          0          0          0        100   scanf_hexfp.o
       316         18          0          0          0        100   scanf_infnan.o
       128          0          0          0          0         68   strcmpv7m.o
        86          0          0          0          0         76   strncpy.o
       160         12          0          0          0        120   strtod.o
        12          4          0          0          0         68   sys_exit.o
        74          0          0          0          0         80   sys_stackheap_outer.o
         2          0          0          0          0         68   use_no_semi.o
        24          0          0          0          0        164   basic.o
        98          4          0          0          0        140   d2f.o
       826         16          0          0          0        492   daddsub_clz.o
        16          4          0          0          0        116   dcheck1.o
        24          0          0          0          0        116   dcmpi.o
       688        140          0          0          0        256   ddiv.o
       120          4          0          0          0        140   deqf.o
        84          0          0          0          0        232   dflt_clz.o
       120          4          0          0          0        140   dleqf.o
       340         12          0          0          0        152   dmul.o
       156          4          0          0          0        140   dnaninf.o
        12          0          0          0          0        116   dretinf.o
       108          0          0          0          0        128   drleqf.o
       408         56          0          0          0        168   dsqrt_umaal.o
        86          4          0          0          0        132   f2d.o
       140          4          0          0          0        132   fnaninf.o
         0          0          8          0          0          0   fpconst.o
        10          0          0          0          0        116   fpinit.o
        10          0          0          0          0        116   fretinf.o
       100          0          0          0          0        116   retnan.o
        92          0          0          0          0        116   scalbn.o
         4          0          0          0          0        116   scanf1.o
         8          0          0          0          0        132   scanf2.o
        48          0          0          0          0        116   trapv.o
         0          0          0          0          0          0   usenofp.o
        56         12          0          0          0        132   atof.o
        32          8          0          0          0        124   dunder.o
        32          0          0          0          0        124   fabs.o
        48          0          0          0          0        124   fpclassify.o
       156         22          0          0          0        132   frexp.o
       252         16          0          0          0        308   ldexp.o
       184         18          0          0          0        152   narrow.o
       248          0          0          0          0        152   poly.o
      3216        310        136          0          0        216   pow.o
         0          0          8          0          0          0   qnan.o
       110          0          0          0          0        148   sqrt.o

    ----------------------------------------------------------------------
     13370        878        600          0         96       8200   Library Totals
        26          0          0          0          0          0   (incl. Padding)

    ----------------------------------------------------------------------

      Code (inc. data)   RO Data    RW Data    ZI Data      Debug   Library Name

      5488        240        448          0         96       2996   c_w.l
      3522        252          8          0          0       3592   fz_wm.l
      4334        386        144          0          0       1612   m_wm.l

    ----------------------------------------------------------------------
     13370        878        600          0         96       8200   Library Totals

    ----------------------------------------------------------------------

==============================================================================


      Code (inc. data)   RO Data    RW Data    ZI Data      Debug   

     22536       1724       1024         88      37968     434413   Grand Totals
     22536       1724       1024         88      37968     434413   ELF Image Totals
     22536       1724       1024         88          0          0   ROM Totals

==============================================================================

    Total RO  Size (Code + RO Data)                23560 (  23.01kB)
    Total RW  Size (RW Data + ZI Data)             38056 (  37.16kB)
    Total ROM Size (Code + RO Data + RW Data)      23648 (  23.09kB)

==============================================================================

