<html>
<body>
<pre>
<h1>µVision Build Log</h1>
<h2>Project:</h2>
C:\Users\41200\Desktop\ST32F405_project_LeVanChuc\MDK-ARM-project\crc.uvproj
Project File Date:  10/19/2016

<h2>Output:</h2>
Rebuild target 'CRC'
assembling startup_stm32f4xx.s...
compiling system_stm32f4xx.c...
compiling misc.c...
compiling stm32f4xx_dma.c...
compiling stm32f4xx_exti.c...
compiling stm32f4xx_flash.c...
compiling stm32f4xx_gpio.c...
compiling stm32f4xx_rcc.c...
compiling stm32f4xx_spi.c...
compiling stm32f4xx_tim.c...
compiling stm32f4xx_usart.c...
compiling stm32f4xx_syscfg.c...
compiling diskio05.c...
..\filestmf405.c\diskio05.c(490): warning: C4017W: buf may be used before being set
        BYTE n, ty, cmd, buf[4];
..\filestmf405.c\diskio05.c: 1 warning, 0 errors
compiling peripheral05.c...
compiling pid05.c...
..\filestmf405.c\pid05.c(139): warning:  #1035-D: single-precision operand implicitly converted to double-precision
        roll=roll*0.1;
..\filestmf405.c\pid05.c(147): warning:  #1035-D: single-precision operand implicitly converted to double-precision
        pitch=pitch*0.1;
..\filestmf405.c\pid05.c(155): warning:  #1035-D: single-precision operand implicitly converted to double-precision
        yaw=yaw*0.1;
..\filestmf405.c\pid05.c(200): warning:  #1035-D: single-precision operand implicitly converted to double-precision
                                Roll_PID.a0=(Roll_PID.Kp +Roll_PID.Ki*0.02*0.5+Roll_PID.Kd*50); //a0=(Roll_PID.Kp +Roll_PID.Ki*0.01*0.5+Roll_PID.Kd/0.01)
..\filestmf405.c\pid05.c(201): warning:  #1035-D: single-precision operand implicitly converted to double-precision
                                Roll_PID.a1=(-Roll_PID.Kp+Roll_PID.Ki*0.02*0.5-2*Roll_PID.Kd*50);//a1=(-Roll_PID.Kp+Roll_PID.Ki*0.01*0.5-2*Roll_PID.Kd/0.01);
..\filestmf405.c\pid05.c(245): warning:  #1035-D: single-precision operand implicitly converted to double-precision
                                        Pitch_PID.a0=(Pitch_PID.Kp +Pitch_PID.Ki*0.02*0.5+Pitch_PID.Kd*50);     
..\filestmf405.c\pid05.c(246): warning:  #1035-D: single-precision operand implicitly converted to double-precision
                                        Pitch_PID.a1=(-Pitch_PID.Kp+Pitch_PID.Ki*0.02*0.5-2*Pitch_PID.Kd*50);
..\filestmf405.c\pid05.c(288): warning:  #1035-D: single-precision operand implicitly converted to double-precision
                                                        Alt_PID.a0=(Alt_PID.Kp +Alt_PID.Ki*0.1*0.5+Alt_PID.Kd*10);      
..\filestmf405.c\pid05.c(289): warning:  #1035-D: single-precision operand implicitly converted to double-precision
                                                        Alt_PID.a1=(-Alt_PID.Kp+Alt_PID.Ki*0.1*0.5-2*Alt_PID.Kd*10);
..\filestmf405.c\pid05.c(319): warning:  #1035-D: single-precision operand implicitly converted to double-precision
                                                                Alt_PID.a0=(Press.Kp +Press.Ki*0.1*0.5+Press.Kd*10);    
..\filestmf405.c\pid05.c(320): warning:  #1035-D: single-precision operand implicitly converted to double-precision
                                                                Alt_PID.a1=(-Press.Kp+Press.Ki*0.1*0.5-2*Press.Kd*10);
..\filestmf405.c\pid05.c(364): warning:  #1035-D: single-precision operand implicitly converted to double-precision
                                Yaw_PID.a0=(Yaw_PID.Kp +Yaw_PID.Ki*0.02*0.5+Yaw_PID.Kd*50);     
..\filestmf405.c\pid05.c(365): warning:  #1035-D: single-precision operand implicitly converted to double-precision
                                Yaw_PID.a1=(-Yaw_PID.Kp+Yaw_PID.Ki*0.02*0.5-2*Yaw_PID.Kd*50);
..\filestmf405.c\pid05.c(400): warning:  #1035-D: single-precision operand implicitly converted to double-precision
                Pwm =(int)((float)(1.5 - Roll/90) * 21711 / 13.7);
..\filestmf405.c\pid05.c(400): warning:  #1035-D: single-precision operand implicitly converted to double-precision
                Pwm =(int)((float)(1.5 - Roll/90) * 21711 / 13.7);
..\filestmf405.c\pid05.c(412): warning:  #1035-D: single-precision operand implicitly converted to double-precision
        Pwm =(int)((float)(1.56 + Pitch/90) * 21711 / 13.7);
..\filestmf405.c\pid05.c(412): warning:  #1035-D: single-precision operand implicitly converted to double-precision
        Pwm =(int)((float)(1.56 + Pitch/90) * 21711 / 13.7);
..\filestmf405.c\pid05.c(420): warning:  #1035-D: single-precision operand implicitly converted to double-precision
        Pwm =(int)((1+(Yaw+45)/90)*21711/13.7);
..\filestmf405.c\pid05.c(64): warning: C4017W: pos_dot_lon may be used before being set
        uint8_t pos_dot_lat, pos_dot_lon;
..\filestmf405.c\pid05.c(64): warning: C4017W: pos_dot_lat may be used before being set
        uint8_t pos_dot_lat, pos_dot_lon;
..\filestmf405.c\pid05.c: 20 warnings, 0 errors
compiling powersd05.c...
compiling luanvan3-05vs2.c...
compiling fattime.c...
compiling ff.c...
..\Sd Card\ff.c(1690): warning:  #111-D: statement is unreachable
                        w = (w << 8) + b;                       /* Create a DBC */
..\Sd Card\ff.c: 1 warning, 0 errors
compiling ccsbcs.c...
linking...
Program Size: Code=14744 RO-data=632 RW-data=96 ZI-data=25640  
".\Project\crc.axf" - 0 Error(s), 22 Warning(s).
Load "C:\\Users\\41200\\Desktop\\ST32F405_project_LeVanChuc\\MDK-ARM-project\\Project\\crc.axf" 
Error: Flash Download failed  -  Target DLL has been cancelled
Load "C:\\Users\\41200\\Desktop\\ST32F405_project_LeVanChuc\\MDK-ARM-project\\Project\\crc.axf" 
Erase Done.
Programming Done.
Verify OK.
Application running ...
Load "C:\\Users\\41200\\Desktop\\ST32F405_project_LeVanChuc\\MDK-ARM-project\\Project\\crc.axf" 
Error: Flash Download failed  -  Target DLL has been cancelled
Load "C:\\Users\\41200\\Desktop\\ST32F405_project_LeVanChuc\\MDK-ARM-project\\Project\\crc.axf" 
Erase Done.
Programming Done.
Verify OK.
Application running ...
