<html>
<body>
<pre>
<h1>µVision Build Log</h1>
<h2>Project:</h2>
E:\Studying\InSchool\DoAnVaLuanVan\CD_LVTN\Project-lvtn\ST32F405_project_LeVanChuc\MDK-ARM-project\crc.uvproj
Project File Date:  08/23/2016

<h2>Output:</h2>
Build target 'CRC'
compiling pid05.c...
..\filestmf405.c\pid05.c(170): warning:  #1035-D: single-precision operand implicitly converted to double-precision
        roll=roll*0.1;
..\filestmf405.c\pid05.c(178): warning:  #1035-D: single-precision operand implicitly converted to double-precision
        pitch=pitch*0.1;
..\filestmf405.c\pid05.c(186): warning:  #1035-D: single-precision operand implicitly converted to double-precision
        yaw=yaw*0.1;
..\filestmf405.c\pid05.c(231): warning:  #1035-D: single-precision operand implicitly converted to double-precision
                                Roll_PID.a0=(Roll_PID.Kp +Roll_PID.Ki*0.02*0.5+Roll_PID.Kd*50); //a0=(Roll_PID.Kp +Roll_PID.Ki*0.01*0.5+Roll_PID.Kd/0.01)
..\filestmf405.c\pid05.c(232): warning:  #1035-D: single-precision operand implicitly converted to double-precision
                                Roll_PID.a1=(-Roll_PID.Kp+Roll_PID.Ki*0.02*0.5-2*Roll_PID.Kd*50);//a1=(-Roll_PID.Kp+Roll_PID.Ki*0.01*0.5-2*Roll_PID.Kd/0.01);
..\filestmf405.c\pid05.c(276): warning:  #1035-D: single-precision operand implicitly converted to double-precision
                                        Pitch_PID.a0=(Pitch_PID.Kp +Pitch_PID.Ki*0.02*0.5+Pitch_PID.Kd*50);     
..\filestmf405.c\pid05.c(277): warning:  #1035-D: single-precision operand implicitly converted to double-precision
                                        Pitch_PID.a1=(-Pitch_PID.Kp+Pitch_PID.Ki*0.02*0.5-2*Pitch_PID.Kd*50);
..\filestmf405.c\pid05.c(319): warning:  #1035-D: single-precision operand implicitly converted to double-precision
                                                        Alt_PID.a0=(Alt_PID.Kp +Alt_PID.Ki*0.1*0.5+Alt_PID.Kd*10);      
..\filestmf405.c\pid05.c(320): warning:  #1035-D: single-precision operand implicitly converted to double-precision
                                                        Alt_PID.a1=(-Alt_PID.Kp+Alt_PID.Ki*0.1*0.5-2*Alt_PID.Kd*10);
..\filestmf405.c\pid05.c(350): warning:  #1035-D: single-precision operand implicitly converted to double-precision
                                                                Alt_PID.a0=(Press.Kp +Press.Ki*0.1*0.5+Press.Kd*10);    
..\filestmf405.c\pid05.c(351): warning:  #1035-D: single-precision operand implicitly converted to double-precision
                                                                Alt_PID.a1=(-Press.Kp+Press.Ki*0.1*0.5-2*Press.Kd*10);
..\filestmf405.c\pid05.c(395): warning:  #1035-D: single-precision operand implicitly converted to double-precision
                                Yaw_PID.a0=(Yaw_PID.Kp +Yaw_PID.Ki*0.02*0.5+Yaw_PID.Kd*50);     
..\filestmf405.c\pid05.c(396): warning:  #1035-D: single-precision operand implicitly converted to double-precision
                                Yaw_PID.a1=(-Yaw_PID.Kp+Yaw_PID.Ki*0.02*0.5-2*Yaw_PID.Kd*50);
..\filestmf405.c\pid05.c: 13 warnings, 0 errors
linking...
Program Size: Code=15872 RO-data=632 RW-data=120 ZI-data=25640  
".\Project\crc.axf" - 0 Error(s), 13 Warning(s).
Load "E:\\Studying\\InSchool\\DoAnVaLuanVan\\CD_LVTN\\Project-lvtn\\ST32F405_project_LeVanChuc\\MDK-ARM-project\\Project\\crc.axf" 
Error: Flash Download failed  -  Target DLL has been cancelled
Load "E:\\Studying\\InSchool\\DoAnVaLuanVan\\CD_LVTN\\Project-lvtn\\ST32F405_project_LeVanChuc\\MDK-ARM-project\\Project\\crc.axf" 
Erase Done.
Programming Done.
Verify OK.
Application running ...
</pre>
</body>
</html>
