ARM Linker, 5.03 [Build 76] [MDK-ARM Lite]

==============================================================================

Section Cross References

    startup_stm32f4xx.o(RESET) refers to startup_stm32f4xx.o(STACK) for __initial_sp
    startup_stm32f4xx.o(RESET) refers to startup_stm32f4xx.o(.text) for Reset_Handler
    startup_stm32f4xx.o(RESET) refers to luanvan3-05vs2.o(i.SysTick_Handler) for SysTick_Handler
    startup_stm32f4xx.o(RESET) refers to luanvan3-05vs2.o(i.DMA1_Stream2_IRQHandler) for DMA1_Stream2_IRQHandler
    startup_stm32f4xx.o(RESET) refers to peripheral05.o(i.DMA1_Stream4_IRQHandler) for DMA1_Stream4_IRQHandler
    startup_stm32f4xx.o(RESET) refers to peripheral05.o(i.EXTI9_5_IRQHandler) for EXTI9_5_IRQHandler
    startup_stm32f4xx.o(.text) refers to system_stm32f4xx.o(i.SystemInit) for SystemInit
    startup_stm32f4xx.o(.text) refers to entry.o(.ARM.Collect$$$$00000000) for __main
    system_stm32f4xx.o(i.SystemCoreClockUpdate) refers to system_stm32f4xx.o(.data) for .data
    system_stm32f4xx.o(i.SystemInit) refers to system_stm32f4xx.o(i.SetSysClock) for SetSysClock
    stm32f4xx_flash.o(i.FLASH_EraseAllSectors) refers to stm32f4xx_flash.o(i.FLASH_WaitForLastOperation) for FLASH_WaitForLastOperation
    stm32f4xx_flash.o(i.FLASH_EraseSector) refers to stm32f4xx_flash.o(i.FLASH_WaitForLastOperation) for FLASH_WaitForLastOperation
    stm32f4xx_flash.o(i.FLASH_OB_Launch) refers to stm32f4xx_flash.o(i.FLASH_WaitForLastOperation) for FLASH_WaitForLastOperation
    stm32f4xx_flash.o(i.FLASH_OB_RDPConfig) refers to stm32f4xx_flash.o(i.FLASH_WaitForLastOperation) for FLASH_WaitForLastOperation
    stm32f4xx_flash.o(i.FLASH_OB_UserConfig) refers to stm32f4xx_flash.o(i.FLASH_WaitForLastOperation) for FLASH_WaitForLastOperation
    stm32f4xx_flash.o(i.FLASH_OB_WRPConfig) refers to stm32f4xx_flash.o(i.FLASH_WaitForLastOperation) for FLASH_WaitForLastOperation
    stm32f4xx_flash.o(i.FLASH_ProgramByte) refers to stm32f4xx_flash.o(i.FLASH_WaitForLastOperation) for FLASH_WaitForLastOperation
    stm32f4xx_flash.o(i.FLASH_ProgramDoubleWord) refers to stm32f4xx_flash.o(i.FLASH_WaitForLastOperation) for FLASH_WaitForLastOperation
    stm32f4xx_flash.o(i.FLASH_ProgramHalfWord) refers to stm32f4xx_flash.o(i.FLASH_WaitForLastOperation) for FLASH_WaitForLastOperation
    stm32f4xx_flash.o(i.FLASH_ProgramWord) refers to stm32f4xx_flash.o(i.FLASH_WaitForLastOperation) for FLASH_WaitForLastOperation
    stm32f4xx_flash.o(i.FLASH_WaitForLastOperation) refers to stm32f4xx_flash.o(i.FLASH_GetStatus) for FLASH_GetStatus
    stm32f4xx_gpio.o(i.GPIO_DeInit) refers to stm32f4xx_rcc.o(i.RCC_AHB1PeriphResetCmd) for RCC_AHB1PeriphResetCmd
    stm32f4xx_rcc.o(i.RCC_GetClocksFreq) refers to stm32f4xx_rcc.o(.data) for .data
    stm32f4xx_rcc.o(i.RCC_WaitForHSEStartUp) refers to stm32f4xx_rcc.o(i.RCC_GetFlagStatus) for RCC_GetFlagStatus
    stm32f4xx_spi.o(i.SPI_I2S_DeInit) refers to stm32f4xx_rcc.o(i.RCC_APB2PeriphResetCmd) for RCC_APB2PeriphResetCmd
    stm32f4xx_spi.o(i.SPI_I2S_DeInit) refers to stm32f4xx_rcc.o(i.RCC_APB1PeriphResetCmd) for RCC_APB1PeriphResetCmd
    stm32f4xx_tim.o(i.TIM_DeInit) refers to stm32f4xx_rcc.o(i.RCC_APB2PeriphResetCmd) for RCC_APB2PeriphResetCmd
    stm32f4xx_tim.o(i.TIM_DeInit) refers to stm32f4xx_rcc.o(i.RCC_APB1PeriphResetCmd) for RCC_APB1PeriphResetCmd
    stm32f4xx_tim.o(i.TIM_ETRClockMode1Config) refers to stm32f4xx_tim.o(i.TIM_ETRConfig) for TIM_ETRConfig
    stm32f4xx_tim.o(i.TIM_ETRClockMode2Config) refers to stm32f4xx_tim.o(i.TIM_ETRConfig) for TIM_ETRConfig
    stm32f4xx_tim.o(i.TIM_ICInit) refers to stm32f4xx_tim.o(i.TIM_SetIC4Prescaler) for TIM_SetIC4Prescaler
    stm32f4xx_tim.o(i.TIM_ICInit) refers to stm32f4xx_tim.o(i.TI1_Config) for TI1_Config
    stm32f4xx_tim.o(i.TIM_ICInit) refers to stm32f4xx_tim.o(i.TIM_SetIC1Prescaler) for TIM_SetIC1Prescaler
    stm32f4xx_tim.o(i.TIM_ICInit) refers to stm32f4xx_tim.o(i.TI2_Config) for TI2_Config
    stm32f4xx_tim.o(i.TIM_ICInit) refers to stm32f4xx_tim.o(i.TIM_SetIC2Prescaler) for TIM_SetIC2Prescaler
    stm32f4xx_tim.o(i.TIM_ICInit) refers to stm32f4xx_tim.o(i.TIM_SetIC3Prescaler) for TIM_SetIC3Prescaler
    stm32f4xx_tim.o(i.TIM_ITRxExternalClockConfig) refers to stm32f4xx_tim.o(i.TIM_SelectInputTrigger) for TIM_SelectInputTrigger
    stm32f4xx_tim.o(i.TIM_PWMIConfig) refers to stm32f4xx_tim.o(i.TI2_Config) for TI2_Config
    stm32f4xx_tim.o(i.TIM_PWMIConfig) refers to stm32f4xx_tim.o(i.TIM_SetIC2Prescaler) for TIM_SetIC2Prescaler
    stm32f4xx_tim.o(i.TIM_PWMIConfig) refers to stm32f4xx_tim.o(i.TI1_Config) for TI1_Config
    stm32f4xx_tim.o(i.TIM_PWMIConfig) refers to stm32f4xx_tim.o(i.TIM_SetIC1Prescaler) for TIM_SetIC1Prescaler
    stm32f4xx_tim.o(i.TIM_TIxExternalClockConfig) refers to stm32f4xx_tim.o(i.TI1_Config) for TI1_Config
    stm32f4xx_tim.o(i.TIM_TIxExternalClockConfig) refers to stm32f4xx_tim.o(i.TIM_SelectInputTrigger) for TIM_SelectInputTrigger
[...]
    sqrt_x.o(i.____softfp_sqrt$lsc) refers to errno.o(i.__set_errno) for __set_errno
    sqrt_x.o(i.____softfp_sqrt$lsc) refers to dsqrt.o(.text) for _dsqrt
    sqrt_x.o(i.__sqrt$lsc) refers (Special) to iusefp.o(.text) for __I$use$fp
    sqrt_x.o(i.__sqrt$lsc) refers to cdcmple.o(.text) for __aeabi_cdcmple
    sqrt_x.o(i.__sqrt$lsc) refers to errno.o(i.__set_errno) for __set_errno
    sqrt_x.o(i.__sqrt$lsc) refers to dsqrt.o(.text) for _dsqrt
    entry2.o(.ARM.Collect$$$$00000001) refers to entry2.o(.ARM.Collect$$$$00002712) for __lit__00000000
    entry2.o(.ARM.Collect$$$$00002712) refers to startup_stm32f4xx.o(STACK) for __initial_sp
    entry2.o(__vectab_stack_and_reset_area) refers to startup_stm32f4xx.o(STACK) for __initial_sp
    entry2.o(__vectab_stack_and_reset_area) refers to entry.o(.ARM.Collect$$$$00000000) for __main
    entry5.o(.ARM.Collect$$$$00000004) refers to init.o(.text) for __scatterload
    entry9a.o(.ARM.Collect$$$$0000000B) refers to luanvan3-05vs2.o(i.main) for main
    entry9b.o(.ARM.Collect$$$$0000000C) refers to luanvan3-05vs2.o(i.main) for main
    errno.o(i.__aeabi_errno_addr) refers to errno.o(.data) for .data
    errno.o(i.__read_errno) refers to errno.o(.data) for .data
    errno.o(i.__set_errno) refers to errno.o(.data) for .data
    strtod.o(.text) refers to scanf_fp.o(.text) for _scanf_real
    strtod.o(.text) refers to _sgetc.o(.text) for _sgetc
    strtod.o(.text) refers to isspace_c.o(.text) for isspace
    depilogue.o(.text) refers to llshl.o(.text) for __aeabi_llsl
    depilogue.o(.text) refers to llushr.o(.text) for __aeabi_llsr
    init.o(.text) refers to entry5.o(.ARM.Collect$$$$00000004) for __main_after_scatterload
    isspace_c.o(.text) refers to ctype_c.o(.text) for __ctype_lookup
    scanf_fp.o(.text) refers (Special) to iusefp.o(.text) for __I$use$fp
    scanf_fp.o(.text) refers to dfltul.o(.text) for __aeabi_ul2d
    scanf_fp.o(.text) refers to dmul.o(.text) for __aeabi_dmul
    scanf_fp.o(.text) refers to ddiv.o(.text) for __aeabi_ddiv
    scanf_fp.o(.text) refers to scanf_fp.o(i._is_digit) for _is_digit
    scanf_fp.o(.text) refers to d2f.o(.text) for __aeabi_d2f
    dsqrt.o(.text) refers to llushr.o(.text) for __aeabi_llsr
    dsqrt.o(.text) refers to depilogue.o(.text) for _double_round
    ctype_c.o(.text) refers to ctype_c.o(.constdata) for .constdata
    dfltul.o(.text) refers to depilogue.o(.text) for _double_epilogue
    scanf_fp.o(i._is_digit) refers (Special) to iusefp.o(.text) for __I$use$fp


==============================================================================

Removing Unused input sections from the image.

    Removing startup_stm32f4xx.o(HEAP), (12288 bytes).
    Removing system_stm32f4xx.o(.rev16_text), (4 bytes).
    Removing system_stm32f4xx.o(.revsh_text), (4 bytes).
    Removing system_stm32f4xx.o(i.SystemCoreClockUpdate), (124 bytes).
    Removing misc.o(.rev16_text), (4 bytes).
    Removing misc.o(.revsh_text), (4 bytes).
    Removing misc.o(i.NVIC_SetVectorTable), (20 bytes).
    Removing misc.o(i.NVIC_SystemLPConfig), (24 bytes).
    Removing misc.o(i.SysTick_CLKSourceConfig), (24 bytes).
    Removing stm32f4xx_dma.o(.rev16_text), (4 bytes).
    Removing stm32f4xx_dma.o(.revsh_text), (4 bytes).
    Removing stm32f4xx_dma.o(i.DMA_DoubleBufferModeCmd), (20 bytes).
    Removing stm32f4xx_dma.o(i.DMA_DoubleBufferModeConfig), (22 bytes).
    Removing stm32f4xx_dma.o(i.DMA_FlowControllerConfig), (20 bytes).
    Removing stm32f4xx_dma.o(i.DMA_GetCmdStatus), (14 bytes).
    Removing stm32f4xx_dma.o(i.DMA_GetCurrDataCounter), (6 bytes).
    Removing stm32f4xx_dma.o(i.DMA_GetCurrentMemoryTarget), (14 bytes).
    Removing stm32f4xx_dma.o(i.DMA_GetFIFOStatus), (8 bytes).
    Removing stm32f4xx_dma.o(i.DMA_GetFlagStatus), (52 bytes).
    Removing stm32f4xx_dma.o(i.DMA_MemoryTargetConfig), (10 bytes).
    Removing stm32f4xx_dma.o(i.DMA_PeriphIncOffsetSizeConfig), (20 bytes).
    Removing stm32f4xx_dma.o(i.DMA_StructInit), (34 bytes).
    Removing stm32f4xx_exti.o(.rev16_text), (4 bytes).
    Removing stm32f4xx_exti.o(.revsh_text), (4 bytes).
    Removing stm32f4xx_exti.o(i.EXTI_ClearFlag), (12 bytes).
    Removing stm32f4xx_exti.o(i.EXTI_ClearITPendingBit), (12 bytes).
    Removing stm32f4xx_exti.o(i.EXTI_DeInit), (36 bytes).
    Removing stm32f4xx_exti.o(i.EXTI_GenerateSWInterrupt), (16 bytes).
    Removing stm32f4xx_exti.o(i.EXTI_GetFlagStatus), (20 bytes).
    Removing stm32f4xx_exti.o(i.EXTI_StructInit), (14 bytes).
    Removing stm32f4xx_flash.o(.rev16_text), (4 bytes).
    Removing stm32f4xx_flash.o(.revsh_text), (4 bytes).
    Removing stm32f4xx_flash.o(i.FLASH_ClearFlag), (12 bytes).
    Removing stm32f4xx_flash.o(i.FLASH_DataCacheCmd), (28 bytes).
    Removing stm32f4xx_flash.o(i.FLASH_DataCacheReset), (16 bytes).
    Removing stm32f4xx_flash.o(i.FLASH_EraseAllSectors), (92 bytes).
    Removing stm32f4xx_flash.o(i.FLASH_EraseSector), (108 bytes).
    Removing stm32f4xx_flash.o(i.FLASH_GetFlagStatus), (20 bytes).
    Removing stm32f4xx_flash.o(i.FLASH_GetStatus), (52 bytes).
    Removing stm32f4xx_flash.o(i.FLASH_ITConfig), (24 bytes).
    Removing stm32f4xx_flash.o(i.FLASH_InstructionCacheCmd), (28 bytes).
    Removing stm32f4xx_flash.o(i.FLASH_InstructionCacheReset), (16 bytes).
    Removing stm32f4xx_flash.o(i.FLASH_Lock), (16 bytes).
    Removing stm32f4xx_flash.o(i.FLASH_OB_BORConfig), (24 bytes).
    Removing stm32f4xx_flash.o(i.FLASH_OB_GetBOR), (16 bytes).
    Removing stm32f4xx_flash.o(i.FLASH_OB_GetRDP), (20 bytes).
    Removing stm32f4xx_flash.o(i.FLASH_OB_GetUser), (16 bytes).
    Removing stm32f4xx_flash.o(i.FLASH_OB_GetWRP), (12 bytes).
    Removing stm32f4xx_flash.o(i.FLASH_OB_Launch), (20 bytes).
    Removing stm32f4xx_flash.o(i.FLASH_OB_Lock), (16 bytes).
    Removing stm32f4xx_flash.o(i.FLASH_OB_RDPConfig), (24 bytes).
    Removing stm32f4xx_flash.o(i.FLASH_OB_Unlock), (36 bytes).
    Removing stm32f4xx_flash.o(i.FLASH_OB_UserConfig), (40 bytes).
    Removing stm32f4xx_flash.o(i.FLASH_OB_WRPConfig), (36 bytes).
    Removing stm32f4xx_flash.o(i.FLASH_PrefetchBufferCmd), (28 bytes).
    Removing stm32f4xx_flash.o(i.FLASH_ProgramByte), (56 bytes).
    Removing stm32f4xx_flash.o(i.FLASH_ProgramDoubleWord), (64 bytes).
    Removing stm32f4xx_flash.o(i.FLASH_ProgramHalfWord), (60 bytes).
    Removing stm32f4xx_flash.o(i.FLASH_ProgramWord), (60 bytes).
    Removing stm32f4xx_flash.o(i.FLASH_SetLatency), (12 bytes).
    Removing stm32f4xx_flash.o(i.FLASH_Unlock), (36 bytes).
    Removing stm32f4xx_flash.o(i.FLASH_WaitForLastOperation), (30 bytes).
    Removing stm32f4xx_gpio.o(.rev16_text), (4 bytes).
    Removing stm32f4xx_gpio.o(.revsh_text), (4 bytes).
    Removing stm32f4xx_gpio.o(i.GPIO_DeInit), (228 bytes).
    Removing stm32f4xx_gpio.o(i.GPIO_PinLockConfig), (24 bytes).
    Removing stm32f4xx_gpio.o(i.GPIO_ReadInputData), (6 bytes).
    Removing stm32f4xx_gpio.o(i.GPIO_ReadOutputData), (6 bytes).
    Removing stm32f4xx_gpio.o(i.GPIO_ReadOutputDataBit), (14 bytes).
    Removing stm32f4xx_gpio.o(i.GPIO_ResetBits), (4 bytes).
    Removing stm32f4xx_gpio.o(i.GPIO_StructInit), (18 bytes).
    Removing stm32f4xx_gpio.o(i.GPIO_ToggleBits), (8 bytes).
    Removing stm32f4xx_gpio.o(i.GPIO_Write), (4 bytes).
    Removing stm32f4xx_gpio.o(i.GPIO_WriteBit), (10 bytes).
    Removing stm32f4xx_rcc.o(.rev16_text), (4 bytes).
    Removing stm32f4xx_rcc.o(.revsh_text), (4 bytes).
    Removing stm32f4xx_rcc.o(i.RCC_AHB1PeriphClockLPModeCmd), (24 bytes).
    Removing stm32f4xx_rcc.o(i.RCC_AHB2PeriphClockCmd), (24 bytes).
    Removing stm32f4xx_rcc.o(i.RCC_AHB2PeriphClockLPModeCmd), (24 bytes).
    Removing stm32f4xx_rcc.o(i.RCC_AHB2PeriphResetCmd), (24 bytes).
    Removing stm32f4xx_rcc.o(i.RCC_AHB3PeriphClockCmd), (24 bytes).
    Removing stm32f4xx_rcc.o(i.RCC_AHB3PeriphClockLPModeCmd), (24 bytes).
    Removing stm32f4xx_rcc.o(i.RCC_AHB3PeriphResetCmd), (24 bytes).
    Removing stm32f4xx_rcc.o(i.RCC_APB1PeriphClockLPModeCmd), (24 bytes).
    Removing stm32f4xx_rcc.o(i.RCC_APB1PeriphResetCmd), (24 bytes).
    Removing stm32f4xx_rcc.o(i.RCC_APB2PeriphClockLPModeCmd), (24 bytes).
    Removing stm32f4xx_rcc.o(i.RCC_APB2PeriphResetCmd), (24 bytes).
    Removing stm32f4xx_rcc.o(i.RCC_AdjustHSICalibrationValue), (20 bytes).
    Removing stm32f4xx_rcc.o(i.RCC_BackupResetCmd), (12 bytes).
    Removing stm32f4xx_rcc.o(i.RCC_ClearFlag), (16 bytes).
    Removing stm32f4xx_rcc.o(i.RCC_ClearITPendingBit), (12 bytes).
    Removing stm32f4xx_rcc.o(i.RCC_ClockSecuritySystemCmd), (12 bytes).
    Removing stm32f4xx_rcc.o(i.RCC_DeInit), (60 bytes).
    Removing stm32f4xx_rcc.o(i.RCC_GetFlagStatus), (52 bytes).
    Removing stm32f4xx_rcc.o(i.RCC_GetITStatus), (20 bytes).
    Removing stm32f4xx_rcc.o(i.RCC_GetSYSCLKSource), (16 bytes).
    Removing stm32f4xx_rcc.o(i.RCC_HCLKConfig), (20 bytes).
    Removing stm32f4xx_rcc.o(i.RCC_HSEConfig), (16 bytes).
    Removing stm32f4xx_rcc.o(i.RCC_HSICmd), (12 bytes).
    Removing stm32f4xx_rcc.o(i.RCC_I2SCLKConfig), (12 bytes).
    Removing stm32f4xx_rcc.o(i.RCC_ITConfig), (24 bytes).
    Removing stm32f4xx_rcc.o(i.RCC_LSEConfig), (28 bytes).
    Removing stm32f4xx_rcc.o(i.RCC_LSICmd), (12 bytes).
    Removing stm32f4xx_rcc.o(i.RCC_MCO1Config), (20 bytes).
    Removing stm32f4xx_rcc.o(i.RCC_MCO2Config), (20 bytes).
    Removing stm32f4xx_rcc.o(i.RCC_PCLK1Config), (20 bytes).
    Removing stm32f4xx_rcc.o(i.RCC_PCLK2Config), (20 bytes).
    Removing stm32f4xx_rcc.o(i.RCC_PLLCmd), (12 bytes).
    Removing stm32f4xx_rcc.o(i.RCC_PLLConfig), (40 bytes).
    Removing stm32f4xx_rcc.o(i.RCC_PLLI2SCmd), (12 bytes).
    Removing stm32f4xx_rcc.o(i.RCC_PLLI2SConfig), (16 bytes).
    Removing stm32f4xx_rcc.o(i.RCC_RTCCLKCmd), (12 bytes).
    Removing stm32f4xx_rcc.o(i.RCC_RTCCLKConfig), (48 bytes).
    Removing stm32f4xx_rcc.o(i.RCC_SYSCLKConfig), (20 bytes).
    Removing stm32f4xx_rcc.o(i.RCC_WaitForHSEStartUp), (44 bytes).
    Removing stm32f4xx_spi.o(.rev16_text), (4 bytes).
    Removing stm32f4xx_spi.o(.revsh_text), (4 bytes).
    Removing stm32f4xx_spi.o(i.I2S_Cmd), (20 bytes).
    Removing stm32f4xx_spi.o(i.I2S_FullDuplexConfig), (58 bytes).
    Removing stm32f4xx_spi.o(i.I2S_Init), (200 bytes).
    Removing stm32f4xx_spi.o(i.I2S_StructInit), (18 bytes).
    Removing stm32f4xx_spi.o(i.SPI_BiDirectionalLineConfig), (22 bytes).
    Removing stm32f4xx_spi.o(i.SPI_CalculateCRC), (20 bytes).
    Removing stm32f4xx_spi.o(i.SPI_Cmd), (20 bytes).
    Removing stm32f4xx_spi.o(i.SPI_DataSizeConfig), (16 bytes).
    Removing stm32f4xx_spi.o(i.SPI_GetCRC), (12 bytes).
    Removing stm32f4xx_spi.o(i.SPI_GetCRCPolynomial), (4 bytes).
    Removing stm32f4xx_spi.o(i.SPI_I2S_ClearFlag), (6 bytes).
    Removing stm32f4xx_spi.o(i.SPI_I2S_ClearITPendingBit), (14 bytes).
    Removing stm32f4xx_spi.o(i.SPI_I2S_DMACmd), (16 bytes).
    Removing stm32f4xx_spi.o(i.SPI_I2S_DeInit), (84 bytes).
    Removing stm32f4xx_spi.o(i.SPI_I2S_GetFlagStatus), (14 bytes).
    Removing stm32f4xx_spi.o(i.SPI_I2S_GetITStatus), (42 bytes).
    Removing stm32f4xx_spi.o(i.SPI_I2S_ITConfig), (24 bytes).
    Removing stm32f4xx_spi.o(i.SPI_I2S_ReceiveData), (4 bytes).
    Removing stm32f4xx_spi.o(i.SPI_I2S_SendData), (4 bytes).
    Removing stm32f4xx_spi.o(i.SPI_Init), (56 bytes).
    Removing stm32f4xx_spi.o(i.SPI_NSSInternalSoftwareConfig), (24 bytes).
    Removing stm32f4xx_spi.o(i.SPI_SSOutputCmd), (20 bytes).
    Removing stm32f4xx_spi.o(i.SPI_StructInit), (24 bytes).
    Removing stm32f4xx_spi.o(i.SPI_TIModeCmd), (20 bytes).
    Removing stm32f4xx_spi.o(i.SPI_TransmitCRC), (10 bytes).
    Removing stm32f4xx_tim.o(.rev16_text), (4 bytes).
    Removing stm32f4xx_tim.o(.revsh_text), (4 bytes).
    Removing stm32f4xx_tim.o(i.TI1_Config), (46 bytes).
    Removing stm32f4xx_tim.o(i.TI2_Config), (54 bytes).
    Removing stm32f4xx_tim.o(i.TIM_BDTRConfig), (34 bytes).
    Removing stm32f4xx_tim.o(i.TIM_BDTRStructInit), (18 bytes).
    Removing stm32f4xx_tim.o(i.TIM_CCPreloadControl), (20 bytes).
    Removing stm32f4xx_tim.o(i.TIM_CCxCmd), (22 bytes).
    Removing stm32f4xx_tim.o(i.TIM_CCxNCmd), (22 bytes).
    Removing stm32f4xx_tim.o(i.TIM_ClearFlag), (6 bytes).
    Removing stm32f4xx_tim.o(i.TIM_ClearITPendingBit), (6 bytes).
    Removing stm32f4xx_tim.o(i.TIM_ClearOC1Ref), (12 bytes).
    Removing stm32f4xx_tim.o(i.TIM_ClearOC2Ref), (20 bytes).
    Removing stm32f4xx_tim.o(i.TIM_ClearOC3Ref), (12 bytes).
    Removing stm32f4xx_tim.o(i.TIM_ClearOC4Ref), (20 bytes).
    Removing stm32f4xx_tim.o(i.TIM_CounterModeConfig), (12 bytes).
    Removing stm32f4xx_tim.o(i.TIM_CtrlPWMOutputs), (22 bytes).
    Removing stm32f4xx_tim.o(i.TIM_DMACmd), (16 bytes).
    Removing stm32f4xx_tim.o(i.TIM_DMAConfig), (8 bytes).
    Removing stm32f4xx_tim.o(i.TIM_DeInit), (336 bytes).
    Removing stm32f4xx_tim.o(i.TIM_ETRClockMode1Config), (18 bytes).
    Removing stm32f4xx_tim.o(i.TIM_ETRClockMode2Config), (18 bytes).
    Removing stm32f4xx_tim.o(i.TIM_ETRConfig), (24 bytes).
    Removing stm32f4xx_tim.o(i.TIM_EncoderInterfaceConfig), (50 bytes).
    Removing stm32f4xx_tim.o(i.TIM_ForcedOC1Config), (12 bytes).
    Removing stm32f4xx_tim.o(i.TIM_ForcedOC2Config), (20 bytes).
    Removing stm32f4xx_tim.o(i.TIM_ForcedOC3Config), (12 bytes).
    Removing stm32f4xx_tim.o(i.TIM_ForcedOC4Config), (20 bytes).
    Removing stm32f4xx_tim.o(i.TIM_GenerateEvent), (4 bytes).
    Removing stm32f4xx_tim.o(i.TIM_GetCapture1), (4 bytes).
    Removing stm32f4xx_tim.o(i.TIM_GetCapture2), (4 bytes).
    Removing stm32f4xx_tim.o(i.TIM_GetCapture3), (4 bytes).
    Removing stm32f4xx_tim.o(i.TIM_GetCapture4), (4 bytes).
    Removing stm32f4xx_tim.o(i.TIM_GetCounter), (4 bytes).
    Removing stm32f4xx_tim.o(i.TIM_GetFlagStatus), (14 bytes).
    Removing stm32f4xx_tim.o(i.TIM_GetITStatus), (24 bytes).
    Removing stm32f4xx_tim.o(i.TIM_GetPrescaler), (4 bytes).
    Removing stm32f4xx_tim.o(i.TIM_ICInit), (172 bytes).
    Removing stm32f4xx_tim.o(i.TIM_ICStructInit), (16 bytes).
    Removing stm32f4xx_tim.o(i.TIM_ITConfig), (16 bytes).
    Removing stm32f4xx_tim.o(i.TIM_ITRxExternalClockConfig), (18 bytes).
    Removing stm32f4xx_tim.o(i.TIM_InternalClockConfig), (10 bytes).
    Removing stm32f4xx_tim.o(i.TIM_OC1FastConfig), (12 bytes).
    Removing stm32f4xx_tim.o(i.TIM_OC1NPolarityConfig), (12 bytes).
    Removing stm32f4xx_tim.o(i.TIM_OC1PolarityConfig), (12 bytes).
    Removing stm32f4xx_tim.o(i.TIM_OC2FastConfig), (20 bytes).
    Removing stm32f4xx_tim.o(i.TIM_OC2NPolarityConfig), (20 bytes).
    Removing stm32f4xx_tim.o(i.TIM_OC2PolarityConfig), (20 bytes).
    Removing stm32f4xx_tim.o(i.TIM_OC3FastConfig), (12 bytes).
    Removing stm32f4xx_tim.o(i.TIM_OC3NPolarityConfig), (20 bytes).
    Removing stm32f4xx_tim.o(i.TIM_OC3PolarityConfig), (20 bytes).
    Removing stm32f4xx_tim.o(i.TIM_OC4FastConfig), (20 bytes).
    Removing stm32f4xx_tim.o(i.TIM_OC4PolarityConfig), (20 bytes).
    Removing stm32f4xx_tim.o(i.TIM_OCStructInit), (20 bytes).
    Removing stm32f4xx_tim.o(i.TIM_PWMIConfig), (108 bytes).
    Removing stm32f4xx_tim.o(i.TIM_PrescalerConfig), (6 bytes).
    Removing stm32f4xx_tim.o(i.TIM_RemapConfig), (6 bytes).
    Removing stm32f4xx_tim.o(i.TIM_SelectCCDMA), (20 bytes).
    Removing stm32f4xx_tim.o(i.TIM_SelectCOM), (20 bytes).
    Removing stm32f4xx_tim.o(i.TIM_SelectHallSensor), (20 bytes).
    Removing stm32f4xx_tim.o(i.TIM_SelectInputTrigger), (12 bytes).
    Removing stm32f4xx_tim.o(i.TIM_SelectMasterSlaveMode), (16 bytes).
    Removing stm32f4xx_tim.o(i.TIM_SelectOCxM), (74 bytes).
    Removing stm32f4xx_tim.o(i.TIM_SelectOnePulseMode), (16 bytes).
    Removing stm32f4xx_tim.o(i.TIM_SelectOutputTrigger), (16 bytes).
    Removing stm32f4xx_tim.o(i.TIM_SelectSlaveMode), (16 bytes).
    Removing stm32f4xx_tim.o(i.TIM_SetAutoreload), (4 bytes).
    Removing stm32f4xx_tim.o(i.TIM_SetClockDivision), (16 bytes).
    Removing stm32f4xx_tim.o(i.TIM_SetCompare1), (4 bytes).
    Removing stm32f4xx_tim.o(i.TIM_SetCompare2), (4 bytes).
    Removing stm32f4xx_tim.o(i.TIM_SetCompare3), (4 bytes).
    Removing stm32f4xx_tim.o(i.TIM_SetCompare4), (4 bytes).
    Removing stm32f4xx_tim.o(i.TIM_SetCounter), (4 bytes).
    Removing stm32f4xx_tim.o(i.TIM_SetIC1Prescaler), (16 bytes).
    Removing stm32f4xx_tim.o(i.TIM_SetIC2Prescaler), (24 bytes).
    Removing stm32f4xx_tim.o(i.TIM_SetIC3Prescaler), (16 bytes).
    Removing stm32f4xx_tim.o(i.TIM_SetIC4Prescaler), (24 bytes).
    Removing stm32f4xx_tim.o(i.TIM_TIxExternalClockConfig), (46 bytes).
    Removing stm32f4xx_tim.o(i.TIM_TimeBaseStructInit), (18 bytes).
    Removing stm32f4xx_tim.o(i.TIM_UpdateDisableConfig), (20 bytes).
    Removing stm32f4xx_tim.o(i.TIM_UpdateRequestConfig), (20 bytes).
    Removing stm32f4xx_usart.o(.rev16_text), (4 bytes).
    Removing stm32f4xx_usart.o(.revsh_text), (4 bytes).
    Removing stm32f4xx_usart.o(i.USART_ClearFlag), (6 bytes).
    Removing stm32f4xx_usart.o(i.USART_ClearITPendingBit), (12 bytes).
    Removing stm32f4xx_usart.o(i.USART_ClockInit), (28 bytes).
    Removing stm32f4xx_usart.o(i.USART_ClockStructInit), (12 bytes).
    Removing stm32f4xx_usart.o(i.USART_DeInit), (140 bytes).
    Removing stm32f4xx_usart.o(i.USART_GetFlagStatus), (14 bytes).
    Removing stm32f4xx_usart.o(i.USART_GetITStatus), (62 bytes).
    Removing stm32f4xx_usart.o(i.USART_HalfDuplexCmd), (20 bytes).
    Removing stm32f4xx_usart.o(i.USART_ITConfig), (48 bytes).
    Removing stm32f4xx_usart.o(i.USART_IrDACmd), (20 bytes).
    Removing stm32f4xx_usart.o(i.USART_IrDAConfig), (16 bytes).
    Removing stm32f4xx_usart.o(i.USART_LINBreakDetectLengthConfig), (16 bytes).
    Removing stm32f4xx_usart.o(i.USART_LINCmd), (20 bytes).
    Removing stm32f4xx_usart.o(i.USART_OneBitMethodCmd), (20 bytes).
    Removing stm32f4xx_usart.o(i.USART_OverSampling8Cmd), (20 bytes).
    Removing stm32f4xx_usart.o(i.USART_ReceiveData), (8 bytes).
    Removing stm32f4xx_usart.o(i.USART_ReceiverWakeUpCmd), (20 bytes).
    Removing stm32f4xx_usart.o(i.USART_SendBreak), (10 bytes).
    Removing stm32f4xx_usart.o(i.USART_SendData), (8 bytes).
    Removing stm32f4xx_usart.o(i.USART_SetAddress), (16 bytes).
    Removing stm32f4xx_usart.o(i.USART_SetGuardTime), (16 bytes).
    Removing stm32f4xx_usart.o(i.USART_SetPrescaler), (16 bytes).
    Removing stm32f4xx_usart.o(i.USART_SmartCardCmd), (20 bytes).
    Removing stm32f4xx_usart.o(i.USART_SmartCardNACKCmd), (20 bytes).
    Removing stm32f4xx_usart.o(i.USART_StructInit), (22 bytes).
    Removing stm32f4xx_usart.o(i.USART_WakeUpConfig), (16 bytes).
    Removing stm32f4xx_syscfg.o(.rev16_text), (4 bytes).
    Removing stm32f4xx_syscfg.o(.revsh_text), (4 bytes).
    Removing stm32f4xx_syscfg.o(i.SYSCFG_CompensationCellCmd), (12 bytes).
    Removing stm32f4xx_syscfg.o(i.SYSCFG_DeInit), (24 bytes).
    Removing stm32f4xx_syscfg.o(i.SYSCFG_ETH_MediaInterfaceConfig), (12 bytes).
    Removing stm32f4xx_syscfg.o(i.SYSCFG_GetCompensationCellStatus), (20 bytes).
    Removing stm32f4xx_syscfg.o(i.SYSCFG_MemoryRemapConfig), (12 bytes).
    Removing diskio05.o(.rev16_text), (4 bytes).
    Removing diskio05.o(.revsh_text), (4 bytes).
    Removing diskio05.o(i.deselect), (24 bytes).
    Removing diskio05.o(i.disk_initialize), (360 bytes).
    Removing diskio05.o(i.disk_ioctl), (484 bytes).
    Removing diskio05.o(i.disk_read), (140 bytes).
    Removing diskio05.o(i.disk_status), (48 bytes).
    Removing diskio05.o(i.disk_write), (148 bytes).
    Removing diskio05.o(i.interface_speed), (28 bytes).
    Removing diskio05.o(i.rcvr_datablock), (90 bytes).
    Removing diskio05.o(i.rcvr_spi), (6 bytes).
    Removing diskio05.o(i.release_spi), (16 bytes).
    Removing diskio05.o(i.select), (40 bytes).
    Removing diskio05.o(i.send_cmd), (130 bytes).
    Removing diskio05.o(i.stm32_spi_rw), (40 bytes).
    Removing diskio05.o(i.wait_ready), (44 bytes).
    Removing diskio05.o(i.xmit_datablock), (80 bytes).
    Removing diskio05.o(.data), (2 bytes).
    Removing peripheral05.o(.rev16_text), (4 bytes).
    Removing peripheral05.o(.revsh_text), (4 bytes).
    Removing peripheral05.o(i.CRC_Cal), (44 bytes).
    Removing peripheral05.o(i.CheckTick), (36 bytes).
    Removing peripheral05.o(i.GetTickCount), (12 bytes).
    Removing peripheral05.o(.data), (8 bytes).
    Removing pid05.o(.rev16_text), (4 bytes).
    Removing pid05.o(.revsh_text), (4 bytes).
    Removing powersd05.o(.rev16_text), (4 bytes).
    Removing powersd05.o(.revsh_text), (4 bytes).
    Removing powersd05.o(i.power), (228 bytes).
    Removing luanvan3-05vs2.o(.rev16_text), (4 bytes).
    Removing luanvan3-05vs2.o(.revsh_text), (4 bytes).
    Removing luanvan3-05vs2.o(.data), (1 bytes).
    Removing luanvan3-05vs2.o(.data), (1 bytes).
    Removing luanvan3-05vs2.o(.data), (1 bytes).
    Removing luanvan3-05vs2.o(.data), (6 bytes).
    Removing luanvan3-05vs2.o(.data), (1 bytes).
    Removing luanvan3-05vs2.o(.data), (1 bytes).
    Removing luanvan3-05vs2.o(.data), (4 bytes).
    Removing luanvan3-05vs2.o(.data), (4 bytes).
    Removing fattime.o(.rev16_text), (4 bytes).
    Removing fattime.o(.revsh_text), (4 bytes).
    Removing fattime.o(i.get_fattime), (60 bytes).
    Removing fattime.o(i.gettime), (32 bytes).
    Removing fattime.o(i.settime), (4 bytes).
    Removing ff.o(.rev16_text), (4 bytes).
    Removing ff.o(.revsh_text), (4 bytes).
    Removing ff.o(i.check_fs), (92 bytes).
    Removing ff.o(i.chk_chr), (16 bytes).
    Removing ff.o(i.chk_mounted), (536 bytes).
    Removing ff.o(i.clust2sect), (24 bytes).
    Removing ff.o(i.create_chain), (150 bytes).
    Removing ff.o(i.create_name), (572 bytes).
    Removing ff.o(i.dir_find), (308 bytes).
    Removing ff.o(i.dir_next), (238 bytes).
    Removing ff.o(i.dir_read), (236 bytes).
    Removing ff.o(i.dir_register), (440 bytes).
    Removing ff.o(i.dir_remove), (80 bytes).
    Removing ff.o(i.dir_sdi), (126 bytes).
    Removing ff.o(i.f_chdir), (84 bytes).
    Removing ff.o(i.f_chdrive), (20 bytes).
    Removing ff.o(i.f_chmod), (92 bytes).
    Removing ff.o(i.f_close), (18 bytes).
    Removing ff.o(i.f_getcwd), (280 bytes).
    Removing ff.o(i.f_getfree), (196 bytes).
    Removing ff.o(i.f_lseek), (302 bytes).
    Removing ff.o(i.f_mkdir), (368 bytes).
    Removing ff.o(i.f_mount), (32 bytes).
    Removing ff.o(i.f_open), (320 bytes).
    Removing ff.o(i.f_opendir), (100 bytes).
    Removing ff.o(i.f_read), (332 bytes).
    Removing ff.o(i.f_readdir), (84 bytes).
    Removing ff.o(i.f_rename), (272 bytes).
    Removing ff.o(i.f_stat), (68 bytes).
    Removing ff.o(i.f_sync), (152 bytes).
    Removing ff.o(i.f_truncate), (148 bytes).
    Removing ff.o(i.f_unlink), (188 bytes).
    Removing ff.o(i.f_utime), (96 bytes).
    Removing ff.o(i.f_write), (394 bytes).
    Removing ff.o(i.follow_path), (126 bytes).
    Removing ff.o(i.gen_numname), (106 bytes).
    Removing ff.o(i.get_fat), (184 bytes).
    Removing ff.o(i.get_fileinfo), (208 bytes).
    Removing ff.o(i.ld_clust), (18 bytes).
    Removing ff.o(i.mem_cpy), (18 bytes).
    Removing ff.o(i.mem_set), (14 bytes).
    Removing ff.o(i.move_window), (106 bytes).
    Removing ff.o(i.put_fat), (250 bytes).
    Removing ff.o(i.remove_chain), (98 bytes).
    Removing ff.o(i.st_clust), (16 bytes).
    Removing ff.o(i.sum_sfn), (26 bytes).
    Removing ff.o(i.sync), (184 bytes).
    Removing ff.o(i.validate), (36 bytes).
    Removing ff.o(.bss), (512 bytes).
    Removing ff.o(.constdata), (141 bytes).
    Removing ff.o(.data), (8 bytes).
    Removing ccsbcs.o(.rev16_text), (4 bytes).
    Removing ccsbcs.o(.revsh_text), (4 bytes).
    Removing ccsbcs.o(i.ff_convert), (56 bytes).
    Removing ccsbcs.o(i.ff_wtoupper), (36 bytes).
    Removing ccsbcs.o(.constdata), (1216 bytes).
    Removing dneg.o(.text), (6 bytes).
    Removing cdcmple.o(.text), (40 bytes).

360 unused section(s) (total 30464 bytes) removed from the image.

==============================================================================

Image Symbol Table

    Local Symbols

    Symbol Name                              Value     Ov Type        Size  Object(Section)

    ../clib/microlib/ctype/ctype.c           0x00000000   Number         0  isspace_c.o ABSOLUTE
    ../clib/microlib/ctype/ctype.c           0x00000000   Number         0  ctype_c.o ABSOLUTE
    ../clib/microlib/errno.c                 0x00000000   Number         0  errno.o ABSOLUTE
    ../clib/microlib/init/entry.s            0x00000000   Number         0  entry8b.o ABSOLUTE
    ../clib/microlib/init/entry.s            0x00000000   Number         0  entry9a.o ABSOLUTE
    ../clib/microlib/init/entry.s            0x00000000   Number         0  entry9b.o ABSOLUTE
    ../clib/microlib/init/entry.s            0x00000000   Number         0  entry10a.o ABSOLUTE
    ../clib/microlib/init/entry.s            0x00000000   Number         0  entry8a.o ABSOLUTE
    ../clib/microlib/init/entry.s            0x00000000   Number         0  entry7b.o ABSOLUTE
    ../clib/microlib/init/entry.s            0x00000000   Number         0  entry11b.o ABSOLUTE
    ../clib/microlib/init/entry.s            0x00000000   Number         0  entry10b.o ABSOLUTE
    ../clib/microlib/init/entry.s            0x00000000   Number         0  entry7a.o ABSOLUTE
    ../clib/microlib/init/entry.s            0x00000000   Number         0  entry5.o ABSOLUTE
    ../clib/microlib/init/entry.s            0x00000000   Number         0  entry.o ABSOLUTE
    ../clib/microlib/init/entry.s            0x00000000   Number         0  entry2.o ABSOLUTE
    ../clib/microlib/init/entry.s            0x00000000   Number         0  entry11a.o ABSOLUTE
    ../clib/microlib/longlong.c              0x00000000   Number         0  llushr.o ABSOLUTE
    ../clib/microlib/longlong.c              0x00000000   Number         0  llshl.o ABSOLUTE
    ../clib/microlib/longlong.c              0x00000000   Number         0  llsshr.o ABSOLUTE
    ../clib/microlib/string/strncpy.c        0x00000000   Number         0  strncpy.o ABSOLUTE
    ../clib/microlib/stubs.s                 0x00000000   Number         0  iusefp.o ABSOLUTE
    ../clib/scanf.c                          0x00000000   Number         0  _sgetc.o ABSOLUTE
    ../clib/scanf.c                          0x00000000   Number         0  scanf_fp.o ABSOLUTE
    ../clib/scanf.c                          0x00000000   Number         0  strtod.o ABSOLUTE
    ../fplib/microlib/d2f.c                  0x00000000   Number         0  d2f.o ABSOLUTE
    ../fplib/microlib/f2d.c                  0x00000000   Number         0  f2d.o ABSOLUTE
    ../fplib/microlib/fpadd.c                0x00000000   Number         0  dadd.o ABSOLUTE
    ../fplib/microlib/fpdiv.c                0x00000000   Number         0  ddiv.o ABSOLUTE
    ../fplib/microlib/fpepilogue.c           0x00000000   Number         0  fepilogue.o ABSOLUTE
    ../fplib/microlib/fpepilogue.c           0x00000000   Number         0  depilogue.o ABSOLUTE
    ../fplib/microlib/fpfix.c                0x00000000   Number         0  dfixi.o ABSOLUTE
    ../fplib/microlib/fpfix.c                0x00000000   Number         0  dfixui.o ABSOLUTE
    ../fplib/microlib/fpflt.c                0x00000000   Number         0  dflti.o ABSOLUTE
    ../fplib/microlib/fpflt.c                0x00000000   Number         0  dfltul.o ABSOLUTE
    ../fplib/microlib/fpmul.c                0x00000000   Number         0  dmul.o ABSOLUTE
    ../fplib/microlib/fpneg.c                0x00000000   Number         0  dneg.o ABSOLUTE
    ../fplib/microlib/fpscalb.c              0x00000000   Number         0  dscalb.o ABSOLUTE
    ../fplib/microlib/fpsqrt.c               0x00000000   Number         0  dsqrt.o ABSOLUTE
    ../mathlib/atof.c                        0x00000000   Number         0  atof.o ABSOLUTE
    ../mathlib/dunder.c                      0x00000000   Number         0  dunder.o ABSOLUTE
    ../mathlib/fabs.c                        0x00000000   Number         0  fabs.o ABSOLUTE
    ../mathlib/fpclassify.c                  0x00000000   Number         0  fpclassify.o ABSOLUTE
    ../mathlib/poly.c                        0x00000000   Number         0  poly.o ABSOLUTE
    ../mathlib/pow.c                         0x00000000   Number         0  pow_x.o ABSOLUTE
    ../mathlib/pow.c                         0x00000000   Number         0  pow.o ABSOLUTE
    ../mathlib/qnan.c                        0x00000000   Number         0  qnan.o ABSOLUTE
    ../mathlib/sqrt.c                        0x00000000   Number         0  sqrt.o ABSOLUTE
    ../mathlib/sqrt.c                        0x00000000   Number         0  sqrt_x.o ABSOLUTE
    ..\Sd Card\fattime.c                     0x00000000   Number         0  fattime.o ABSOLUTE
    ..\Sd Card\ff.c                          0x00000000   Number         0  ff.o ABSOLUTE
    ..\Sd Card\option\ccsbcs.c               0x00000000   Number         0  ccsbcs.o ABSOLUTE
    ..\\Sd Card\\fattime.c                   0x00000000   Number         0  fattime.o ABSOLUTE
    ..\\Sd Card\\ff.c                        0x00000000   Number         0  ff.o ABSOLUTE
    ..\\Sd Card\\option\\ccsbcs.c            0x00000000   Number         0  ccsbcs.o ABSOLUTE
    ..\\filestmf405.c\\diskio05.c            0x00000000   Number         0  diskio05.o ABSOLUTE
    ..\\filestmf405.c\\luanvan3-05vs2.c      0x00000000   Number         0  luanvan3-05vs2.o ABSOLUTE
    ..\\filestmf405.c\\peripheral05.c        0x00000000   Number         0  peripheral05.o ABSOLUTE
    ..\\filestmf405.c\\pid05.c               0x00000000   Number         0  pid05.o ABSOLUTE
    ..\\filestmf405.c\\powersd05.c           0x00000000   Number         0  powersd05.o ABSOLUTE
    ..\\lib\\src\\misc.c                     0x00000000   Number         0  misc.o ABSOLUTE
    ..\\lib\\src\\stm32f4xx_dma.c            0x00000000   Number         0  stm32f4xx_dma.o ABSOLUTE
    ..\\lib\\src\\stm32f4xx_exti.c           0x00000000   Number         0  stm32f4xx_exti.o ABSOLUTE
    ..\\lib\\src\\stm32f4xx_flash.c          0x00000000   Number         0  stm32f4xx_flash.o ABSOLUTE
    ..\\lib\\src\\stm32f4xx_gpio.c           0x00000000   Number         0  stm32f4xx_gpio.o ABSOLUTE
    ..\\lib\\src\\stm32f4xx_rcc.c            0x00000000   Number         0  stm32f4xx_rcc.o ABSOLUTE
    ..\\lib\\src\\stm32f4xx_spi.c            0x00000000   Number         0  stm32f4xx_spi.o ABSOLUTE
    ..\\lib\\src\\stm32f4xx_syscfg.c         0x00000000   Number         0  stm32f4xx_syscfg.o ABSOLUTE
    ..\\lib\\src\\stm32f4xx_tim.c            0x00000000   Number         0  stm32f4xx_tim.o ABSOLUTE
    ..\\lib\\src\\stm32f4xx_usart.c          0x00000000   Number         0  stm32f4xx_usart.o ABSOLUTE
    ..\\lib\\system_stm32f4xx.c              0x00000000   Number         0  system_stm32f4xx.o ABSOLUTE
    ..\filestmf405.c\diskio05.c              0x00000000   Number         0  diskio05.o ABSOLUTE
    ..\filestmf405.c\luanvan3-05vs2.c        0x00000000   Number         0  luanvan3-05vs2.o ABSOLUTE
    ..\filestmf405.c\peripheral05.c          0x00000000   Number         0  peripheral05.o ABSOLUTE
    ..\filestmf405.c\pid05.c                 0x00000000   Number         0  pid05.o ABSOLUTE
    ..\filestmf405.c\powersd05.c             0x00000000   Number         0  powersd05.o ABSOLUTE
    ..\lib\src\misc.c                        0x00000000   Number         0  misc.o ABSOLUTE
    ..\lib\src\stm32f4xx_dma.c               0x00000000   Number         0  stm32f4xx_dma.o ABSOLUTE
    ..\lib\src\stm32f4xx_exti.c              0x00000000   Number         0  stm32f4xx_exti.o ABSOLUTE
    ..\lib\src\stm32f4xx_flash.c             0x00000000   Number         0  stm32f4xx_flash.o ABSOLUTE
    ..\lib\src\stm32f4xx_gpio.c              0x00000000   Number         0  stm32f4xx_gpio.o ABSOLUTE
    ..\lib\src\stm32f4xx_rcc.c               0x00000000   Number         0  stm32f4xx_rcc.o ABSOLUTE
    ..\lib\src\stm32f4xx_spi.c               0x00000000   Number         0  stm32f4xx_spi.o ABSOLUTE
    ..\lib\src\stm32f4xx_syscfg.c            0x00000000   Number         0  stm32f4xx_syscfg.o ABSOLUTE
    ..\lib\src\stm32f4xx_tim.c               0x00000000   Number         0  stm32f4xx_tim.o ABSOLUTE
    ..\lib\src\stm32f4xx_usart.c             0x00000000   Number         0  stm32f4xx_usart.o ABSOLUTE
    ..\lib\startup_stm32f4xx.s               0x00000000   Number         0  startup_stm32f4xx.o ABSOLUTE
    ..\lib\system_stm32f4xx.c                0x00000000   Number         0  system_stm32f4xx.o ABSOLUTE
    cdcmple.s                                0x00000000   Number         0  cdcmple.o ABSOLUTE
    cdrcmple.s                               0x00000000   Number         0  cdrcmple.o ABSOLUTE
    dc.s                                     0x00000000   Number         0  dc.o ABSOLUTE
    handlers.s                               0x00000000   Number         0  handlers.o ABSOLUTE
    init.s                                   0x00000000   Number         0  init.o ABSOLUTE
    RESET                                    0x08000000   Section      392  startup_stm32f4xx.o(RESET)
    .ARM.Collect$$$$00000000                 0x08000188   Section        0  entry.o(.ARM.Collect$$$$00000000)
    .ARM.Collect$$$$00000001                 0x08000188   Section        4  entry2.o(.ARM.Collect$$$$00000001)
    .ARM.Collect$$$$00000004                 0x0800018c   Section        4  entry5.o(.ARM.Collect$$$$00000004)
    .ARM.Collect$$$$00000008                 0x08000190   Section        0  entry7b.o(.ARM.Collect$$$$00000008)
    .ARM.Collect$$$$0000000A                 0x08000190   Section        0  entry8b.o(.ARM.Collect$$$$0000000A)
    .ARM.Collect$$$$0000000B                 0x08000190   Section        8  entry9a.o(.ARM.Collect$$$$0000000B)
    .ARM.Collect$$$$0000000D                 0x08000198   Section        0  entry10a.o(.ARM.Collect$$$$0000000D)
    .ARM.Collect$$$$0000000F                 0x08000198   Section        0  entry11a.o(.ARM.Collect$$$$0000000F)
    .ARM.Collect$$$$00002712                 0x08000198   Section        4  entry2.o(.ARM.Collect$$$$00002712)
    __lit__00000000                          0x08000198   Data           4  entry2.o(.ARM.Collect$$$$00002712)
    .text                                    0x0800019c   Section       36  startup_stm32f4xx.o(.text)
    $v0                                      0x0800019c   Number         0  startup_stm32f4xx.o(.text)
    .text                                    0x080001c0   Section        0  strncpy.o(.text)
    .text                                    0x080001d8   Section        0  dadd.o(.text)
    .text                                    0x08000326   Section        0  dmul.o(.text)
    .text                                    0x0800040a   Section        0  ddiv.o(.text)
    .text                                    0x080004e8   Section        0  dflti.o(.text)
    .text                                    0x0800050a   Section        0  dfixi.o(.text)
    .text                                    0x08000548   Section        0  dfixui.o(.text)
    .text                                    0x0800057a   Section        0  f2d.o(.text)
    .text                                    0x080005a0   Section        0  d2f.o(.text)
    .text                                    0x080005d8   Section        0  llshl.o(.text)
    .text                                    0x080005f6   Section        0  llushr.o(.text)
    .text                                    0x08000616   Section        0  llsshr.o(.text)
    .text                                    0x0800063c   Section        0  strtod.o(.text)
    _local_sscanf                            0x0800063d   Thumb Code    54  strtod.o(.text)
    .text                                    0x080006d8   Section        0  fepilogue.o(.text)
    .text                                    0x080006d8   Section        0  iusefp.o(.text)
    .text                                    0x08000744   Section        0  depilogue.o(.text)
    .text                                    0x08000802   Section        0  dscalb.o(.text)
    .text                                    0x08000830   Section       40  cdrcmple.o(.text)
    .text                                    0x08000858   Section       36  init.o(.text)
    .text                                    0x0800087c   Section        0  isspace_c.o(.text)
    .text                                    0x08000888   Section        0  scanf_fp.o(.text)
    _fp_value                                0x08000889   Thumb Code   256  scanf_fp.o(.text)
    .text                                    0x08000bc4   Section        0  _sgetc.o(.text)
    .text                                    0x08000c04   Section        0  dsqrt.o(.text)
    .text                                    0x08000ca8   Section        0  ctype_c.o(.text)
    .text                                    0x08000cd0   Section        0  dfltul.o(.text)
    i.Call_Alt_PID                           0x08000ce8   Section        0  pid05.o(i.Call_Alt_PID)
    i.Call_Pitch_PID                         0x08001068   Section        0  pid05.o(i.Call_Pitch_PID)
    i.Call_Roll_PID                          0x0800124c   Section        0  pid05.o(i.Call_Roll_PID)
    i.Call_Yaw_PID                           0x08001430   Section        0  pid05.o(i.Call_Yaw_PID)
    i.DMA1_Stream2_IRQHandler                0x08001630   Section        0  luanvan3-05vs2.o(i.DMA1_Stream2_IRQHandler)
    i.DMA1_Stream4_IRQHandler                0x08001684   Section        0  peripheral05.o(i.DMA1_Stream4_IRQHandler)
    i.DMA_ClearFlag                          0x080016ac   Section        0  stm32f4xx_dma.o(i.DMA_ClearFlag)
    i.DMA_ClearITPendingBit                  0x080016d8   Section        0  stm32f4xx_dma.o(i.DMA_ClearITPendingBit)
    i.DMA_Cmd                                0x08001704   Section        0  stm32f4xx_dma.o(i.DMA_Cmd)
    i.DMA_DeInit                             0x08001718   Section        0  stm32f4xx_dma.o(i.DMA_DeInit)
    i.DMA_GetITStatus                        0x0800183c   Section        0  stm32f4xx_dma.o(i.DMA_GetITStatus)
    i.DMA_ITConfig                           0x08001890   Section        0  stm32f4xx_dma.o(i.DMA_ITConfig)
    i.DMA_Init                               0x080018c4   Section        0  stm32f4xx_dma.o(i.DMA_Init)
    i.DMA_SetCurrDataCounter                 0x08001918   Section        0  stm32f4xx_dma.o(i.DMA_SetCurrDataCounter)
    i.DMA_UART4_Configuration                0x0800191c   Section        0  peripheral05.o(i.DMA_UART4_Configuration)
    i.DMA_UART4_RX                           0x0800198c   Section        0  peripheral05.o(i.DMA_UART4_RX)
    i.DMA_USART2_Config                      0x080019f8   Section        0  peripheral05.o(i.DMA_USART2_Config)
    i.Delay_100ms                            0x08001a60   Section        0  peripheral05.o(i.Delay_100ms)
    i.EXTI9_5_IRQHandler                     0x08001a70   Section        0  peripheral05.o(i.EXTI9_5_IRQHandler)
    i.EXTI_FPGA_Pa8                          0x08001ab4   Section        0  peripheral05.o(i.EXTI_FPGA_Pa8)
    i.EXTI_GetITStatus                       0x08001af8   Section        0  stm32f4xx_exti.o(i.EXTI_GetITStatus)
    i.EXTI_Init                              0x08001b18   Section        0  stm32f4xx_exti.o(i.EXTI_Init)
    i.GPIO_Init                              0x08001b88   Section        0  stm32f4xx_gpio.o(i.GPIO_Init)
    i.GPIO_PinAFConfig                       0x08001c2a   Section        0  stm32f4xx_gpio.o(i.GPIO_PinAFConfig)
    i.GPIO_ReadInputDataBit                  0x08001c4a   Section        0  stm32f4xx_gpio.o(i.GPIO_ReadInputDataBit)
    i.GPIO_SetBits                           0x08001c58   Section        0  stm32f4xx_gpio.o(i.GPIO_SetBits)
    i.Gent_Pwm_Alt                           0x08001c5c   Section        0  pid05.o(i.Gent_Pwm_Alt)
    i.Gent_Pwm_Pitch                         0x08001ccc   Section        0  pid05.o(i.Gent_Pwm_Pitch)
    i.Gent_Pwm_Roll                          0x08001d4c   Section        0  pid05.o(i.Gent_Pwm_Roll)
    i.Gent_Pwm_Yaw                           0x08001db0   Section        0  pid05.o(i.Gent_Pwm_Yaw)
    i.Interrupt_uart4_rx                     0x08001e20   Section        0  peripheral05.o(i.Interrupt_uart4_rx)
    i.MyGPIO_Configuration                   0x08001e48   Section        0  peripheral05.o(i.MyGPIO_Configuration)
    i.MyRCC_Configuration                    0x08001ef4   Section        0  peripheral05.o(i.MyRCC_Configuration)
    i.MyTIM_PWM_Configuration                0x08001f44   Section        0  peripheral05.o(i.MyTIM_PWM_Configuration)
    i.NVIC_Configuration                     0x08002048   Section        0  peripheral05.o(i.NVIC_Configuration)
    i.NVIC_Init                              0x08002070   Section        0  misc.o(i.NVIC_Init)
    i.NVIC_PriorityGroupConfig               0x080020d4   Section        0  misc.o(i.NVIC_PriorityGroupConfig)
    i.PID_Init                               0x080020e8   Section        0  pid05.o(i.PID_Init)
    i.RCC_AHB1PeriphClockCmd                 0x08002168   Section        0  stm32f4xx_rcc.o(i.RCC_AHB1PeriphClockCmd)
    i.RCC_AHB1PeriphResetCmd                 0x08002180   Section        0  stm32f4xx_rcc.o(i.RCC_AHB1PeriphResetCmd)
    i.RCC_APB1PeriphClockCmd                 0x08002198   Section        0  stm32f4xx_rcc.o(i.RCC_APB1PeriphClockCmd)
    i.RCC_APB2PeriphClockCmd                 0x080021b0   Section        0  stm32f4xx_rcc.o(i.RCC_APB2PeriphClockCmd)
    i.RCC_GetClocksFreq                      0x080021c8   Section        0  stm32f4xx_rcc.o(i.RCC_GetClocksFreq)
    i.SYSCFG_EXTILineConfig                  0x0800225c   Section        0  stm32f4xx_syscfg.o(i.SYSCFG_EXTILineConfig)
    i.Sampling_GGA                           0x08002284   Section        0  pid05.o(i.Sampling_GGA)
    i.Sampling_RPY                           0x0800243c   Section        0  pid05.o(i.Sampling_RPY)
    i.Sampling_VTG                           0x0800271c   Section        0  pid05.o(i.Sampling_VTG)
    i.SetSysClock                            0x08002774   Section        0  system_stm32f4xx.o(i.SetSysClock)
    SetSysClock                              0x08002775   Thumb Code   162  system_stm32f4xx.o(i.SetSysClock)
    i.SysTick_Handler                        0x08002828   Section        0  luanvan3-05vs2.o(i.SysTick_Handler)
    i.SystemInit                             0x0800292c   Section        0  system_stm32f4xx.o(i.SystemInit)
    i.TIM_ARRPreloadConfig                   0x08002990   Section        0  stm32f4xx_tim.o(i.TIM_ARRPreloadConfig)
    i.TIM_Cmd                                0x080029a4   Section        0  stm32f4xx_tim.o(i.TIM_Cmd)
    i.TIM_OC1Init                            0x080029b8   Section        0  stm32f4xx_tim.o(i.TIM_OC1Init)
    i.TIM_OC1PreloadConfig                   0x08002a18   Section        0  stm32f4xx_tim.o(i.TIM_OC1PreloadConfig)
    i.TIM_OC2Init                            0x08002a24   Section        0  stm32f4xx_tim.o(i.TIM_OC2Init)
    i.TIM_OC2PreloadConfig                   0x08002aa4   Section        0  stm32f4xx_tim.o(i.TIM_OC2PreloadConfig)
    i.TIM_OC3Init                            0x08002ab8   Section        0  stm32f4xx_tim.o(i.TIM_OC3Init)
    i.TIM_OC3PreloadConfig                   0x08002b34   Section        0  stm32f4xx_tim.o(i.TIM_OC3PreloadConfig)
    i.TIM_OC4Init                            0x08002b40   Section        0  stm32f4xx_tim.o(i.TIM_OC4Init)
    i.TIM_OC4PreloadConfig                   0x08002ba0   Section        0  stm32f4xx_tim.o(i.TIM_OC4PreloadConfig)
    i.TIM_TimeBaseInit                       0x08002bb4   Section        0  stm32f4xx_tim.o(i.TIM_TimeBaseInit)
    i.UART4_Configuration                    0x08002c30   Section        0  peripheral05.o(i.UART4_Configuration)
    i.USART2_Configuration                   0x08002c64   Section        0  peripheral05.o(i.USART2_Configuration)
    i.USART_Cmd                              0x08002c98   Section        0  stm32f4xx_usart.o(i.USART_Cmd)
    i.USART_DMACmd                           0x08002cac   Section        0  stm32f4xx_usart.o(i.USART_DMACmd)
    i.USART_Init                             0x08002cbc   Section        0  stm32f4xx_usart.o(i.USART_Init)
    i.__ARM_fpclassify                       0x08002d74   Section        0  fpclassify.o(i.__ARM_fpclassify)
    i.__hardfp_atof                          0x08002da8   Section        0  atof.o(i.__hardfp_atof)
    i.__hardfp_pow                           0x08002de0   Section        0  pow.o(i.__hardfp_pow)
    i.__kernel_poly                          0x08003a70   Section        0  poly.o(i.__kernel_poly)
    i.__mathlib_dbl_underflow                0x08003b68   Section        0  dunder.o(i.__mathlib_dbl_underflow)
    i.__read_errno                           0x08003b88   Section        0  errno.o(i.__read_errno)
    i.__scatterload_copy                     0x08003b94   Section       14  handlers.o(i.__scatterload_copy)
    i.__scatterload_null                     0x08003ba2   Section        2  handlers.o(i.__scatterload_null)
    i.__scatterload_zeroinit                 0x08003ba4   Section       14  handlers.o(i.__scatterload_zeroinit)
    i.__set_errno                            0x08003bb4   Section        0  errno.o(i.__set_errno)
    i._is_digit                              0x08003bc0   Section        0  scanf_fp.o(i._is_digit)
    i.fabs                                   0x08003bce   Section        0  fabs.o(i.fabs)
    i.main                                   0x08003bf0   Section        0  luanvan3-05vs2.o(i.main)
    i.receive_data_and_reply                 0x08003d08   Section        0  luanvan3-05vs2.o(i.receive_data_and_reply)
    i.sqrt                                   0x0800424c   Section        0  sqrt.o(i.sqrt)
    i.trituyetdoi                            0x080042ba   Section        0  pid05.o(i.trituyetdoi)
    .constdata                               0x080042d0   Section      136  pow.o(.constdata)
    bp                                       0x080042d0   Data          16  pow.o(.constdata)
    dp_h                                     0x080042e0   Data          16  pow.o(.constdata)
    dp_l                                     0x080042f0   Data          16  pow.o(.constdata)
    L                                        0x08004300   Data          48  pow.o(.constdata)
    P                                        0x08004330   Data          40  pow.o(.constdata)
    .constdata                               0x08004358   Section        8  qnan.o(.constdata)
    .constdata                               0x08004360   Section       64  ctype_c.o(.constdata)
    .data                                    0x20000000   Section       20  system_stm32f4xx.o(.data)
    .data                                    0x20000014   Section       16  stm32f4xx_rcc.o(.data)
    APBAHBPrescTable                         0x20000014   Data          16  stm32f4xx_rcc.o(.data)
    .data                                    0x20000024   Section       16  pid05.o(.data)
    Roll_set_previous                        0x20000024   Data           4  pid05.o(.data)
    Pitch_set_previous                       0x20000028   Data           4  pid05.o(.data)
    Alt_set_previous                         0x2000002c   Data           4  pid05.o(.data)
    Yaw_set_previous                         0x20000030   Data           4  pid05.o(.data)
    .data                                    0x20000034   Section       40  luanvan3-05vs2.o(.data)
    .data                                    0x2000005c   Section        1  luanvan3-05vs2.o(.data)
    .data                                    0x20000060   Section        4  errno.o(.data)
    _errno                                   0x20000060   Data           4  errno.o(.data)
    .bss                                     0x20000064   Section      448  pid05.o(.bss)
    .bss                                     0x20000224   Section      612  luanvan3-05vs2.o(.bss)
    STACK                                    0x20000488   Section    24576  startup_stm32f4xx.o(STACK)

    Global Symbols

    Symbol Name                              Value     Ov Type        Size  Object(Section)

    BuildAttributes$$THM_ISAv4$E$P$D$K$B$S$7EM$VFPi3$EXTD16$VFPS$VFMA$PE$A:L22UL41UL21$X:L11$S22US41US21$IEEE1$IW$USESV6$~STKCKD$USESV7$~SHL$OTIME$ROPI$IEEEX$EBA8$MICROLIB$REQ8$PRES8$EABIv2 0x00000000   Number         0  anon$$obj.o ABSOLUTE
    __ARM_use_no_argv                        0x00000000   Number         0  luanvan3-05vs2.o ABSOLUTE
    __cpp_initialize__aeabi_                  - Undefined Weak Reference
    __cxa_finalize                            - Undefined Weak Reference
    __decompress                              - Undefined Weak Reference
    _clock_init                               - Undefined Weak Reference
    _microlib_exit                            - Undefined Weak Reference
    __Vectors_Size                           0x00000188   Number         0  startup_stm32f4xx.o ABSOLUTE
    __Vectors                                0x08000000   Data           4  startup_stm32f4xx.o(RESET)
    __Vectors_End                            0x08000188   Data           0  startup_stm32f4xx.o(RESET)
    __main                                   0x08000189   Thumb Code     0  entry.o(.ARM.Collect$$$$00000000)
    _main_stk                                0x08000189   Thumb Code     0  entry2.o(.ARM.Collect$$$$00000001)
    _main_scatterload                        0x0800018d   Thumb Code     0  entry5.o(.ARM.Collect$$$$00000004)
    __main_after_scatterload                 0x08000191   Thumb Code     0  entry5.o(.ARM.Collect$$$$00000004)
    _main_clock                              0x08000191   Thumb Code     0  entry7b.o(.ARM.Collect$$$$00000008)
    _main_cpp_init                           0x08000191   Thumb Code     0  entry8b.o(.ARM.Collect$$$$0000000A)
    _main_init                               0x08000191   Thumb Code     0  entry9a.o(.ARM.Collect$$$$0000000B)
    __rt_final_cpp                           0x08000199   Thumb Code     0  entry10a.o(.ARM.Collect$$$$0000000D)
    __rt_final_exit                          0x08000199   Thumb Code     0  entry11a.o(.ARM.Collect$$$$0000000F)
    Reset_Handler                            0x0800019d   Thumb Code     8  startup_stm32f4xx.o(.text)
    NMI_Handler                              0x080001a5   Thumb Code     2  startup_stm32f4xx.o(.text)
    HardFault_Handler                        0x080001a7   Thumb Code     2  startup_stm32f4xx.o(.text)
    MemManage_Handler                        0x080001a9   Thumb Code     2  startup_stm32f4xx.o(.text)
    BusFault_Handler                         0x080001ab   Thumb Code     2  startup_stm32f4xx.o(.text)
    UsageFault_Handler                       0x080001ad   Thumb Code     2  startup_stm32f4xx.o(.text)
    SVC_Handler                              0x080001af   Thumb Code     2  startup_stm32f4xx.o(.text)
    DebugMon_Handler                         0x080001b1   Thumb Code     2  startup_stm32f4xx.o(.text)
    PendSV_Handler                           0x080001b3   Thumb Code     2  startup_stm32f4xx.o(.text)
    ADC_IRQHandler                           0x080001b7   Thumb Code     0  startup_stm32f4xx.o(.text)
    CAN1_RX0_IRQHandler                      0x080001b7   Thumb Code     0  startup_stm32f4xx.o(.text)
    CAN1_RX1_IRQHandler                      0x080001b7   Thumb Code     0  startup_stm32f4xx.o(.text)
    CAN1_SCE_IRQHandler                      0x080001b7   Thumb Code     0  startup_stm32f4xx.o(.text)
    CAN1_TX_IRQHandler                       0x080001b7   Thumb Code     0  startup_stm32f4xx.o(.text)
    CAN2_RX0_IRQHandler                      0x080001b7   Thumb Code     0  startup_stm32f4xx.o(.text)
    CAN2_RX1_IRQHandler                      0x080001b7   Thumb Code     0  startup_stm32f4xx.o(.text)
    CAN2_SCE_IRQHandler                      0x080001b7   Thumb Code     0  startup_stm32f4xx.o(.text)
    CAN2_TX_IRQHandler                       0x080001b7   Thumb Code     0  startup_stm32f4xx.o(.text)
    CRYP_IRQHandler                          0x080001b7   Thumb Code     0  startup_stm32f4xx.o(.text)
    DCMI_IRQHandler                          0x080001b7   Thumb Code     0  startup_stm32f4xx.o(.text)
    DMA1_Stream0_IRQHandler                  0x080001b7   Thumb Code     0  startup_stm32f4xx.o(.text)
    DMA1_Stream1_IRQHandler                  0x080001b7   Thumb Code     0  startup_stm32f4xx.o(.text)
    DMA1_Stream3_IRQHandler                  0x080001b7   Thumb Code     0  startup_stm32f4xx.o(.text)
    DMA1_Stream5_IRQHandler                  0x080001b7   Thumb Code     0  startup_stm32f4xx.o(.text)
    DMA1_Stream6_IRQHandler                  0x080001b7   Thumb Code     0  startup_stm32f4xx.o(.text)
    DMA1_Stream7_IRQHandler                  0x080001b7   Thumb Code     0  startup_stm32f4xx.o(.text)
    DMA2_Stream0_IRQHandler                  0x080001b7   Thumb Code     0  startup_stm32f4xx.o(.text)
    DMA2_Stream1_IRQHandler                  0x080001b7   Thumb Code     0  startup_stm32f4xx.o(.text)
    DMA2_Stream2_IRQHandler                  0x080001b7   Thumb Code     0  startup_stm32f4xx.o(.text)
    DMA2_Stream3_IRQHandler                  0x080001b7   Thumb Code     0  startup_stm32f4xx.o(.text)
    DMA2_Stream4_IRQHandler                  0x080001b7   Thumb Code     0  startup_stm32f4xx.o(.text)
    DMA2_Stream5_IRQHandler                  0x080001b7   Thumb Code     0  startup_stm32f4xx.o(.text)
    DMA2_Stream6_IRQHandler                  0x080001b7   Thumb Code     0  startup_stm32f4xx.o(.text)
    DMA2_Stream7_IRQHandler                  0x080001b7   Thumb Code     0  startup_stm32f4xx.o(.text)
    ETH_IRQHandler                           0x080001b7   Thumb Code     0  startup_stm32f4xx.o(.text)
    ETH_WKUP_IRQHandler                      0x080001b7   Thumb Code     0  startup_stm32f4xx.o(.text)
    EXTI0_IRQHandler                         0x080001b7   Thumb Code     0  startup_stm32f4xx.o(.text)
    EXTI15_10_IRQHandler                     0x080001b7   Thumb Code     0  startup_stm32f4xx.o(.text)
    EXTI1_IRQHandler                         0x080001b7   Thumb Code     0  startup_stm32f4xx.o(.text)
    EXTI2_IRQHandler                         0x080001b7   Thumb Code     0  startup_stm32f4xx.o(.text)
    EXTI3_IRQHandler                         0x080001b7   Thumb Code     0  startup_stm32f4xx.o(.text)
    EXTI4_IRQHandler                         0x080001b7   Thumb Code     0  startup_stm32f4xx.o(.text)
    FLASH_IRQHandler                         0x080001b7   Thumb Code     0  startup_stm32f4xx.o(.text)
    FPU_IRQHandler                           0x080001b7   Thumb Code     0  startup_stm32f4xx.o(.text)
    FSMC_IRQHandler                          0x080001b7   Thumb Code     0  startup_stm32f4xx.o(.text)
    HASH_RNG_IRQHandler                      0x080001b7   Thumb Code     0  startup_stm32f4xx.o(.text)
    I2C1_ER_IRQHandler                       0x080001b7   Thumb Code     0  startup_stm32f4xx.o(.text)
    I2C1_EV_IRQHandler                       0x080001b7   Thumb Code     0  startup_stm32f4xx.o(.text)
    I2C2_ER_IRQHandler                       0x080001b7   Thumb Code     0  startup_stm32f4xx.o(.text)
    I2C2_EV_IRQHandler                       0x080001b7   Thumb Code     0  startup_stm32f4xx.o(.text)
    I2C3_ER_IRQHandler                       0x080001b7   Thumb Code     0  startup_stm32f4xx.o(.text)
    I2C3_EV_IRQHandler                       0x080001b7   Thumb Code     0  startup_stm32f4xx.o(.text)
    OTG_FS_IRQHandler                        0x080001b7   Thumb Code     0  startup_stm32f4xx.o(.text)
    OTG_FS_WKUP_IRQHandler                   0x080001b7   Thumb Code     0  startup_stm32f4xx.o(.text)
    OTG_HS_EP1_IN_IRQHandler                 0x080001b7   Thumb Code     0  startup_stm32f4xx.o(.text)
    OTG_HS_EP1_OUT_IRQHandler                0x080001b7   Thumb Code     0  startup_stm32f4xx.o(.text)
    OTG_HS_IRQHandler                        0x080001b7   Thumb Code     0  startup_stm32f4xx.o(.text)
    OTG_HS_WKUP_IRQHandler                   0x080001b7   Thumb Code     0  startup_stm32f4xx.o(.text)
    PVD_IRQHandler                           0x080001b7   Thumb Code     0  startup_stm32f4xx.o(.text)
    RCC_IRQHandler                           0x080001b7   Thumb Code     0  startup_stm32f4xx.o(.text)
    RTC_Alarm_IRQHandler                     0x080001b7   Thumb Code     0  startup_stm32f4xx.o(.text)
    RTC_WKUP_IRQHandler                      0x080001b7   Thumb Code     0  startup_stm32f4xx.o(.text)
    SDIO_IRQHandler                          0x080001b7   Thumb Code     0  startup_stm32f4xx.o(.text)
    SPI1_IRQHandler                          0x080001b7   Thumb Code     0  startup_stm32f4xx.o(.text)
    SPI2_IRQHandler                          0x080001b7   Thumb Code     0  startup_stm32f4xx.o(.text)
    SPI3_IRQHandler                          0x080001b7   Thumb Code     0  startup_stm32f4xx.o(.text)
    TAMP_STAMP_IRQHandler                    0x080001b7   Thumb Code     0  startup_stm32f4xx.o(.text)
    TIM1_BRK_TIM9_IRQHandler                 0x080001b7   Thumb Code     0  startup_stm32f4xx.o(.text)
    TIM1_CC_IRQHandler                       0x080001b7   Thumb Code     0  startup_stm32f4xx.o(.text)
    TIM1_TRG_COM_TIM11_IRQHandler            0x080001b7   Thumb Code     0  startup_stm32f4xx.o(.text)
    TIM1_UP_TIM10_IRQHandler                 0x080001b7   Thumb Code     0  startup_stm32f4xx.o(.text)
    TIM2_IRQHandler                          0x080001b7   Thumb Code     0  startup_stm32f4xx.o(.text)
    TIM3_IRQHandler                          0x080001b7   Thumb Code     0  startup_stm32f4xx.o(.text)
    TIM4_IRQHandler                          0x080001b7   Thumb Code     0  startup_stm32f4xx.o(.text)
    TIM5_IRQHandler                          0x080001b7   Thumb Code     0  startup_stm32f4xx.o(.text)
    TIM6_DAC_IRQHandler                      0x080001b7   Thumb Code     0  startup_stm32f4xx.o(.text)
    TIM7_IRQHandler                          0x080001b7   Thumb Code     0  startup_stm32f4xx.o(.text)
    TIM8_BRK_TIM12_IRQHandler                0x080001b7   Thumb Code     0  startup_stm32f4xx.o(.text)
    TIM8_CC_IRQHandler                       0x080001b7   Thumb Code     0  startup_stm32f4xx.o(.text)
    TIM8_TRG_COM_TIM14_IRQHandler            0x080001b7   Thumb Code     0  startup_stm32f4xx.o(.text)
    TIM8_UP_TIM13_IRQHandler                 0x080001b7   Thumb Code     0  startup_stm32f4xx.o(.text)
    UART4_IRQHandler                         0x080001b7   Thumb Code     0  startup_stm32f4xx.o(.text)
    UART5_IRQHandler                         0x080001b7   Thumb Code     0  startup_stm32f4xx.o(.text)
    USART1_IRQHandler                        0x080001b7   Thumb Code     0  startup_stm32f4xx.o(.text)
    USART2_IRQHandler                        0x080001b7   Thumb Code     0  startup_stm32f4xx.o(.text)
    USART3_IRQHandler                        0x080001b7   Thumb Code     0  startup_stm32f4xx.o(.text)
    USART6_IRQHandler                        0x080001b7   Thumb Code     0  startup_stm32f4xx.o(.text)
    WWDG_IRQHandler                          0x080001b7   Thumb Code     0  startup_stm32f4xx.o(.text)
    strncpy                                  0x080001c1   Thumb Code    24  strncpy.o(.text)
    __aeabi_dadd                             0x080001d9   Thumb Code   322  dadd.o(.text)
    __aeabi_dsub                             0x0800031b   Thumb Code     6  dadd.o(.text)
    __aeabi_drsub                            0x08000321   Thumb Code     6  dadd.o(.text)
    __aeabi_dmul                             0x08000327   Thumb Code   228  dmul.o(.text)
    __aeabi_ddiv                             0x0800040b   Thumb Code   222  ddiv.o(.text)
    __aeabi_i2d                              0x080004e9   Thumb Code    34  dflti.o(.text)
    __aeabi_d2iz                             0x0800050b   Thumb Code    62  dfixi.o(.text)
    __aeabi_d2uiz                            0x08000549   Thumb Code    50  dfixui.o(.text)
    __aeabi_f2d                              0x0800057b   Thumb Code    38  f2d.o(.text)
    __aeabi_d2f                              0x080005a1   Thumb Code    56  d2f.o(.text)
    __aeabi_llsl                             0x080005d9   Thumb Code    30  llshl.o(.text)
    _ll_shift_l                              0x080005d9   Thumb Code     0  llshl.o(.text)
    __aeabi_llsr                             0x080005f7   Thumb Code    32  llushr.o(.text)
    _ll_ushift_r                             0x080005f7   Thumb Code     0  llushr.o(.text)
    __aeabi_lasr                             0x08000617   Thumb Code    36  llsshr.o(.text)
    _ll_sshift_r                             0x08000617   Thumb Code     0  llsshr.o(.text)
    __strtod_int                             0x08000673   Thumb Code    88  strtod.o(.text)
    __I$use$fp                               0x080006d9   Thumb Code     0  iusefp.o(.text)
    _float_round                             0x080006d9   Thumb Code    18  fepilogue.o(.text)
    _float_epilogue                          0x080006eb   Thumb Code    90  fepilogue.o(.text)
    _double_round                            0x08000745   Thumb Code    26  depilogue.o(.text)
    _double_epilogue                         0x0800075f   Thumb Code   164  depilogue.o(.text)
    __ARM_scalbn                             0x08000803   Thumb Code    46  dscalb.o(.text)
    scalbn                                   0x08000803   Thumb Code     0  dscalb.o(.text)
    __aeabi_cdrcmple                         0x08000831   Thumb Code    38  cdrcmple.o(.text)
    __scatterload                            0x08000859   Thumb Code    28  init.o(.text)
    __scatterload_rt2                        0x08000859   Thumb Code     0  init.o(.text)
    isspace                                  0x0800087d   Thumb Code    10  isspace_c.o(.text)
    _scanf_real                              0x08000989   Thumb Code     0  scanf_fp.o(.text)
    _scanf_really_real                       0x08000989   Thumb Code   560  scanf_fp.o(.text)
    _sgetc                                   0x08000bc5   Thumb Code    30  _sgetc.o(.text)
    _sbackspace                              0x08000be3   Thumb Code    34  _sgetc.o(.text)
    _dsqrt                                   0x08000c05   Thumb Code   162  dsqrt.o(.text)
    __ctype_lookup                           0x08000ca9   Thumb Code    34  ctype_c.o(.text)
    __aeabi_ul2d                             0x08000cd1   Thumb Code    24  dfltul.o(.text)
    Call_Alt_PID                             0x08000ce9   Thumb Code   842  pid05.o(i.Call_Alt_PID)
    Call_Pitch_PID                           0x08001069   Thumb Code   438  pid05.o(i.Call_Pitch_PID)
    Call_Roll_PID                            0x0800124d   Thumb Code   438  pid05.o(i.Call_Roll_PID)
    Call_Yaw_PID                             0x08001431   Thumb Code   464  pid05.o(i.Call_Yaw_PID)
    DMA1_Stream2_IRQHandler                  0x08001631   Thumb Code    68  luanvan3-05vs2.o(i.DMA1_Stream2_IRQHandler)
    DMA1_Stream4_IRQHandler                  0x08001685   Thumb Code    32  peripheral05.o(i.DMA1_Stream4_IRQHandler)
    DMA_ClearFlag                            0x080016ad   Thumb Code    32  stm32f4xx_dma.o(i.DMA_ClearFlag)
    DMA_ClearITPendingBit                    0x080016d9   Thumb Code    32  stm32f4xx_dma.o(i.DMA_ClearITPendingBit)
    DMA_Cmd                                  0x08001705   Thumb Code    20  stm32f4xx_dma.o(i.DMA_Cmd)
    DMA_DeInit                               0x08001719   Thumb Code   272  stm32f4xx_dma.o(i.DMA_DeInit)
    DMA_GetITStatus                          0x0800183d   Thumb Code    68  stm32f4xx_dma.o(i.DMA_GetITStatus)
    DMA_ITConfig                             0x08001891   Thumb Code    52  stm32f4xx_dma.o(i.DMA_ITConfig)
    DMA_Init                                 0x080018c5   Thumb Code    80  stm32f4xx_dma.o(i.DMA_Init)
    DMA_SetCurrDataCounter                   0x08001919   Thumb Code     4  stm32f4xx_dma.o(i.DMA_SetCurrDataCounter)
    DMA_UART4_Configuration                  0x0800191d   Thumb Code   104  peripheral05.o(i.DMA_UART4_Configuration)
    DMA_UART4_RX                             0x0800198d   Thumb Code   100  peripheral05.o(i.DMA_UART4_RX)
    DMA_USART2_Config                        0x080019f9   Thumb Code    96  peripheral05.o(i.DMA_USART2_Config)
    Delay_100ms                              0x08001a61   Thumb Code    12  peripheral05.o(i.Delay_100ms)
    EXTI9_5_IRQHandler                       0x08001a71   Thumb Code    58  peripheral05.o(i.EXTI9_5_IRQHandler)
    EXTI_FPGA_Pa8                            0x08001ab5   Thumb Code    66  peripheral05.o(i.EXTI_FPGA_Pa8)
    EXTI_GetITStatus                         0x08001af9   Thumb Code    28  stm32f4xx_exti.o(i.EXTI_GetITStatus)
    EXTI_Init                                0x08001b19   Thumb Code   108  stm32f4xx_exti.o(i.EXTI_Init)
    GPIO_Init                                0x08001b89   Thumb Code   162  stm32f4xx_gpio.o(i.GPIO_Init)
    GPIO_PinAFConfig                         0x08001c2b   Thumb Code    32  stm32f4xx_gpio.o(i.GPIO_PinAFConfig)
    GPIO_ReadInputDataBit                    0x08001c4b   Thumb Code    14  stm32f4xx_gpio.o(i.GPIO_ReadInputDataBit)
    GPIO_SetBits                             0x08001c59   Thumb Code     4  stm32f4xx_gpio.o(i.GPIO_SetBits)
    Gent_Pwm_Alt                             0x08001c5d   Thumb Code    86  pid05.o(i.Gent_Pwm_Alt)
    Gent_Pwm_Pitch                           0x08001ccd   Thumb Code    98  pid05.o(i.Gent_Pwm_Pitch)
    Gent_Pwm_Roll                            0x08001d4d   Thumb Code    80  pid05.o(i.Gent_Pwm_Roll)
    Gent_Pwm_Yaw                             0x08001db1   Thumb Code    86  pid05.o(i.Gent_Pwm_Yaw)
    Interrupt_uart4_rx                       0x08001e21   Thumb Code    40  peripheral05.o(i.Interrupt_uart4_rx)
    MyGPIO_Configuration                     0x08001e49   Thumb Code   162  peripheral05.o(i.MyGPIO_Configuration)
    MyRCC_Configuration                      0x08001ef5   Thumb Code    78  peripheral05.o(i.MyRCC_Configuration)
    MyTIM_PWM_Configuration                  0x08001f45   Thumb Code   252  peripheral05.o(i.MyTIM_PWM_Configuration)
    NVIC_Configuration                       0x08002049   Thumb Code    40  peripheral05.o(i.NVIC_Configuration)
    NVIC_Init                                0x08002071   Thumb Code    92  misc.o(i.NVIC_Init)
    NVIC_PriorityGroupConfig                 0x080020d5   Thumb Code    10  misc.o(i.NVIC_PriorityGroupConfig)
    PID_Init                                 0x080020e9   Thumb Code   118  pid05.o(i.PID_Init)
    RCC_AHB1PeriphClockCmd                   0x08002169   Thumb Code    18  stm32f4xx_rcc.o(i.RCC_AHB1PeriphClockCmd)
    RCC_AHB1PeriphResetCmd                   0x08002181   Thumb Code    18  stm32f4xx_rcc.o(i.RCC_AHB1PeriphResetCmd)
    RCC_APB1PeriphClockCmd                   0x08002199   Thumb Code    18  stm32f4xx_rcc.o(i.RCC_APB1PeriphClockCmd)
    RCC_APB2PeriphClockCmd                   0x080021b1   Thumb Code    18  stm32f4xx_rcc.o(i.RCC_APB2PeriphClockCmd)
    RCC_GetClocksFreq                        0x080021c9   Thumb Code   132  stm32f4xx_rcc.o(i.RCC_GetClocksFreq)
    SYSCFG_EXTILineConfig                    0x0800225d   Thumb Code    34  stm32f4xx_syscfg.o(i.SYSCFG_EXTILineConfig)
    Sampling_GGA                             0x08002285   Thumb Code   418  pid05.o(i.Sampling_GGA)
    Sampling_RPY                             0x0800243d   Thumb Code   664  pid05.o(i.Sampling_RPY)
    Sampling_VTG                             0x0800271d   Thumb Code    82  pid05.o(i.Sampling_VTG)
    SysTick_Handler                          0x08002829   Thumb Code   242  luanvan3-05vs2.o(i.SysTick_Handler)
    SystemInit                               0x0800292d   Thumb Code    82  system_stm32f4xx.o(i.SystemInit)
    TIM_ARRPreloadConfig                     0x08002991   Thumb Code    20  stm32f4xx_tim.o(i.TIM_ARRPreloadConfig)
    TIM_Cmd                                  0x080029a5   Thumb Code    20  stm32f4xx_tim.o(i.TIM_Cmd)
    TIM_OC1Init                              0x080029b9   Thumb Code    88  stm32f4xx_tim.o(i.TIM_OC1Init)
    TIM_OC1PreloadConfig                     0x08002a19   Thumb Code    12  stm32f4xx_tim.o(i.TIM_OC1PreloadConfig)
    TIM_OC2Init                              0x08002a25   Thumb Code   120  stm32f4xx_tim.o(i.TIM_OC2Init)
    TIM_OC2PreloadConfig                     0x08002aa5   Thumb Code    20  stm32f4xx_tim.o(i.TIM_OC2PreloadConfig)
    TIM_OC3Init                              0x08002ab9   Thumb Code   116  stm32f4xx_tim.o(i.TIM_OC3Init)
    TIM_OC3PreloadConfig                     0x08002b35   Thumb Code    12  stm32f4xx_tim.o(i.TIM_OC3PreloadConfig)
    TIM_OC4Init                              0x08002b41   Thumb Code    88  stm32f4xx_tim.o(i.TIM_OC4Init)
    TIM_OC4PreloadConfig                     0x08002ba1   Thumb Code    20  stm32f4xx_tim.o(i.TIM_OC4PreloadConfig)
    TIM_TimeBaseInit                         0x08002bb5   Thumb Code    96  stm32f4xx_tim.o(i.TIM_TimeBaseInit)
    UART4_Configuration                      0x08002c31   Thumb Code    48  peripheral05.o(i.UART4_Configuration)
    USART2_Configuration                     0x08002c65   Thumb Code    48  peripheral05.o(i.USART2_Configuration)
    USART_Cmd                                0x08002c99   Thumb Code    20  stm32f4xx_usart.o(i.USART_Cmd)
    USART_DMACmd                             0x08002cad   Thumb Code    16  stm32f4xx_usart.o(i.USART_DMACmd)
    USART_Init                               0x08002cbd   Thumb Code   174  stm32f4xx_usart.o(i.USART_Init)
    __ARM_fpclassify                         0x08002d75   Thumb Code    48  fpclassify.o(i.__ARM_fpclassify)
    __hardfp_atof                            0x08002da9   Thumb Code    44  atof.o(i.__hardfp_atof)
    __hardfp_pow                             0x08002de1   Thumb Code  3132  pow.o(i.__hardfp_pow)
    __kernel_poly                            0x08003a71   Thumb Code   248  poly.o(i.__kernel_poly)
    __mathlib_dbl_underflow                  0x08003b69   Thumb Code    24  dunder.o(i.__mathlib_dbl_underflow)
    __read_errno                             0x08003b89   Thumb Code     6  errno.o(i.__read_errno)
    __scatterload_copy                       0x08003b95   Thumb Code    14  handlers.o(i.__scatterload_copy)
    __scatterload_null                       0x08003ba3   Thumb Code     2  handlers.o(i.__scatterload_null)
    __scatterload_zeroinit                   0x08003ba5   Thumb Code    14  handlers.o(i.__scatterload_zeroinit)
    __set_errno                              0x08003bb5   Thumb Code     6  errno.o(i.__set_errno)
    _is_digit                                0x08003bc1   Thumb Code    14  scanf_fp.o(i._is_digit)
    fabs                                     0x08003bcf   Thumb Code    32  fabs.o(i.fabs)
    main                                     0x08003bf1   Thumb Code   234  luanvan3-05vs2.o(i.main)
    receive_data_and_reply                   0x08003d09   Thumb Code  1342  luanvan3-05vs2.o(i.receive_data_and_reply)
    sqrt                                     0x0800424d   Thumb Code   110  sqrt.o(i.sqrt)
    trituyetdoi                              0x080042bb   Thumb Code    16  pid05.o(i.trituyetdoi)
    __mathlib_zero                           0x08004358   Data           8  qnan.o(.constdata)
    __ctype_categories                       0x08004360   Data          64  ctype_c.o(.constdata)
    Region$$Table$$Base                      0x080043a0   Number         0  anon$$obj.o(Region$$Table)
    Region$$Table$$Limit                     0x080043c0   Number         0  anon$$obj.o(Region$$Table)
    SystemCoreClock                          0x20000000   Data           4  system_stm32f4xx.o(.data)
    AHBPrescTable                            0x20000004   Data          16  system_stm32f4xx.o(.data)
    CMD_Trigger                              0x20000034   Data           1  luanvan3-05vs2.o(.data)
    index_find_e                             0x20000035   Data           1  luanvan3-05vs2.o(.data)
    CMD_delay                                0x20000036   Data           1  luanvan3-05vs2.o(.data)
    Update_heso_Roll                         0x20000037   Data           1  luanvan3-05vs2.o(.data)
    Update_heso_Pitch                        0x20000038   Data           1  luanvan3-05vs2.o(.data)
    Update_heso_Yaw                          0x20000039   Data           1  luanvan3-05vs2.o(.data)
    Update_heso_Alt                          0x2000003a   Data           1  luanvan3-05vs2.o(.data)
    index_receive_enough_data_GS             0x2000003b   Data           1  luanvan3-05vs2.o(.data)
    find_char_$                              0x2000003c   Data           1  luanvan3-05vs2.o(.data)
    state_alt                                0x2000003d   Data           1  luanvan3-05vs2.o(.data)
    state_press                              0x2000003e   Data           1  luanvan3-05vs2.o(.data)
    Buf_rx4                                  0x2000003f   Data           1  luanvan3-05vs2.o(.data)
    G_delay_count                            0x20000040   Data           2  luanvan3-05vs2.o(.data)
    position_VTG                             0x20000042   Data           2  luanvan3-05vs2.o(.data)
    position_end_of_VTG                      0x20000044   Data           2  luanvan3-05vs2.o(.data)
    position_end_of_GGA                      0x20000046   Data           2  luanvan3-05vs2.o(.data)
    compare_enough_data                      0x20000048   Data           4  luanvan3-05vs2.o(.data)
    number_byte_empty_into_Buf_USART2        0x2000004c   Data           4  luanvan3-05vs2.o(.data)
    lenght_of_data_IMU_GPS                   0x20000050   Data           4  luanvan3-05vs2.o(.data)
    i                                        0x20000054   Data           4  luanvan3-05vs2.o(.data)
    test_simulate1                           0x20000058   Data           4  luanvan3-05vs2.o(.data)
    Update_heso_Press                        0x2000005c   Data           1  luanvan3-05vs2.o(.data)
    Roll_PID                                 0x20000064   Data          56  pid05.o(.bss)
    Pitch_PID                                0x2000009c   Data          56  pid05.o(.bss)
    Yaw_PID                                  0x200000d4   Data          56  pid05.o(.bss)
    Alt_PID                                  0x2000010c   Data          56  pid05.o(.bss)
    Latitude                                 0x20000144   Data          56  pid05.o(.bss)
    Longitude                                0x2000017c   Data          56  pid05.o(.bss)
    Speed                                    0x200001b4   Data          56  pid05.o(.bss)
    Press                                    0x200001ec   Data          56  pid05.o(.bss)
    Buf_USART2                               0x20000224   Data         250  luanvan3-05vs2.o(.bss)
    data_from_pc                             0x2000031e   Data         250  luanvan3-05vs2.o(.bss)
    lat_long_from_GS                         0x20000418   Data         112  luanvan3-05vs2.o(.bss)
    __initial_sp                             0x20006488   Data           0  startup_stm32f4xx.o(STACK)



==============================================================================

Memory Map of the image

  Image Entry point : 0x08000189

  Load Region LR_IROM1 (Base: 0x08000000, Size: 0x00004424, Max: 0x00100000, ABSOLUTE)

    Execution Region ER_IROM1 (Base: 0x08000000, Size: 0x000043c0, Max: 0x00100000, ABSOLUTE)

    Base Addr    Size         Type   Attr      Idx    E Section Name        Object

    0x08000000   0x00000188   Data   RO            3    RESET               startup_stm32f4xx.o
    0x08000188   0x00000000   Code   RO         2819  * .ARM.Collect$$$$00000000  mc_w.l(entry.o)
    0x08000188   0x00000004   Code   RO         2865    .ARM.Collect$$$$00000001  mc_w.l(entry2.o)
    0x0800018c   0x00000004   Code   RO         2868    .ARM.Collect$$$$00000004  mc_w.l(entry5.o)
    0x08000190   0x00000000   Code   RO         2870    .ARM.Collect$$$$00000008  mc_w.l(entry7b.o)
    0x08000190   0x00000000   Code   RO         2872    .ARM.Collect$$$$0000000A  mc_w.l(entry8b.o)
    0x08000190   0x00000008   Code   RO         2873    .ARM.Collect$$$$0000000B  mc_w.l(entry9a.o)
    0x08000198   0x00000000   Code   RO         2875    .ARM.Collect$$$$0000000D  mc_w.l(entry10a.o)
    0x08000198   0x00000000   Code   RO         2877    .ARM.Collect$$$$0000000F  mc_w.l(entry11a.o)
    0x08000198   0x00000004   Code   RO         2866    .ARM.Collect$$$$00002712  mc_w.l(entry2.o)
    0x0800019c   0x00000024   Code   RO            4    .text               startup_stm32f4xx.o
    0x080001c0   0x00000018   Code   RO         2822    .text               mc_w.l(strncpy.o)
    0x080001d8   0x0000014e   Code   RO         2824    .text               mf_w.l(dadd.o)
    0x08000326   0x000000e4   Code   RO         2826    .text               mf_w.l(dmul.o)
    0x0800040a   0x000000de   Code   RO         2828    .text               mf_w.l(ddiv.o)
    0x080004e8   0x00000022   Code   RO         2830    .text               mf_w.l(dflti.o)
    0x0800050a   0x0000003e   Code   RO         2832    .text               mf_w.l(dfixi.o)
    0x08000548   0x00000032   Code   RO         2834    .text               mf_w.l(dfixui.o)
    0x0800057a   0x00000026   Code   RO         2836    .text               mf_w.l(f2d.o)
    0x080005a0   0x00000038   Code   RO         2838    .text               mf_w.l(d2f.o)
    0x080005d8   0x0000001e   Code   RO         2879    .text               mc_w.l(llshl.o)
    0x080005f6   0x00000020   Code   RO         2881    .text               mc_w.l(llushr.o)
    0x08000616   0x00000024   Code   RO         2883    .text               mc_w.l(llsshr.o)
    0x0800063a   0x00000002   PAD
    0x0800063c   0x0000009c   Code   RO         2892    .text               mc_w.l(strtod.o)
    0x080006d8   0x00000000   Code   RO         2894    .text               mc_w.l(iusefp.o)
    0x080006d8   0x0000006c   Code   RO         2895    .text               mf_w.l(fepilogue.o)
    0x08000744   0x000000be   Code   RO         2897    .text               mf_w.l(depilogue.o)
    0x08000802   0x0000002e   Code   RO         2901    .text               mf_w.l(dscalb.o)
    0x08000830   0x00000028   Code   RO         2903    .text               mf_w.l(cdrcmple.o)
    0x08000858   0x00000024   Code   RO         2905    .text               mc_w.l(init.o)
    0x0800087c   0x0000000a   Code   RO         2907    .text               mc_w.l(isspace_c.o)
    0x08000886   0x00000002   PAD
    0x08000888   0x0000033c   Code   RO         2909    .text               mc_w.l(scanf_fp.o)
    0x08000bc4   0x00000040   Code   RO         2913    .text               mc_w.l(_sgetc.o)
    0x08000c04   0x000000a2   Code   RO         2915    .text               mf_w.l(dsqrt.o)
    0x08000ca6   0x00000002   PAD
    0x08000ca8   0x00000028   Code   RO         2919    .text               mc_w.l(ctype_c.o)
    0x08000cd0   0x00000018   Code   RO         2922    .text               mf_w.l(dfltul.o)
    0x08000ce8   0x00000380   Code   RO         2266    i.Call_Alt_PID      pid05.o
    0x08001068   0x000001e4   Code   RO         2267    i.Call_Pitch_PID    pid05.o
    0x0800124c   0x000001e4   Code   RO         2268    i.Call_Roll_PID     pid05.o
    0x08001430   0x00000200   Code   RO         2269    i.Call_Yaw_PID      pid05.o
    0x08001630   0x00000054   Code   RO         2386    i.DMA1_Stream2_IRQHandler  luanvan3-05vs2.o
    0x08001684   0x00000028   Code   RO         2125    i.DMA1_Stream4_IRQHandler  peripheral05.o
    0x080016ac   0x0000002c   Code   RO          276    i.DMA_ClearFlag     stm32f4xx_dma.o
    0x080016d8   0x0000002c   Code   RO          277    i.DMA_ClearITPendingBit  stm32f4xx_dma.o
    0x08001704   0x00000014   Code   RO          278    i.DMA_Cmd           stm32f4xx_dma.o
    0x08001718   0x00000124   Code   RO          279    i.DMA_DeInit        stm32f4xx_dma.o
    0x0800183c   0x00000054   Code   RO          288    i.DMA_GetITStatus   stm32f4xx_dma.o
    0x08001890   0x00000034   Code   RO          289    i.DMA_ITConfig      stm32f4xx_dma.o
    0x080018c4   0x00000054   Code   RO          290    i.DMA_Init          stm32f4xx_dma.o
    0x08001918   0x00000004   Code   RO          293    i.DMA_SetCurrDataCounter  stm32f4xx_dma.o
    0x0800191c   0x00000070   Code   RO         2126    i.DMA_UART4_Configuration  peripheral05.o
    0x0800198c   0x0000006c   Code   RO         2127    i.DMA_UART4_RX      peripheral05.o
    0x080019f8   0x00000068   Code   RO         2128    i.DMA_USART2_Config  peripheral05.o
    0x08001a60   0x00000010   Code   RO         2129    i.Delay_100ms       peripheral05.o
    0x08001a70   0x00000044   Code   RO         2130    i.EXTI9_5_IRQHandler  peripheral05.o
    0x08001ab4   0x00000042   Code   RO         2131    i.EXTI_FPGA_Pa8     peripheral05.o
    0x08001af6   0x00000002   PAD
    0x08001af8   0x00000020   Code   RO          415    i.EXTI_GetITStatus  stm32f4xx_exti.o
    0x08001b18   0x00000070   Code   RO          416    i.EXTI_Init         stm32f4xx_exti.o
    0x08001b88   0x000000a2   Code   RO          673    i.GPIO_Init         stm32f4xx_gpio.o
    0x08001c2a   0x00000020   Code   RO          674    i.GPIO_PinAFConfig  stm32f4xx_gpio.o
    0x08001c4a   0x0000000e   Code   RO          677    i.GPIO_ReadInputDataBit  stm32f4xx_gpio.o
    0x08001c58   0x00000004   Code   RO          681    i.GPIO_SetBits      stm32f4xx_gpio.o
    0x08001c5c   0x00000070   Code   RO         2270    i.Gent_Pwm_Alt      pid05.o
    0x08001ccc   0x00000080   Code   RO         2271    i.Gent_Pwm_Pitch    pid05.o
    0x08001d4c   0x00000064   Code   RO         2272    i.Gent_Pwm_Roll     pid05.o
    0x08001db0   0x00000070   Code   RO         2273    i.Gent_Pwm_Yaw      pid05.o
    0x08001e20   0x00000028   Code   RO         2133    i.Interrupt_uart4_rx  peripheral05.o
    0x08001e48   0x000000ac   Code   RO         2134    i.MyGPIO_Configuration  peripheral05.o
    0x08001ef4   0x0000004e   Code   RO         2135    i.MyRCC_Configuration  peripheral05.o
    0x08001f42   0x00000002   PAD
    0x08001f44   0x00000104   Code   RO         2136    i.MyTIM_PWM_Configuration  peripheral05.o
    0x08002048   0x00000028   Code   RO         2137    i.NVIC_Configuration  peripheral05.o
    0x08002070   0x00000064   Code   RO          150    i.NVIC_Init         misc.o
    0x080020d4   0x00000014   Code   RO          151    i.NVIC_PriorityGroupConfig  misc.o
    0x080020e8   0x00000080   Code   RO         2274    i.PID_Init          pid05.o
    0x08002168   0x00000018   Code   RO          773    i.RCC_AHB1PeriphClockCmd  stm32f4xx_rcc.o
    0x08002180   0x00000018   Code   RO          775    i.RCC_AHB1PeriphResetCmd  stm32f4xx_rcc.o
    0x08002198   0x00000018   Code   RO          782    i.RCC_APB1PeriphClockCmd  stm32f4xx_rcc.o
    0x080021b0   0x00000018   Code   RO          785    i.RCC_APB2PeriphClockCmd  stm32f4xx_rcc.o
    0x080021c8   0x00000094   Code   RO          794    i.RCC_GetClocksFreq  stm32f4xx_rcc.o
    0x0800225c   0x00000028   Code   RO         1967    i.SYSCFG_EXTILineConfig  stm32f4xx_syscfg.o
    0x08002284   0x000001b8   Code   RO         2275    i.Sampling_GGA      pid05.o
    0x0800243c   0x000002e0   Code   RO         2276    i.Sampling_RPY      pid05.o
    0x0800271c   0x00000058   Code   RO         2277    i.Sampling_VTG      pid05.o
    0x08002774   0x000000b4   Code   RO           12    i.SetSysClock       system_stm32f4xx.o
    0x08002828   0x00000104   Code   RO         2387    i.SysTick_Handler   luanvan3-05vs2.o
    0x0800292c   0x00000064   Code   RO           14    i.SystemInit        system_stm32f4xx.o
    0x08002990   0x00000014   Code   RO         1225    i.TIM_ARRPreloadConfig  stm32f4xx_tim.o
    0x080029a4   0x00000014   Code   RO         1237    i.TIM_Cmd           stm32f4xx_tim.o
    0x080029b8   0x00000060   Code   RO         1266    i.TIM_OC1Init       stm32f4xx_tim.o
    0x08002a18   0x0000000c   Code   RO         1269    i.TIM_OC1PreloadConfig  stm32f4xx_tim.o
    0x08002a24   0x00000080   Code   RO         1271    i.TIM_OC2Init       stm32f4xx_tim.o
    0x08002aa4   0x00000014   Code   RO         1274    i.TIM_OC2PreloadConfig  stm32f4xx_tim.o
    0x08002ab8   0x0000007c   Code   RO         1276    i.TIM_OC3Init       stm32f4xx_tim.o
    0x08002b34   0x0000000c   Code   RO         1279    i.TIM_OC3PreloadConfig  stm32f4xx_tim.o
    0x08002b40   0x00000060   Code   RO         1281    i.TIM_OC4Init       stm32f4xx_tim.o
    0x08002ba0   0x00000014   Code   RO         1283    i.TIM_OC4PreloadConfig  stm32f4xx_tim.o
    0x08002bb4   0x0000007c   Code   RO         1309    i.TIM_TimeBaseInit  stm32f4xx_tim.o
    0x08002c30   0x00000034   Code   RO         2138    i.UART4_Configuration  peripheral05.o
    0x08002c64   0x00000034   Code   RO         2139    i.USART2_Configuration  peripheral05.o
    0x08002c98   0x00000014   Code   RO         1777    i.USART_Cmd         stm32f4xx_usart.o
    0x08002cac   0x00000010   Code   RO         1778    i.USART_DMACmd      stm32f4xx_usart.o
    0x08002cbc   0x000000b8   Code   RO         1784    i.USART_Init        stm32f4xx_usart.o
    0x08002d74   0x00000030   Code   RO         2848    i.__ARM_fpclassify  m_wm.l(fpclassify.o)
    0x08002da4   0x00000004   PAD
    0x08002da8   0x00000038   Code   RO         2799    i.__hardfp_atof     m_wm.l(atof.o)
    0x08002de0   0x00000c90   Code   RO         2805    i.__hardfp_pow      m_wm.l(pow.o)
    0x08003a70   0x000000f8   Code   RO         2850    i.__kernel_poly     m_wm.l(poly.o)
    0x08003b68   0x00000020   Code   RO         2840    i.__mathlib_dbl_underflow  m_wm.l(dunder.o)
    0x08003b88   0x0000000c   Code   RO         2886    i.__read_errno      mc_w.l(errno.o)
    0x08003b94   0x0000000e   Code   RO         2926    i.__scatterload_copy  mc_w.l(handlers.o)
    0x08003ba2   0x00000002   Code   RO         2927    i.__scatterload_null  mc_w.l(handlers.o)
    0x08003ba4   0x0000000e   Code   RO         2928    i.__scatterload_zeroinit  mc_w.l(handlers.o)
    0x08003bb2   0x00000002   PAD
    0x08003bb4   0x0000000c   Code   RO         2887    i.__set_errno       mc_w.l(errno.o)
    0x08003bc0   0x0000000e   Code   RO         2911    i._is_digit         mc_w.l(scanf_fp.o)
    0x08003bce   0x00000020   Code   RO         2844    i.fabs              m_wm.l(fabs.o)
    0x08003bee   0x00000002   PAD
    0x08003bf0   0x00000118   Code   RO         2388    i.main              luanvan3-05vs2.o
    0x08003d08   0x00000544   Code   RO         2389    i.receive_data_and_reply  luanvan3-05vs2.o
    0x0800424c   0x0000006e   Code   RO         2855    i.sqrt              m_wm.l(sqrt.o)
    0x080042ba   0x00000010   Code   RO         2278    i.trituyetdoi       pid05.o
    0x080042ca   0x00000006   PAD
    0x080042d0   0x00000088   Data   RO         2808    .constdata          m_wm.l(pow.o)
    0x08004358   0x00000008   Data   RO         2852    .constdata          m_wm.l(qnan.o)
    0x08004360   0x00000040   Data   RO         2920    .constdata          mc_w.l(ctype_c.o)
    0x080043a0   0x00000020   Data   RO         2924    Region$$Table       anon$$obj.o


    Execution Region RW_IRAM1 (Base: 0x20000000, Size: 0x00006488, Max: 0x00020000, ABSOLUTE)

    Base Addr    Size         Type   Attr      Idx    E Section Name        Object

    0x20000000   0x00000014   Data   RW           15    .data               system_stm32f4xx.o
    0x20000014   0x00000010   Data   RW          817    .data               stm32f4xx_rcc.o
    0x20000024   0x00000010   Data   RW         2280    .data               pid05.o
    0x20000034   0x00000028   Data   RW         2391    .data               luanvan3-05vs2.o
    0x2000005c   0x00000001   Data   RW         2394    .data               luanvan3-05vs2.o
    0x2000005d   0x00000003   PAD
    0x20000060   0x00000004   Data   RW         2888    .data               mc_w.l(errno.o)
    0x20000064   0x000001c0   Zero   RW         2279    .bss                pid05.o
    0x20000224   0x00000264   Zero   RW         2390    .bss                luanvan3-05vs2.o
    0x20000488   0x00006000   Zero   RW            1    STACK               startup_stm32f4xx.o


==============================================================================

Image component sizes


      Code (inc. data)   RO Data    RW Data    ZI Data      Debug   Object Name

      1972        130          0         41        612      32471   luanvan3-05vs2.o
       120         18          0          0          0      15779   misc.o
      1208         72          0          0          0       8596   peripheral05.o
      4236        406          0         16        448      11892   pid05.o
        36          8        392          0      24576        828   startup_stm32f4xx.o
       624         64          0          0          0      18512   stm32f4xx_dma.o
       144          8          0          0          0       3807   stm32f4xx_exti.o
       212          0          0          0          0       8858   stm32f4xx_gpio.o
       244         40          0         16          0      17444   stm32f4xx_rcc.o
        40          6          0          0          0        576   stm32f4xx_syscfg.o
       672         60          0          0          0      27495   stm32f4xx_tim.o
       220         10          0          0          0       8280   stm32f4xx_usart.o
       280         36          0         20          0     261501   system_stm32f4xx.o

    ----------------------------------------------------------------------
     10018        858        424         96      25636     416039   Object Totals
         0          0         32          0          0          0   (incl. Generated)
        10          0          0          3          0          0   (incl. Padding)

    ----------------------------------------------------------------------

      Code (inc. data)   RO Data    RW Data    ZI Data      Debug   Library Member Name

        56         12          0          0          0        132   atof.o
        32          8          0          0          0        124   dunder.o
        32          0          0          0          0        124   fabs.o
        48          0          0          0          0        124   fpclassify.o
       248          0          0          0          0        152   poly.o
      3216        310        136          0          0        216   pow.o
         0          0          8          0          0          0   qnan.o
       110          0          0          0          0        148   sqrt.o
        64          0          0          0          0         84   _sgetc.o
        40          6         64          0          0         68   ctype_c.o
         0          0          0          0          0          0   entry.o
         0          0          0          0          0          0   entry10a.o
         0          0          0          0          0          0   entry11a.o
         8          4          0          0          0          0   entry2.o
         4          0          0          0          0          0   entry5.o
         0          0          0          0          0          0   entry7b.o
         0          0          0          0          0          0   entry8b.o
         8          4          0          0          0          0   entry9a.o
        24         12          0          4          0        136   errno.o
        30          0          0          0          0          0   handlers.o
        36          8          0          0          0         68   init.o
        10          0          0          0          0         68   isspace_c.o
         0          0          0          0          0          0   iusefp.o
        30          0          0          0          0         68   llshl.o
        36          0          0          0          0         68   llsshr.o
        32          0          0          0          0         68   llushr.o
       842         12          0          0          0        216   scanf_fp.o
        24          0          0          0          0         76   strncpy.o
       156         14          0          0          0        120   strtod.o
        40          2          0          0          0         68   cdrcmple.o
        56          0          0          0          0         88   d2f.o
       334          0          0          0          0        148   dadd.o
       222          0          0          0          0        100   ddiv.o
       190          0          0          0          0        176   depilogue.o
        62          0          0          0          0         80   dfixi.o
        50          0          0          0          0         76   dfixui.o
        34          0          0          0          0         76   dflti.o
        24          0          0          0          0         76   dfltul.o
       228          0          0          0          0         96   dmul.o
        46          0          0          0          0         80   dscalb.o
       162          0          0          0          0        100   dsqrt.o
        38          0          0          0          0         68   f2d.o
       108          0          0          0          0        168   fepilogue.o

    ----------------------------------------------------------------------
      6694        392        208          4          0       3460   Library Totals
        14          0          0          0          0          0   (incl. Padding)

    ----------------------------------------------------------------------

      Code (inc. data)   RO Data    RW Data    ZI Data      Debug   Library Name

      3742        330        144          0          0       1020   m_wm.l
      1344         60         64          4          0       1040   mc_w.l
      1594          2          0          0          0       1400   mf_w.l

    ----------------------------------------------------------------------
      6694        392        208          4          0       3460   Library Totals

    ----------------------------------------------------------------------

==============================================================================


      Code (inc. data)   RO Data    RW Data    ZI Data      Debug   

     16712       1250        632        100      25636     411403   Grand Totals
     16712       1250        632        100      25636     411403   ELF Image Totals
     16712       1250        632        100          0          0   ROM Totals

==============================================================================

    Total RO  Size (Code + RO Data)                17344 (  16.94kB)
    Total RW  Size (RW Data + ZI Data)             25736 (  25.13kB)
    Total ROM Size (Code + RO Data + RW Data)      17444 (  17.04kB)

==============================================================================

