<html>
<body>
<pre>
<h1>µVision Build Log</h1>
<h2>Project:</h2>
C:\Users\PNhan\Desktop\may bay\MDK-ARM\crc.uvproj
Project File Date:  07/10/2014

<h2>Output:</h2>
Build target 'CRC'
linking...
Program Size: Code=3668 RO-data=424 RW-data=152 ZI-data=39960  
".\Project\crc.axf" - 0 Error(s), 0 Warning(s).
</pre>
</body>
</html>
piling stm32f4xx_crc.c...
compiling stm32f4xx_cryp.c...
compiling stm32f4xx_cryp_aes.c...
compiling stm32f4xx_cryp_des.c...
compiling stm32f4xx_cryp_tdes.c...
compiling stm32f4xx_dac.c...
compiling stm32f4xx_dbgmcu.c...
compiling stm32f4xx_dcmi.c...
compiling stm32f4xx_dma.c...
compiling stm32f4xx_exti.c...
compiling stm32f4xx_flash.c...
compiling stm32f4xx_fsmc.c...
compiling stm32f4xx_gpio.c...
compiling stm32f4xx_hash.c...
compiling stm32f4xx_hash_md5.c...
compiling stm32f4xx_hash_sha1.c...
compiling stm32f4xx_i2c.c...
compiling stm32f4xx_iwdg.c...
compiling stm32f4xx_pwr.c...
compiling stm32f4xx_rcc.c...
compiling stm32f4xx_rng.c...
compiling stm32f4xx_rtc.c...
compiling stm32f4xx_sdio.c...
compiling stm32f4xx_spi.c...
compiling stm32f4xx_syscfg.c...
compiling stm32f4xx_tim.c...
compiling stm32f4xx_usart.c...
compiling stm32f4xx_wwdg.c...
compiling luanvan.c...
..\file.h\gpioconfig.h(6): warning:  #1295-D: Deprecated declaration gpioconfigure - give arg types
  void gpioconfigure ();
..\file.h\crc.h(5): warning:  #1-D: last line of file ends without a newline
  #endif
..\file.h\send.h(6): warning:  #1-D: last line of file ends without a newline
  #endif
..\file.h\luanvan.h(11): warning:  #1-D: last line of file ends without a newline
  #endif
..\luanvan.c(249): warning:  #1295-D: Deprecated declaration SysTick_Handler - give arg types
  void SysTick_Handler();
..\luanvan.c: 5 warnings, 0 errors
compiling crc.c...
..\file.h\crc.h(5): warning:  #1-D: last line of file ends without a newline
  #endif
..\file.c\crc.c(31): warning:  #1-D: last line of file ends without a newline
  }
..\file.c\crc.c: 2 warnings, 0 errors
compiling dma.c...
..\file.c\dma.c(73): warning:  #1-D: last line of file ends without a newline
  }
..\file.c\dma.c: 1 warning, 0 errors
compiling gpioconfig.c...
..\file.h\gpioconfig.h(6): warning:  #1295-D: Deprecated declaration gpioconfigure - give arg types
  void gpioconfigure ();
..\file.c\gpioconfig.c(37): warning:  #1-D: last line of file ends without a newline
        
..\file.c\gpioconfig.c: 2 warnings, 0 errors
compiling send.c...
..\file.h\send.h(6): warning:  #1-D: last line of file ends without a newline
  #endif
..\file.c\send.c(12): warning:  #1-D: last line of file ends without a newline
  }
..\file.c\send.c: 2 warnings, 0 errors
compiling uart.c...
..\file.c\uart.c(31): warning:  #1-D: last line of file ends without a newline
  }
..\file.c\uart.c: 1 warning, 0 errors
compiling vaongatktra.c...
..\file.c\vaongatktra.c(26): warning:  #1-D: last line of file ends without a newline
   
..\file.c\vaongatktra.c: 1 warning, 0 errors
linking...
Program Size: Code=3668 RO-data=424 RW-data=152 ZI-data=39960  
".\Project\crc.axf" - 0 Error(s), 14 Warning(s).
